stm32g4xx_hal_msp.c:66:6:HAL_MspInit	16	static
stm32g4xx_hal_msp.c:96:6:HAL_ADC_MspInit	64	static
stm32g4xx_hal_msp.c:172:6:HAL_ADC_MspDeInit	8	static
stm32g4xx_hal_msp.c:249:6:HAL_CORDIC_MspInit	8	static
stm32g4xx_hal_msp.c:271:6:HAL_CORDIC_MspDeInit	0	static
stm32g4xx_hal_msp.c:293:6:HAL_SPI_MspInit	48	static
stm32g4xx_hal_msp.c:330:6:HAL_SPI_MspDeInit	0	static
stm32g4xx_hal_msp.c:360:6:HAL_TIM_Base_MspInit	8	static
stm32g4xx_hal_msp.c:382:6:HAL_TIM_Encoder_MspInit	48	static
stm32g4xx_hal_msp.c:412:6:HAL_TIM_MspPostInit	48	static
stm32g4xx_hal_msp.c:457:6:HAL_TIM_Base_MspDeInit	8	static
stm32g4xx_hal_msp.c:483:6:HAL_TIM_Encoder_MspDeInit	8	static
stm32g4xx_hal_msp.c:514:6:HAL_UART_MspInit	48	static
stm32g4xx_hal_msp.c:550:6:HAL_UART_MspDeInit	8	static
