Archive member included to satisfy reference by file (symbol)

../../MCSDK_v5.4.7/MotorControl/lib\libmc-gcc_M4_NoCCMRAM.lib(revup_ctrl.o)
                              ./Application/User/user_interface.o (RUC_SetPhaseDurationms)
c:/st/stm32cubeide_1.7.0/stm32cubeide/plugins/com.st.stm32cube.ide.mcu.externaltools.gnu-tools-for-stm32.9-2020-q2-update.win32_2.0.0.202105311346/tools/bin/../lib/gcc/arm-none-eabi/9.3.1/../../../../arm-none-eabi/lib/thumb/v7e-m+fp/hard\libc_nano.a(lib_a-errno.o)
                              ./Application/User/syscalls.o (__errno)
c:/st/stm32cubeide_1.7.0/stm32cubeide/plugins/com.st.stm32cube.ide.mcu.externaltools.gnu-tools-for-stm32.9-2020-q2-update.win32_2.0.0.202105311346/tools/bin/../lib/gcc/arm-none-eabi/9.3.1/../../../../arm-none-eabi/lib/thumb/v7e-m+fp/hard\libc_nano.a(lib_a-exit.o)
                              c:/st/stm32cubeide_1.7.0/stm32cubeide/plugins/com.st.stm32cube.ide.mcu.externaltools.gnu-tools-for-stm32.9-2020-q2-update.win32_2.0.0.202105311346/tools/bin/../lib/gcc/arm-none-eabi/9.3.1/../../../../arm-none-eabi/lib/thumb/v7e-m+fp/hard/crt0.o (exit)
c:/st/stm32cubeide_1.7.0/stm32cubeide/plugins/com.st.stm32cube.ide.mcu.externaltools.gnu-tools-for-stm32.9-2020-q2-update.win32_2.0.0.202105311346/tools/bin/../lib/gcc/arm-none-eabi/9.3.1/../../../../arm-none-eabi/lib/thumb/v7e-m+fp/hard\libc_nano.a(lib_a-impure.o)
                              c:/st/stm32cubeide_1.7.0/stm32cubeide/plugins/com.st.stm32cube.ide.mcu.externaltools.gnu-tools-for-stm32.9-2020-q2-update.win32_2.0.0.202105311346/tools/bin/../lib/gcc/arm-none-eabi/9.3.1/../../../../arm-none-eabi/lib/thumb/v7e-m+fp/hard\libc_nano.a(lib_a-exit.o) (_global_impure_ptr)
c:/st/stm32cubeide_1.7.0/stm32cubeide/plugins/com.st.stm32cube.ide.mcu.externaltools.gnu-tools-for-stm32.9-2020-q2-update.win32_2.0.0.202105311346/tools/bin/../lib/gcc/arm-none-eabi/9.3.1/../../../../arm-none-eabi/lib/thumb/v7e-m+fp/hard\libc_nano.a(lib_a-init.o)
                              c:/st/stm32cubeide_1.7.0/stm32cubeide/plugins/com.st.stm32cube.ide.mcu.externaltools.gnu-tools-for-stm32.9-2020-q2-update.win32_2.0.0.202105311346/tools/bin/../lib/gcc/arm-none-eabi/9.3.1/../../../../arm-none-eabi/lib/thumb/v7e-m+fp/hard/crt0.o (__libc_init_array)
c:/st/stm32cubeide_1.7.0/stm32cubeide/plugins/com.st.stm32cube.ide.mcu.externaltools.gnu-tools-for-stm32.9-2020-q2-update.win32_2.0.0.202105311346/tools/bin/../lib/gcc/arm-none-eabi/9.3.1/../../../../arm-none-eabi/lib/thumb/v7e-m+fp/hard\libc_nano.a(lib_a-memset.o)
                              c:/st/stm32cubeide_1.7.0/stm32cubeide/plugins/com.st.stm32cube.ide.mcu.externaltools.gnu-tools-for-stm32.9-2020-q2-update.win32_2.0.0.202105311346/tools/bin/../lib/gcc/arm-none-eabi/9.3.1/../../../../arm-none-eabi/lib/thumb/v7e-m+fp/hard/crt0.o (memset)
c:/st/stm32cubeide_1.7.0/stm32cubeide/plugins/com.st.stm32cube.ide.mcu.externaltools.gnu-tools-for-stm32.9-2020-q2-update.win32_2.0.0.202105311346/tools/bin/../lib/gcc/arm-none-eabi/9.3.1/../../../../arm-none-eabi/lib/thumb/v7e-m+fp/hard\libm.a(lib_a-w_fmod.o)
                              ./Application/User/main.o (fmod)
c:/st/stm32cubeide_1.7.0/stm32cubeide/plugins/com.st.stm32cube.ide.mcu.externaltools.gnu-tools-for-stm32.9-2020-q2-update.win32_2.0.0.202105311346/tools/bin/../lib/gcc/arm-none-eabi/9.3.1/../../../../arm-none-eabi/lib/thumb/v7e-m+fp/hard\libm.a(lib_a-e_fmod.o)
                              c:/st/stm32cubeide_1.7.0/stm32cubeide/plugins/com.st.stm32cube.ide.mcu.externaltools.gnu-tools-for-stm32.9-2020-q2-update.win32_2.0.0.202105311346/tools/bin/../lib/gcc/arm-none-eabi/9.3.1/../../../../arm-none-eabi/lib/thumb/v7e-m+fp/hard\libm.a(lib_a-w_fmod.o) (__ieee754_fmod)
c:/st/stm32cubeide_1.7.0/stm32cubeide/plugins/com.st.stm32cube.ide.mcu.externaltools.gnu-tools-for-stm32.9-2020-q2-update.win32_2.0.0.202105311346/tools/bin/../lib/gcc/arm-none-eabi/9.3.1/../../../../arm-none-eabi/lib/thumb/v7e-m+fp/hard\libm.a(lib_a-s_lib_ver.o)
                              c:/st/stm32cubeide_1.7.0/stm32cubeide/plugins/com.st.stm32cube.ide.mcu.externaltools.gnu-tools-for-stm32.9-2020-q2-update.win32_2.0.0.202105311346/tools/bin/../lib/gcc/arm-none-eabi/9.3.1/../../../../arm-none-eabi/lib/thumb/v7e-m+fp/hard\libm.a(lib_a-w_fmod.o) (__fdlib_version)
c:/st/stm32cubeide_1.7.0/stm32cubeide/plugins/com.st.stm32cube.ide.mcu.externaltools.gnu-tools-for-stm32.9-2020-q2-update.win32_2.0.0.202105311346/tools/bin/../lib/gcc/arm-none-eabi/9.3.1/thumb/v7e-m+fp/hard\libgcc.a(_arm_muldf3.o)
                              ./Application/User/main.o (__aeabi_dmul)
c:/st/stm32cubeide_1.7.0/stm32cubeide/plugins/com.st.stm32cube.ide.mcu.externaltools.gnu-tools-for-stm32.9-2020-q2-update.win32_2.0.0.202105311346/tools/bin/../lib/gcc/arm-none-eabi/9.3.1/thumb/v7e-m+fp/hard\libgcc.a(_arm_addsubdf3.o)
                              ./Application/User/main.o (__aeabi_dsub)
[...]
Memory Configuration

Name             Origin             Length             Attributes
RAM              0x0000000020000000 0x0000000000008000 xrw
FLASH            0x0000000008000000 0x0000000000020000 xr
*default*        0x0000000000000000 0xffffffffffffffff

Linker script and memory map

LOAD c:/st/stm32cubeide_1.7.0/stm32cubeide/plugins/com.st.stm32cube.ide.mcu.externaltools.gnu-tools-for-stm32.9-2020-q2-update.win32_2.0.0.202105311346/tools/bin/../lib/gcc/arm-none-eabi/9.3.1/thumb/v7e-m+fp/hard/crti.o
LOAD c:/st/stm32cubeide_1.7.0/stm32cubeide/plugins/com.st.stm32cube.ide.mcu.externaltools.gnu-tools-for-stm32.9-2020-q2-update.win32_2.0.0.202105311346/tools/bin/../lib/gcc/arm-none-eabi/9.3.1/thumb/v7e-m+fp/hard/crtbegin.o
LOAD c:/st/stm32cubeide_1.7.0/stm32cubeide/plugins/com.st.stm32cube.ide.mcu.externaltools.gnu-tools-for-stm32.9-2020-q2-update.win32_2.0.0.202105311346/tools/bin/../lib/gcc/arm-none-eabi/9.3.1/../../../../arm-none-eabi/lib/thumb/v7e-m+fp/hard/crt0.o
LOAD ./Application/Startup/startup_stm32g431cbux.o
LOAD ./Application/User/main.o
LOAD ./Application/User/mc_api.o
LOAD ./Application/User/mc_config.o
LOAD ./Application/User/mc_interface.o
LOAD ./Application/User/mc_math.o
LOAD ./Application/User/mc_parameters.o
LOAD ./Application/User/mc_tasks.o
LOAD ./Application/User/motor_control_protocol.o
LOAD ./Application/User/motorcontrol.o
LOAD ./Application/User/regular_conversion_manager.o
LOAD ./Application/User/stm32g4xx_hal_msp.o
LOAD ./Application/User/stm32g4xx_it.o
LOAD ./Application/User/stm32g4xx_mc_it.o
LOAD ./Application/User/syscalls.o
LOAD ./Application/User/sysmem.o
LOAD ./Application/User/ui_task.o
LOAD ./Application/User/user_interface.o
LOAD ./Drivers/CMSIS/system_stm32g4xx.o
LOAD ./Drivers/STM32G4xx_HAL_Driver/stm32g4xx_hal.o
LOAD ./Drivers/STM32G4xx_HAL_Driver/stm32g4xx_hal_adc.o
LOAD ./Drivers/STM32G4xx_HAL_Driver/stm32g4xx_hal_adc_ex.o
LOAD ./Drivers/STM32G4xx_HAL_Driver/stm32g4xx_hal_cordic.o
LOAD ./Drivers/STM32G4xx_HAL_Driver/stm32g4xx_hal_cortex.o
LOAD ./Drivers/STM32G4xx_HAL_Driver/stm32g4xx_hal_dma.o
LOAD ./Drivers/STM32G4xx_HAL_Driver/stm32g4xx_hal_dma_ex.o
LOAD ./Drivers/STM32G4xx_HAL_Driver/stm32g4xx_hal_exti.o
LOAD ./Drivers/STM32G4xx_HAL_Driver/stm32g4xx_hal_flash.o
LOAD ./Drivers/STM32G4xx_HAL_Driver/stm32g4xx_hal_flash_ex.o
LOAD ./Drivers/STM32G4xx_HAL_Driver/stm32g4xx_hal_flash_ramfunc.o
LOAD ./Drivers/STM32G4xx_HAL_Driver/stm32g4xx_hal_gpio.o
LOAD ./Drivers/STM32G4xx_HAL_Driver/stm32g4xx_hal_pwr.o
LOAD ./Drivers/STM32G4xx_HAL_Driver/stm32g4xx_hal_pwr_ex.o
LOAD ./Drivers/STM32G4xx_HAL_Driver/stm32g4xx_hal_rcc.o
LOAD ./Drivers/STM32G4xx_HAL_Driver/stm32g4xx_hal_rcc_ex.o
LOAD ./Drivers/STM32G4xx_HAL_Driver/stm32g4xx_hal_spi.o
LOAD ./Drivers/STM32G4xx_HAL_Driver/stm32g4xx_hal_spi_ex.o
LOAD ./Drivers/STM32G4xx_HAL_Driver/stm32g4xx_hal_tim.o
LOAD ./Drivers/STM32G4xx_HAL_Driver/stm32g4xx_hal_tim_ex.o
LOAD ./Drivers/STM32G4xx_HAL_Driver/stm32g4xx_hal_uart.o
LOAD ./Drivers/STM32G4xx_HAL_Driver/stm32g4xx_hal_uart_ex.o
LOAD ./Drivers/STM32G4xx_HAL_Driver/stm32g4xx_ll_adc.o
LOAD ./Middlewares/MotorControl/bus_voltage_sensor.o
LOAD ./Middlewares/MotorControl/circle_limitation.o
LOAD ./Middlewares/MotorControl/digital_output.o
LOAD ./Middlewares/MotorControl/enc_align_ctrl.o
LOAD ./Middlewares/MotorControl/encoder_speed_pos_fdbk.o
LOAD ./Middlewares/MotorControl/frame_communication_protocol.o
LOAD ./Middlewares/MotorControl/motor_power_measurement.o
LOAD ./Middlewares/MotorControl/ntc_temperature_sensor.o
LOAD ./Middlewares/MotorControl/open_loop.o
LOAD ./Middlewares/MotorControl/pid_regulator.o
LOAD ./Middlewares/MotorControl/pqd_motor_power_measurement.o
LOAD ./Middlewares/MotorControl/pwm_common.o
LOAD ./Middlewares/MotorControl/pwm_curr_fdbk.o
LOAD ./Middlewares/MotorControl/r3_2_g4xx_pwm_curr_fdbk.o
LOAD ./Middlewares/MotorControl/r_divider_bus_voltage_sensor.o
LOAD ./Middlewares/MotorControl/ramp_ext_mngr.o
LOAD ./Middlewares/MotorControl/speed_pos_fdbk.o
LOAD ./Middlewares/MotorControl/speed_torq_ctrl.o
LOAD ./Middlewares/MotorControl/state_machine.o
LOAD ./Middlewares/MotorControl/ui_irq_handler.o
LOAD ./Middlewares/MotorControl/usart_frame_communication_protocol.o
LOAD ./Middlewares/MotorControl/virtual_speed_sensor.o
LOAD ../../MCSDK_v5.4.7/MotorControl/lib\libmc-gcc_M4_NoCCMRAM.lib
START GROUP
LOAD c:/st/stm32cubeide_1.7.0/stm32cubeide/plugins/com.st.stm32cube.ide.mcu.externaltools.gnu-tools-for-stm32.9-2020-q2-update.win32_2.0.0.202105311346/tools/bin/../lib/gcc/arm-none-eabi/9.3.1/../../../../arm-none-eabi/lib/thumb/v7e-m+fp/hard\libc_nano.a
LOAD c:/st/stm32cubeide_1.7.0/stm32cubeide/plugins/com.st.stm32cube.ide.mcu.externaltools.gnu-tools-for-stm32.9-2020-q2-update.win32_2.0.0.202105311346/tools/bin/../lib/gcc/arm-none-eabi/9.3.1/../../../../arm-none-eabi/lib/thumb/v7e-m+fp/hard\libm.a
END GROUP
START GROUP
LOAD c:/st/stm32cubeide_1.7.0/stm32cubeide/plugins/com.st.stm32cube.ide.mcu.externaltools.gnu-tools-for-stm32.9-2020-q2-update.win32_2.0.0.202105311346/tools/bin/../lib/gcc/arm-none-eabi/9.3.1/thumb/v7e-m+fp/hard\libgcc.a
LOAD c:/st/stm32cubeide_1.7.0/stm32cubeide/plugins/com.st.stm32cube.ide.mcu.externaltools.gnu-tools-for-stm32.9-2020-q2-update.win32_2.0.0.202105311346/tools/bin/../lib/gcc/arm-none-eabi/9.3.1/../../../../arm-none-eabi/lib/thumb/v7e-m+fp/hard\libc_nano.a
END GROUP
START GROUP
LOAD c:/st/stm32cubeide_1.7.0/stm32cubeide/plugins/com.st.stm32cube.ide.mcu.externaltools.gnu-tools-for-stm32.9-2020-q2-update.win32_2.0.0.202105311346/tools/bin/../lib/gcc/arm-none-eabi/9.3.1/thumb/v7e-m+fp/hard\libgcc.a
LOAD c:/st/stm32cubeide_1.7.0/stm32cubeide/plugins/com.st.stm32cube.ide.mcu.externaltools.gnu-tools-for-stm32.9-2020-q2-update.win32_2.0.0.202105311346/tools/bin/../lib/gcc/arm-none-eabi/9.3.1/../../../../arm-none-eabi/lib/thumb/v7e-m+fp/hard\libc_nano.a
LOAD c:/st/stm32cubeide_1.7.0/stm32cubeide/plugins/com.st.stm32cube.ide.mcu.externaltools.gnu-tools-for-stm32.9-2020-q2-update.win32_2.0.0.202105311346/tools/bin/../lib/gcc/arm-none-eabi/9.3.1/../../../../arm-none-eabi/lib/thumb/v7e-m+fp/hard\libnosys.a
END GROUP
START GROUP
LOAD c:/st/stm32cubeide_1.7.0/stm32cubeide/plugins/com.st.stm32cube.ide.mcu.externaltools.gnu-tools-for-stm32.9-2020-q2-update.win32_2.0.0.202105311346/tools/bin/../lib/gcc/arm-none-eabi/9.3.1/thumb/v7e-m+fp/hard\libgcc.a
LOAD c:/st/stm32cubeide_1.7.0/stm32cubeide/plugins/com.st.stm32cube.ide.mcu.externaltools.gnu-tools-for-stm32.9-2020-q2-update.win32_2.0.0.202105311346/tools/bin/../lib/gcc/arm-none-eabi/9.3.1/../../../../arm-none-eabi/lib/thumb/v7e-m+fp/hard\libc_nano.a
LOAD c:/st/stm32cubeide_1.7.0/stm32cubeide/plugins/com.st.stm32cube.ide.mcu.externaltools.gnu-tools-for-stm32.9-2020-q2-update.win32_2.0.0.202105311346/tools/bin/../lib/gcc/arm-none-eabi/9.3.1/../../../../arm-none-eabi/lib/thumb/v7e-m+fp/hard\libnosys.a
END GROUP
LOAD c:/st/stm32cubeide_1.7.0/stm32cubeide/plugins/com.st.stm32cube.ide.mcu.externaltools.gnu-tools-for-stm32.9-2020-q2-update.win32_2.0.0.202105311346/tools/bin/../lib/gcc/arm-none-eabi/9.3.1/thumb/v7e-m+fp/hard/crtend.o
LOAD c:/st/stm32cubeide_1.7.0/stm32cubeide/plugins/com.st.stm32cube.ide.mcu.externaltools.gnu-tools-for-stm32.9-2020-q2-update.win32_2.0.0.202105311346/tools/bin/../lib/gcc/arm-none-eabi/9.3.1/thumb/v7e-m+fp/hard/crtn.o
                0x0000000020008000                _estack = (ORIGIN (RAM) + LENGTH (RAM))
                0x0000000000000200                _Min_Heap_Size = 0x200
                0x0000000000000400                _Min_Stack_Size = 0x400

.isr_vector     0x0000000008000000      0x1d8
                0x0000000008000000                . = ALIGN (0x4)
 *(.isr_vector)
 .isr_vector    0x0000000008000000      0x1d8 ./Application/Startup/startup_stm32g431cbux.o
                0x0000000008000000                g_pfnVectors
                0x00000000080001d8                . = ALIGN (0x4)

.text           0x00000000080001d8     0x8e8c
                0x00000000080001d8                . = ALIGN (0x4)
 *(.text)
 .text          0x00000000080001d8       0x40 c:/st/stm32cubeide_1.7.0/stm32cubeide/plugins/com.st.stm32cube.ide.mcu.externaltools.gnu-tools-for-stm32.9-2020-q2-update.win32_2.0.0.202105311346/tools/bin/../lib/gcc/arm-none-eabi/9.3.1/thumb/v7e-m+fp/hard/crtbegin.o
 .text          0x0000000008000218      0x378 c:/st/stm32cubeide_1.7.0/stm32cubeide/plugins/com.st.stm32cube.ide.mcu.externaltools.gnu-tools-for-stm32.9-2020-q2-update.win32_2.0.0.202105311346/tools/bin/../lib/gcc/arm-none-eabi/9.3.1/thumb/v7e-m+fp/hard\libgcc.a(_arm_addsubdf3.o)
                0x0000000008000218                __aeabi_drsub
                0x0000000008000220                __aeabi_dsub
                0x0000000008000220                __subdf3
                0x0000000008000224                __aeabi_dadd
                0x0000000008000224                __adddf3
                0x000000000800049c                __floatunsidf
                0x000000000800049c                __aeabi_ui2d
                0x00000000080004bc                __floatsidf
                0x00000000080004bc                __aeabi_i2d
                0x00000000080004e0                __aeabi_f2d
                0x00000000080004e0                __extendsfdf2
                0x0000000008000524                __floatundidf
                0x0000000008000524                __aeabi_ul2d
                0x0000000008000534                __floatdidf
                0x0000000008000534                __aeabi_l2d
 .text          0x0000000008000590      0x424 c:/st/stm32cubeide_1.7.0/stm32cubeide/plugins/com.st.stm32cube.ide.mcu.externaltools.gnu-tools-for-stm32.9-2020-q2-update.win32_2.0.0.202105311346/tools/bin/../lib/gcc/arm-none-eabi/9.3.1/thumb/v7e-m+fp/hard\libgcc.a(_arm_muldivdf3.o)
                0x0000000008000590                __aeabi_dmul
                0x0000000008000590                __muldf3
                0x00000000080007e4                __divdf3
                0x00000000080007e4                __aeabi_ddiv
 .text          0x00000000080009b4      0x110 c:/st/stm32cubeide_1.7.0/stm32cubeide/plugins/com.st.stm32cube.ide.mcu.externaltools.gnu-tools-for-stm32.9-2020-q2-update.win32_2.0.0.202105311346/tools/bin/../lib/gcc/arm-none-eabi/9.3.1/thumb/v7e-m+fp/hard\libgcc.a(_arm_cmpdf2.o)
                0x00000000080009b4                __gtdf2
                0x00000000080009b4                __gedf2
                0x00000000080009bc                __ltdf2
                0x00000000080009bc                __ledf2
                0x00000000080009c4                __nedf2
                0x00000000080009c4                __eqdf2
                0x00000000080009c4                __cmpdf2
                0x0000000008000a40                __aeabi_cdrcmple
                0x0000000008000a50                __aeabi_cdcmpeq
                0x0000000008000a50                __aeabi_cdcmple
                0x0000000008000a60                __aeabi_dcmpeq
                0x0000000008000a74                __aeabi_dcmplt
                0x0000000008000a88                __aeabi_dcmple
                0x0000000008000a9c                __aeabi_dcmpge
                0x0000000008000ab0                __aeabi_dcmpgt
 .text          0x0000000008000ac4       0x2c c:/st/stm32cubeide_1.7.0/stm32cubeide/plugins/com.st.stm32cube.ide.mcu.externaltools.gnu-tools-for-stm32.9-2020-q2-update.win32_2.0.0.202105311346/tools/bin/../lib/gcc/arm-none-eabi/9.3.1/thumb/v7e-m+fp/hard\libgcc.a(_arm_unorddf2.o)
                0x0000000008000ac4                __unorddf2
                0x0000000008000ac4                __aeabi_dcmpun
 .text          0x0000000008000af0       0xa0 c:/st/stm32cubeide_1.7.0/stm32cubeide/plugins/com.st.stm32cube.ide.mcu.externaltools.gnu-tools-for-stm32.9-2020-q2-update.win32_2.0.0.202105311346/tools/bin/../lib/gcc/arm-none-eabi/9.3.1/thumb/v7e-m+fp/hard\libgcc.a(_arm_truncdfsf2.o)
                0x0000000008000af0                __truncdfsf2
                0x0000000008000af0                __aeabi_d2f
 .text          0x0000000008000b90       0x30 c:/st/stm32cubeide_1.7.0/stm32cubeide/plugins/com.st.stm32cube.ide.mcu.externaltools.gnu-tools-for-stm32.9-2020-q2-update.win32_2.0.0.202105311346/tools/bin/../lib/gcc/arm-none-eabi/9.3.1/thumb/v7e-m+fp/hard\libgcc.a(_aeabi_uldivmod.o)
                0x0000000008000b90                __aeabi_uldivmod
 .text          0x0000000008000bc0      0x2c4 c:/st/stm32cubeide_1.7.0/stm32cubeide/plugins/com.st.stm32cube.ide.mcu.externaltools.gnu-tools-for-stm32.9-2020-q2-update.win32_2.0.0.202105311346/tools/bin/../lib/gcc/arm-none-eabi/9.3.1/thumb/v7e-m+fp/hard\libgcc.a(_udivmoddi4.o)
                0x0000000008000bc0                __udivmoddi4
 .text          0x0000000008000e84        0x4 c:/st/stm32cubeide_1.7.0/stm32cubeide/plugins/com.st.stm32cube.ide.mcu.externaltools.gnu-tools-for-stm32.9-2020-q2-update.win32_2.0.0.202105311346/tools/bin/../lib/gcc/arm-none-eabi/9.3.1/thumb/v7e-m+fp/hard\libgcc.a(_dvmd_tls.o)
                0x0000000008000e84                __aeabi_idiv0
                0x0000000008000e84                __aeabi_ldiv0
 *(.text*)
 .text.Reset_Handler
                0x0000000008000e88       0x50 ./Application/Startup/startup_stm32g431cbux.o
                0x0000000008000e88                Reset_Handler
 .text.Default_Handler
                0x0000000008000ed8        0x2 ./Application/Startup/startup_stm32g431cbux.o
                0x0000000008000ed8                RTC_Alarm_IRQHandler
                0x0000000008000ed8                EXTI2_IRQHandler
                0x0000000008000ed8                TIM8_TRG_COM_IRQHandler
                0x0000000008000ed8                TIM8_CC_IRQHandler
                0x0000000008000ed8                DebugMon_Handler
                0x0000000008000ed8                TIM1_CC_IRQHandler
                0x0000000008000ed8                USB_HP_IRQHandler
                0x0000000008000ed8                CORDIC_IRQHandler
                0x0000000008000ed8                PendSV_Handler
                0x0000000008000ed8                NMI_Handler
                0x0000000008000ed8                EXTI3_IRQHandler
                0x0000000008000ed8                I2C3_ER_IRQHandler
                0x0000000008000ed8                EXTI0_IRQHandler
                0x0000000008000ed8                I2C2_EV_IRQHandler
                0x0000000008000ed8                FPU_IRQHandler
                0x0000000008000ed8                FDCAN1_IT1_IRQHandler
                0x0000000008000ed8                UsageFault_Handler
                0x0000000008000ed8                SPI1_IRQHandler
                0x0000000008000ed8                TIM6_DAC_IRQHandler
                0x0000000008000ed8                TIM8_UP_IRQHandler
                0x0000000008000ed8                DMA2_Channel2_IRQHandler
                0x0000000008000ed8                DMA1_Channel4_IRQHandler
                0x0000000008000ed8                USART3_IRQHandler
                0x0000000008000ed8                DMA2_Channel1_IRQHandler
                0x0000000008000ed8                I2C1_EV_IRQHandler
                0x0000000008000ed8                DMA1_Channel6_IRQHandler
                0x0000000008000ed8                UART4_IRQHandler
                0x0000000008000ed8                DMA2_Channel4_IRQHandler
                0x0000000008000ed8                TIM3_IRQHandler
                0x0000000008000ed8                RCC_IRQHandler
                0x0000000008000ed8                DMA1_Channel1_IRQHandler
                0x0000000008000ed8                Default_Handler
                0x0000000008000ed8                RTC_TAMP_LSECSS_IRQHandler
                0x0000000008000ed8                FMAC_IRQHandler
                0x0000000008000ed8                EXTI15_10_IRQHandler
                0x0000000008000ed8                TIM7_IRQHandler
                0x0000000008000ed8                UCPD1_IRQHandler
                0x0000000008000ed8                I2C3_EV_IRQHandler
                0x0000000008000ed8                EXTI9_5_IRQHandler
                0x0000000008000ed8                RTC_WKUP_IRQHandler
                0x0000000008000ed8                PVD_PVM_IRQHandler
                0x0000000008000ed8                SPI2_IRQHandler
                0x0000000008000ed8                MemManage_Handler
                0x0000000008000ed8                SVC_Handler
                0x0000000008000ed8                DMA2_Channel5_IRQHandler
                0x0000000008000ed8                CRS_IRQHandler
                0x0000000008000ed8                DMA1_Channel5_IRQHandler
                0x0000000008000ed8                USB_LP_IRQHandler
                0x0000000008000ed8                EXTI4_IRQHandler
                0x0000000008000ed8                RNG_IRQHandler
                0x0000000008000ed8                TIM1_TRG_COM_TIM17_IRQHandler
                0x0000000008000ed8                DMA1_Channel3_IRQHandler
                0x0000000008000ed8                WWDG_IRQHandler
                0x0000000008000ed8                LPUART1_IRQHandler
                0x0000000008000ed8                DMA2_Channel6_IRQHandler
                0x0000000008000ed8                FDCAN1_IT0_IRQHandler
                0x0000000008000ed8                TIM2_IRQHandler
                0x0000000008000ed8                COMP1_2_3_IRQHandler
                0x0000000008000ed8                EXTI1_IRQHandler
                0x0000000008000ed8                I2C2_ER_IRQHandler
                0x0000000008000ed8                DMA1_Channel2_IRQHandler
                0x0000000008000ed8                TIM8_BRK_IRQHandler
                0x0000000008000ed8                FLASH_IRQHandler
                0x0000000008000ed8                BusFault_Handler
                0x0000000008000ed8                USART1_IRQHandler
                0x0000000008000ed8                SPI3_IRQHandler
                0x0000000008000ed8                I2C1_ER_IRQHandler
                0x0000000008000ed8                LPTIM1_IRQHandler
                0x0000000008000ed8                DMAMUX_OVR_IRQHandler
                0x0000000008000ed8                USBWakeUp_IRQHandler
                0x0000000008000ed8                SAI1_IRQHandler
                0x0000000008000ed8                DMA2_Channel3_IRQHandler
                0x0000000008000ed8                COMP4_IRQHandler
 *fill*         0x0000000008000eda        0x2 
 .text.SystemClock_Config
                0x0000000008000edc       0x9c ./Application/User/main.o
                0x0000000008000edc                SystemClock_Config
 .text.startup.main
                0x0000000008000f78      0x730 ./Application/User/main.o
                0x0000000008000f78                main
 .text.R3_2_GetPhaseCurrents
                0x00000000080016a8      0x16c ./Application/User/main.o
                0x00000000080016a8                R3_2_GetPhaseCurrents
 .text.MC_StartMotor1
                0x0000000008001814        0xc ./Application/User/mc_api.o
                0x0000000008001814                MC_StartMotor1
 .text.MC_ProgramSpeedRampMotor1
                0x0000000008001820       0x10 ./Application/User/mc_api.o
                0x0000000008001820                MC_ProgramSpeedRampMotor1
 .text.MC_GetPhaseCurrentAmplitudeMotor1
                0x0000000008001830        0xc ./Application/User/mc_api.o
                0x0000000008001830                MC_GetPhaseCurrentAmplitudeMotor1
 .text.MC_GetOccurredFaultsMotor1
                0x000000000800183c        0xc ./Application/User/mc_api.o
                0x000000000800183c                MC_GetOccurredFaultsMotor1
 .text.MC_GetCurrentFaultsMotor1
                0x0000000008001848        0xc ./Application/User/mc_api.o
                0x0000000008001848                MC_GetCurrentFaultsMotor1
 .text.MC_GetSTMStateMotor1
                0x0000000008001854        0xc ./Application/User/mc_api.o
                0x0000000008001854                MC_GetSTMStateMotor1
 .text.MCI_Init
                0x0000000008001860       0x1c ./Application/User/mc_interface.o
                0x0000000008001860                MCI_Init
 .text.MCI_ExecSpeedRamp
                0x000000000800187c       0x18 ./Application/User/mc_interface.o
                0x000000000800187c                MCI_ExecSpeedRamp
 .text.MCI_ExecTorqueRamp
                0x0000000008001894       0x14 ./Application/User/mc_interface.o
                0x0000000008001894                MCI_ExecTorqueRamp
 .text.MCI_SetCurrentReferences
                0x00000000080018a8       0x14 ./Application/User/mc_interface.o
                0x00000000080018a8                MCI_SetCurrentReferences
 .text.MCI_StartMotor
                0x00000000080018bc       0x14 ./Application/User/mc_interface.o
                0x00000000080018bc                MCI_StartMotor
 .text.MCI_StopMotor
                0x00000000080018d0        0x8 ./Application/User/mc_interface.o
                0x00000000080018d0                MCI_StopMotor
 .text.MCI_FaultAcknowledged
                0x00000000080018d8        0x8 ./Application/User/mc_interface.o
                0x00000000080018d8                MCI_FaultAcknowledged
 .text.MCI_EncoderAlign
                0x00000000080018e0        0x8 ./Application/User/mc_interface.o
                0x00000000080018e0                MCI_EncoderAlign
 .text.MCI_ExecBufferedCommands
                0x00000000080018e8       0x78 ./Application/User/mc_interface.o
                0x00000000080018e8                MCI_ExecBufferedCommands
 .text.MCI_GetSTMState
                0x0000000008001960        0x8 ./Application/User/mc_interface.o
                0x0000000008001960                MCI_GetSTMState
 .text.MCI_GetOccurredFaults
                0x0000000008001968        0xc ./Application/User/mc_interface.o
                0x0000000008001968                MCI_GetOccurredFaults
 .text.MCI_GetCurrentFaults
                0x0000000008001974        0xc ./Application/User/mc_interface.o
                0x0000000008001974                MCI_GetCurrentFaults
 .text.MCI_GetControlMode
                0x0000000008001980        0x4 ./Application/User/mc_interface.o
                0x0000000008001980                MCI_GetControlMode
 .text.MCI_GetLastRampFinalSpeed
                0x0000000008001984       0x10 ./Application/User/mc_interface.o
                0x0000000008001984                MCI_GetLastRampFinalSpeed
 .text.MCI_StopRamp
                0x0000000008001994        0x8 ./Application/User/mc_interface.o
                0x0000000008001994                MCI_StopRamp
 .text.MCI_GetAvrgMecSpeedUnit
                0x000000000800199c       0x10 ./Application/User/mc_interface.o
                0x000000000800199c                MCI_GetAvrgMecSpeedUnit
 .text.MCI_GetMecSpeedRefUnit
                0x00000000080019ac        0x8 ./Application/User/mc_interface.o
                0x00000000080019ac                MCI_GetMecSpeedRefUnit
 .text.MCI_GetIab
                0x00000000080019b4       0x1c ./Application/User/mc_interface.o
                0x00000000080019b4                MCI_GetIab
 .text.MCI_GetIalphabeta
                0x00000000080019d0       0x1c ./Application/User/mc_interface.o
                0x00000000080019d0                MCI_GetIalphabeta
 .text.MCI_GetIqd
                0x00000000080019ec       0x1c ./Application/User/mc_interface.o
                0x00000000080019ec                MCI_GetIqd
 .text.MCI_GetIqdref
                0x0000000008001a08       0x1c ./Application/User/mc_interface.o
                0x0000000008001a08                MCI_GetIqdref
 .text.MCI_GetVqd
                0x0000000008001a24       0x1c ./Application/User/mc_interface.o
                0x0000000008001a24                MCI_GetVqd
 .text.MCI_GetValphabeta
                0x0000000008001a40       0x1c ./Application/User/mc_interface.o
                0x0000000008001a40                MCI_GetValphabeta
 .text.MCI_GetTeref
                0x0000000008001a5c        0x8 ./Application/User/mc_interface.o
                0x0000000008001a5c                MCI_GetTeref
 .text.MCI_GetPhaseCurrentAmplitude
                0x0000000008001a64       0x28 ./Application/User/mc_interface.o
                0x0000000008001a64                MCI_GetPhaseCurrentAmplitude
 .text.MCI_SetIdref
                0x0000000008001a8c       0x14 ./Application/User/mc_interface.o
                0x0000000008001a8c                MCI_SetIdref
 .text.MCI_Clear_Iqdref
                0x0000000008001aa0       0x14 ./Application/User/mc_interface.o
                0x0000000008001aa0                MCI_Clear_Iqdref
 .text.MCM_Clarke
                0x0000000008001ab4       0x54 ./Application/User/mc_math.o
                0x0000000008001ab4                MCM_Clarke
 .text.MCM_Trig_Functions
                0x0000000008001b08       0x30 ./Application/User/mc_math.o
                0x0000000008001b08                MCM_Trig_Functions
 .text.MCM_Park
                0x0000000008001b38       0x84 ./Application/User/mc_math.o
                0x0000000008001b38                MCM_Park
 .text.MCM_Rev_Park
                0x0000000008001bbc       0x40 ./Application/User/mc_math.o
                0x0000000008001bbc                MCM_Rev_Park
 .text.MCM_Sqrt
                0x0000000008001bfc       0x70 ./Application/User/mc_math.o
                0x0000000008001bfc                MCM_Sqrt
 .text.FOC_Clear
                0x0000000008001c6c       0x88 ./Application/User/mc_tasks.o
                0x0000000008001c6c                FOC_Clear
 .text.MCboot   0x0000000008001cf4      0x214 ./Application/User/mc_tasks.o
                0x0000000008001cf4                MCboot
 .text.FOC_InitAdditionalMethods
                0x0000000008001f08        0x4 ./Application/User/mc_tasks.o
                0x0000000008001f08                FOC_InitAdditionalMethods
 .text.FOC_CalcCurrRef
                0x0000000008001f0c       0x2c ./Application/User/mc_tasks.o
                0x0000000008001f0c                FOC_CalcCurrRef
 .text.TSK_SetChargeBootCapDelayM1
                0x0000000008001f38        0xc ./Application/User/mc_tasks.o
                0x0000000008001f38                TSK_SetChargeBootCapDelayM1
 .text.TSK_ChargeBootCapDelayHasElapsedM1
                0x0000000008001f44       0x14 ./Application/User/mc_tasks.o
                0x0000000008001f44                TSK_ChargeBootCapDelayHasElapsedM1
 .text.TSK_SetStopPermanencyTimeM1
                0x0000000008001f58        0xc ./Application/User/mc_tasks.o
                0x0000000008001f58                TSK_SetStopPermanencyTimeM1
 .text.TSK_StopPermanencyTimeHasElapsedM1
                0x0000000008001f64       0x14 ./Application/User/mc_tasks.o
                0x0000000008001f64                TSK_StopPermanencyTimeHasElapsedM1
 .text.TSK_MediumFrequencyTaskM1
                0x0000000008001f78      0x260 ./Application/User/mc_tasks.o
                0x0000000008001f78                TSK_MediumFrequencyTaskM1
 .text.MC_Scheduler
                0x00000000080021d8       0x58 ./Application/User/mc_tasks.o
                0x00000000080021d8                MC_Scheduler
 .text.TSK_HighFrequencyTask
                0x0000000008002230       0xf0 ./Application/User/mc_tasks.o
                0x0000000008002230                TSK_HighFrequencyTask
 .text.TSK_SafetyTask_LSON
                0x0000000008002320      0x108 ./Application/User/mc_tasks.o
                0x0000000008002320                TSK_SafetyTask_LSON
 .text.TSK_SafetyTask
                0x0000000008002428       0x20 ./Application/User/mc_tasks.o
                0x0000000008002428                TSK_SafetyTask
 .text.MC_RunMotorControlTasks
                0x0000000008002448       0x20 ./Application/User/mc_tasks.o
                0x0000000008002448                MC_RunMotorControlTasks
 .text.TSK_HardwareFaultTask
                0x0000000008002468       0x20 ./Application/User/mc_tasks.o
                0x0000000008002468                TSK_HardwareFaultTask
 .text.mc_lock_pins
                0x0000000008002488      0x100 ./Application/User/mc_tasks.o
                0x0000000008002488                mc_lock_pins
 .text.MCP_ReceivedFrame
                0x0000000008002588      0x5ec ./Application/User/motor_control_protocol.o
                0x0000000008002588                MCP_ReceivedFrame
 .text.MCP_WaitNextFrame
                0x0000000008002b74       0x1c ./Application/User/motor_control_protocol.o
                0x0000000008002b74                MCP_WaitNextFrame
 .text.MCP_Init
                0x0000000008002b90       0x40 ./Application/User/motor_control_protocol.o
                0x0000000008002b90                MCP_Init
 .text.MCP_OnTimeOut
                0x0000000008002bd0        0x8 ./Application/User/motor_control_protocol.o
                0x0000000008002bd0                MCP_OnTimeOut
 .text.MCP_SentFrame
                0x0000000008002bd8        0x8 ./Application/User/motor_control_protocol.o
                0x0000000008002bd8                MCP_SentFrame
 .text.MX_MotorControl_Init
                0x0000000008002be0       0x4c ./Application/User/motorcontrol.o
                0x0000000008002be0                MX_MotorControl_Init
 .text.RCM_RegisterRegConv
                0x0000000008002c2c      0x1a8 ./Application/User/regular_conversion_manager.o
                0x0000000008002c2c                RCM_RegisterRegConv
 .text.RCM_ExecRegularConv
                0x0000000008002dd4      0x184 ./Application/User/regular_conversion_manager.o
                0x0000000008002dd4                RCM_ExecRegularConv
 .text.RCM_ExecUserConv
                0x0000000008002f58       0x60 ./Application/User/regular_conversion_manager.o
                0x0000000008002f58                RCM_ExecUserConv
 .text.RCM_ExecNextConv
                0x0000000008002fb8       0x94 ./Application/User/regular_conversion_manager.o
                0x0000000008002fb8                RCM_ExecNextConv
 .text.RCM_ReadOngoingConv
                0x000000000800304c       0x4c ./Application/User/regular_conversion_manager.o
                0x000000000800304c                RCM_ReadOngoingConv
 .text.HAL_MspInit
                0x0000000008003098       0x40 ./Application/User/stm32g4xx_hal_msp.o
                0x0000000008003098                HAL_MspInit
 .text.HAL_ADC_MspInit
                0x00000000080030d8      0x100 ./Application/User/stm32g4xx_hal_msp.o
                0x00000000080030d8                HAL_ADC_MspInit
 .text.HAL_CORDIC_MspInit
                0x00000000080031d8       0x30 ./Application/User/stm32g4xx_hal_msp.o
                0x00000000080031d8                HAL_CORDIC_MspInit
 .text.HAL_SPI_MspInit
                0x0000000008003208       0x74 ./Application/User/stm32g4xx_hal_msp.o
                0x0000000008003208                HAL_SPI_MspInit
 .text.HAL_TIM_Base_MspInit
                0x000000000800327c       0x2c ./Application/User/stm32g4xx_hal_msp.o
                0x000000000800327c                HAL_TIM_Base_MspInit
 .text.HAL_TIM_Encoder_MspInit
                0x00000000080032a8       0x70 ./Application/User/stm32g4xx_hal_msp.o
                0x00000000080032a8                HAL_TIM_Encoder_MspInit
 .text.HAL_TIM_MspPostInit
                0x0000000008003318       0x8c ./Application/User/stm32g4xx_hal_msp.o
                0x0000000008003318                HAL_TIM_MspPostInit
 .text.HAL_UART_MspInit
                0x00000000080033a4       0x70 ./Application/User/stm32g4xx_hal_msp.o
                0x00000000080033a4                HAL_UART_MspInit
 .text.ADC1_2_IRQHandler
                0x0000000008003414        0xc ./Application/User/stm32g4xx_mc_it.o
                0x0000000008003414                ADC1_2_IRQHandler
 .text.TIM1_UP_TIM16_IRQHandler
                0x0000000008003420       0x18 ./Application/User/stm32g4xx_mc_it.o
                0x0000000008003420                TIM1_UP_TIM16_IRQHandler
 .text.TIM1_BRK_TIM15_IRQHandler
                0x0000000008003438       0x3c ./Application/User/stm32g4xx_mc_it.o
                0x0000000008003438                TIM1_BRK_TIM15_IRQHandler
 .text.TIM4_IRQHandler
                0x0000000008003474       0x20 ./Application/User/stm32g4xx_mc_it.o
                0x0000000008003474                TIM4_IRQHandler
 .text.USART2_IRQHandler
                0x0000000008003494       0x68 ./Application/User/stm32g4xx_mc_it.o
                0x0000000008003494                USART2_IRQHandler
 .text.HardFault_Handler
                0x00000000080034fc       0x6c ./Application/User/stm32g4xx_mc_it.o
                0x00000000080034fc                HardFault_Handler
 .text.SysTick_Handler
                0x0000000008003568       0x30 ./Application/User/stm32g4xx_mc_it.o
                0x0000000008003568                SysTick_Handler
 .text.UI_TaskInit
                0x0000000008003598       0x80 ./Application/User/ui_task.o
                0x0000000008003598                UI_TaskInit
 .text.UI_Scheduler
                0x0000000008003618       0x44 ./Application/User/ui_task.o
                0x0000000008003618                UI_Scheduler
 .text.UI_SerialCommunicationTimeOutStop
                0x000000000800365c        0xc ./Application/User/ui_task.o
                0x000000000800365c                UI_SerialCommunicationTimeOutStop
 .text.UI_SerialCommunicationTimeOutStart
                0x0000000008003668        0xc ./Application/User/ui_task.o
                0x0000000008003668                UI_SerialCommunicationTimeOutStart
 .text.UI_Init  0x0000000008003674       0x14 ./Application/User/user_interface.o
                0x0000000008003674                UI_Init
 .text.UI_SelectMC
                0x0000000008003688       0x10 ./Application/User/user_interface.o
                0x0000000008003688                UI_SelectMC
 .text.UI_GetSelectedMC
                0x0000000008003698        0x4 ./Application/User/user_interface.o
                0x0000000008003698                UI_GetSelectedMC
 .text.UI_SetReg
                0x000000000800369c      0x180 ./Application/User/user_interface.o
                0x000000000800369c                UI_SetReg
 .text.UI_GetReg
                0x000000000800381c      0x404 ./Application/User/user_interface.o
                0x000000000800381c                UI_GetReg
 .text.UI_ExecCmd
                0x0000000008003c20       0x78 ./Application/User/user_interface.o
                0x0000000008003c20                UI_ExecCmd
 .text.UI_ExecSpeedRamp
                0x0000000008003c98       0x24 ./Application/User/user_interface.o
                0x0000000008003c98                UI_ExecSpeedRamp
 .text.UI_ExecTorqueRamp
                0x0000000008003cbc       0x14 ./Application/User/user_interface.o
                0x0000000008003cbc                UI_ExecTorqueRamp
 .text.UI_GetRevupData
                0x0000000008003cd0       0x3c ./Application/User/user_interface.o
                0x0000000008003cd0                UI_GetRevupData
 .text.UI_SetRevupData
                0x0000000008003d0c       0x38 ./Application/User/user_interface.o
                0x0000000008003d0c                UI_SetRevupData
 .text.UI_SetCurrentReferences
                0x0000000008003d44       0x20 ./Application/User/user_interface.o
                0x0000000008003d44                UI_SetCurrentReferences
 .text.UI_GetMPInfo
                0x0000000008003d64        0x4 ./Application/User/user_interface.o
                0x0000000008003d64                UI_GetMPInfo
 .text.SystemInit
                0x0000000008003d68       0x14 ./Drivers/CMSIS/system_stm32g4xx.o
                0x0000000008003d68                SystemInit
 .text.HAL_InitTick
                0x0000000008003d7c       0x4c ./Drivers/STM32G4xx_HAL_Driver/stm32g4xx_hal.o
                0x0000000008003d7c                HAL_InitTick
 .text.HAL_Init
                0x0000000008003dc8       0x20 ./Drivers/STM32G4xx_HAL_Driver/stm32g4xx_hal.o
                0x0000000008003dc8                HAL_Init
 .text.HAL_IncTick
                0x0000000008003de8       0x18 ./Drivers/STM32G4xx_HAL_Driver/stm32g4xx_hal.o
                0x0000000008003de8                HAL_IncTick
 .text.HAL_GetTick
                0x0000000008003e00        0xc ./Drivers/STM32G4xx_HAL_Driver/stm32g4xx_hal.o
                0x0000000008003e00                HAL_GetTick
 .text.HAL_ADC_Init
                0x0000000008003e0c      0x20c ./Drivers/STM32G4xx_HAL_Driver/stm32g4xx_hal_adc.o
                0x0000000008003e0c                HAL_ADC_Init
 .text.HAL_ADC_ConfigChannel
                0x0000000008004018      0x4d4 ./Drivers/STM32G4xx_HAL_Driver/stm32g4xx_hal_adc.o
                0x0000000008004018                HAL_ADC_ConfigChannel
 .text.HAL_ADCEx_InjectedConfigChannel
                0x00000000080044ec      0x608 ./Drivers/STM32G4xx_HAL_Driver/stm32g4xx_hal_adc_ex.o
                0x00000000080044ec                HAL_ADCEx_InjectedConfigChannel
 .text.HAL_ADCEx_MultiModeConfigChannel
                0x0000000008004af4       0xcc ./Drivers/STM32G4xx_HAL_Driver/stm32g4xx_hal_adc_ex.o
                0x0000000008004af4                HAL_ADCEx_MultiModeConfigChannel
 .text.HAL_CORDIC_Init
                0x0000000008004bc0       0x34 ./Drivers/STM32G4xx_HAL_Driver/stm32g4xx_hal_cordic.o
                0x0000000008004bc0                HAL_CORDIC_Init
 .text.HAL_NVIC_SetPriorityGrouping
                0x0000000008004bf4       0x28 ./Drivers/STM32G4xx_HAL_Driver/stm32g4xx_hal_cortex.o
                0x0000000008004bf4                HAL_NVIC_SetPriorityGrouping
 .text.HAL_NVIC_SetPriority
                0x0000000008004c1c       0x70 ./Drivers/STM32G4xx_HAL_Driver/stm32g4xx_hal_cortex.o
                0x0000000008004c1c                HAL_NVIC_SetPriority
 .text.HAL_NVIC_EnableIRQ
                0x0000000008004c8c       0x1c ./Drivers/STM32G4xx_HAL_Driver/stm32g4xx_hal_cortex.o
                0x0000000008004c8c                HAL_NVIC_EnableIRQ
 .text.HAL_SYSTICK_Config
                0x0000000008004ca8       0x34 ./Drivers/STM32G4xx_HAL_Driver/stm32g4xx_hal_cortex.o
                0x0000000008004ca8                HAL_SYSTICK_Config
 .text.HAL_SYSTICK_Callback
                0x0000000008004cdc        0x4 ./Drivers/STM32G4xx_HAL_Driver/stm32g4xx_hal_cortex.o
                0x0000000008004cdc                HAL_SYSTICK_Callback
 .text.HAL_SYSTICK_IRQHandler
                0x0000000008004ce0        0x8 ./Drivers/STM32G4xx_HAL_Driver/stm32g4xx_hal_cortex.o
                0x0000000008004ce0                HAL_SYSTICK_IRQHandler
 .text.HAL_GPIO_Init
                0x0000000008004ce8      0x1e8 ./Drivers/STM32G4xx_HAL_Driver/stm32g4xx_hal_gpio.o
                0x0000000008004ce8                HAL_GPIO_Init
 .text.HAL_GPIO_WritePin
                0x0000000008004ed0        0xc ./Drivers/STM32G4xx_HAL_Driver/stm32g4xx_hal_gpio.o
                0x0000000008004ed0                HAL_GPIO_WritePin
 .text.HAL_PWREx_ControlVoltageScaling
                0x0000000008004edc       0xfc ./Drivers/STM32G4xx_HAL_Driver/stm32g4xx_hal_pwr_ex.o
                0x0000000008004edc                HAL_PWREx_ControlVoltageScaling
 .text.HAL_PWREx_DisableUCPDDeadBattery
                0x0000000008004fd8       0x10 ./Drivers/STM32G4xx_HAL_Driver/stm32g4xx_hal_pwr_ex.o
                0x0000000008004fd8                HAL_PWREx_DisableUCPDDeadBattery
 .text.HAL_RCC_OscConfig
                0x0000000008004fe8      0x498 ./Drivers/STM32G4xx_HAL_Driver/stm32g4xx_hal_rcc.o
                0x0000000008004fe8                HAL_RCC_OscConfig
 .text.HAL_RCC_GetSysClockFreq
                0x0000000008005480       0x5c ./Drivers/STM32G4xx_HAL_Driver/stm32g4xx_hal_rcc.o
                0x0000000008005480                HAL_RCC_GetSysClockFreq
 .text.HAL_RCC_ClockConfig
                0x00000000080054dc      0x214 ./Drivers/STM32G4xx_HAL_Driver/stm32g4xx_hal_rcc.o
                0x00000000080054dc                HAL_RCC_ClockConfig
 .text.HAL_RCC_GetHCLKFreq
                0x00000000080056f0        0xc ./Drivers/STM32G4xx_HAL_Driver/stm32g4xx_hal_rcc.o
                0x00000000080056f0                HAL_RCC_GetHCLKFreq
 .text.HAL_RCC_GetPCLK1Freq
                0x00000000080056fc       0x24 ./Drivers/STM32G4xx_HAL_Driver/stm32g4xx_hal_rcc.o
                0x00000000080056fc                HAL_RCC_GetPCLK1Freq
 .text.HAL_RCC_GetPCLK2Freq
                0x0000000008005720       0x24 ./Drivers/STM32G4xx_HAL_Driver/stm32g4xx_hal_rcc.o
                0x0000000008005720                HAL_RCC_GetPCLK2Freq
 .text.HAL_RCCEx_PeriphCLKConfig
                0x0000000008005744      0x298 ./Drivers/STM32G4xx_HAL_Driver/stm32g4xx_hal_rcc_ex.o
                0x0000000008005744                HAL_RCCEx_PeriphCLKConfig
 .text.SPI_WaitFifoStateUntilTimeout.constprop.1
                0x00000000080059dc       0xd4 ./Drivers/STM32G4xx_HAL_Driver/stm32g4xx_hal_spi.o
 .text.SPI_EndRxTxTransaction
                0x0000000008005ab0      0x134 ./Drivers/STM32G4xx_HAL_Driver/stm32g4xx_hal_spi.o
 .text.HAL_SPI_Init
                0x0000000008005be4      0x10c ./Drivers/STM32G4xx_HAL_Driver/stm32g4xx_hal_spi.o
                0x0000000008005be4                HAL_SPI_Init
 .text.HAL_SPI_TransmitReceive
                0x0000000008005cf0      0x318 ./Drivers/STM32G4xx_HAL_Driver/stm32g4xx_hal_spi.o
                0x0000000008005cf0                HAL_SPI_TransmitReceive
 .text.TIM_OC1_SetConfig
                0x0000000008006008       0x7c ./Drivers/STM32G4xx_HAL_Driver/stm32g4xx_hal_tim.o
 .text.TIM_OC3_SetConfig
                0x0000000008006084       0x80 ./Drivers/STM32G4xx_HAL_Driver/stm32g4xx_hal_tim.o
 .text.TIM_OC4_SetConfig
                0x0000000008006104       0x80 ./Drivers/STM32G4xx_HAL_Driver/stm32g4xx_hal_tim.o
 .text.HAL_TIM_Base_Init
                0x0000000008006184      0x108 ./Drivers/STM32G4xx_HAL_Driver/stm32g4xx_hal_tim.o
                0x0000000008006184                HAL_TIM_Base_Init
 .text.HAL_TIM_PWM_MspInit
                0x000000000800628c        0x4 ./Drivers/STM32G4xx_HAL_Driver/stm32g4xx_hal_tim.o
                0x000000000800628c                HAL_TIM_PWM_MspInit
 .text.HAL_TIM_PWM_Init
                0x0000000008006290      0x108 ./Drivers/STM32G4xx_HAL_Driver/stm32g4xx_hal_tim.o
                0x0000000008006290                HAL_TIM_PWM_Init
 .text.HAL_TIM_Encoder_Init
                0x0000000008006398      0x164 ./Drivers/STM32G4xx_HAL_Driver/stm32g4xx_hal_tim.o
                0x0000000008006398                HAL_TIM_Encoder_Init
 .text.HAL_TIM_SlaveConfigSynchro
                0x00000000080064fc      0x104 ./Drivers/STM32G4xx_HAL_Driver/stm32g4xx_hal_tim.o
                0x00000000080064fc                HAL_TIM_SlaveConfigSynchro
 .text.TIM_OC2_SetConfig
                0x0000000008006600       0x80 ./Drivers/STM32G4xx_HAL_Driver/stm32g4xx_hal_tim.o
                0x0000000008006600                TIM_OC2_SetConfig
 .text.HAL_TIM_PWM_ConfigChannel
                0x0000000008006680      0x1f4 ./Drivers/STM32G4xx_HAL_Driver/stm32g4xx_hal_tim.o
                0x0000000008006680                HAL_TIM_PWM_ConfigChannel
 .text.HAL_TIMEx_MasterConfigSynchronization
                0x0000000008006874       0x90 ./Drivers/STM32G4xx_HAL_Driver/stm32g4xx_hal_tim_ex.o
                0x0000000008006874                HAL_TIMEx_MasterConfigSynchronization
 .text.HAL_TIMEx_ConfigBreakDeadTime
                0x0000000008006904       0x9c ./Drivers/STM32G4xx_HAL_Driver/stm32g4xx_hal_tim_ex.o
                0x0000000008006904                HAL_TIMEx_ConfigBreakDeadTime
 .text.UART_AdvFeatureConfig
                0x00000000080069a0       0xb0 ./Drivers/STM32G4xx_HAL_Driver/stm32g4xx_hal_uart.o
                0x00000000080069a0                UART_AdvFeatureConfig
 .text.UART_CheckIdleState
                0x0000000008006a50       0xc8 ./Drivers/STM32G4xx_HAL_Driver/stm32g4xx_hal_uart.o
                0x0000000008006a50                UART_CheckIdleState
 .text.HAL_UART_Init
                0x0000000008006b18      0x370 ./Drivers/STM32G4xx_HAL_Driver/stm32g4xx_hal_uart.o
                0x0000000008006b18                HAL_UART_Init
 .text.HAL_UARTEx_DisableFifoMode
                0x0000000008006e88       0x3c ./Drivers/STM32G4xx_HAL_Driver/stm32g4xx_hal_uart_ex.o
                0x0000000008006e88                HAL_UARTEx_DisableFifoMode
 .text.HAL_UARTEx_SetTxFifoThreshold
                0x0000000008006ec4       0x7c ./Drivers/STM32G4xx_HAL_Driver/stm32g4xx_hal_uart_ex.o
                0x0000000008006ec4                HAL_UARTEx_SetTxFifoThreshold
 .text.HAL_UARTEx_SetRxFifoThreshold
                0x0000000008006f40       0x7c ./Drivers/STM32G4xx_HAL_Driver/stm32g4xx_hal_uart_ex.o
                0x0000000008006f40                HAL_UARTEx_SetRxFifoThreshold
 .text.VBS_GetAvBusVoltage_V
                0x0000000008006fbc        0xc ./Middlewares/MotorControl/bus_voltage_sensor.o
                0x0000000008006fbc                VBS_GetAvBusVoltage_V
 .text.Circle_Limitation
                0x0000000008006fc8       0x64 ./Middlewares/MotorControl/circle_limitation.o
                0x0000000008006fc8                Circle_Limitation
 .text.EAC_Init
                0x000000000800702c       0x14 ./Middlewares/MotorControl/enc_align_ctrl.o
                0x000000000800702c                EAC_Init
 .text.EAC_StartAlignment
                0x0000000008007040       0x50 ./Middlewares/MotorControl/enc_align_ctrl.o
                0x0000000008007040                EAC_StartAlignment
 .text.EAC_Exec
                0x0000000008007090       0x30 ./Middlewares/MotorControl/enc_align_ctrl.o
                0x0000000008007090                EAC_Exec
 .text.EAC_IsAligned
                0x00000000080070c0        0x4 ./Middlewares/MotorControl/enc_align_ctrl.o
                0x00000000080070c0                EAC_IsAligned
 .text.EAC_SetRestartState
                0x00000000080070c4        0x4 ./Middlewares/MotorControl/enc_align_ctrl.o
                0x00000000080070c4                EAC_SetRestartState
 .text.EAC_GetRestartState
                0x00000000080070c8        0x4 ./Middlewares/MotorControl/enc_align_ctrl.o
                0x00000000080070c8                EAC_GetRestartState
 .text.ENC_Init
                0x00000000080070cc       0x7c ./Middlewares/MotorControl/encoder_speed_pos_fdbk.o
                0x00000000080070cc                ENC_Init
 .text.ENC_Clear
                0x0000000008007148       0x24 ./Middlewares/MotorControl/encoder_speed_pos_fdbk.o
                0x0000000008007148                ENC_Clear
 .text.ENC_CalcAngle
                0x000000000800716c       0x40 ./Middlewares/MotorControl/encoder_speed_pos_fdbk.o
                0x000000000800716c                ENC_CalcAngle
 .text.ENC_CalcAvrgMecSpeedUnit
                0x00000000080071ac      0x19c ./Middlewares/MotorControl/encoder_speed_pos_fdbk.o
                0x00000000080071ac                ENC_CalcAvrgMecSpeedUnit
 .text.ENC_SetMecAngle
                0x0000000008007348       0x30 ./Middlewares/MotorControl/encoder_speed_pos_fdbk.o
                0x0000000008007348                ENC_SetMecAngle
 .text.ENC_IRQHandler
                0x0000000008007378       0x14 ./Middlewares/MotorControl/encoder_speed_pos_fdbk.o
                0x0000000008007378                ENC_IRQHandler
 .text.FCP_Init
                0x000000000800738c       0x18 ./Middlewares/MotorControl/frame_communication_protocol.o
                0x000000000800738c                FCP_Init
 .text.FCP_SetClient
                0x00000000080073a4       0x10 ./Middlewares/MotorControl/frame_communication_protocol.o
                0x00000000080073a4                FCP_SetClient
 .text.FCP_CalcCRC
                0x00000000080073b4       0x2c ./Middlewares/MotorControl/frame_communication_protocol.o
                0x00000000080073b4                FCP_CalcCRC
 .text.MPM_Clear
                0x00000000080073e0       0x18 ./Middlewares/MotorControl/motor_power_measurement.o
                0x00000000080073e0                MPM_Clear
 .text.MPM_CalcElMotorPower
                0x00000000080073f8       0x44 ./Middlewares/MotorControl/motor_power_measurement.o
                0x00000000080073f8                MPM_CalcElMotorPower
 .text.MPM_GetAvrgElMotorPowerW
                0x000000000800743c        0x8 ./Middlewares/MotorControl/motor_power_measurement.o
                0x000000000800743c                MPM_GetAvrgElMotorPowerW
 .text.NTC_SetFaultState
                0x0000000008007444       0x1c ./Middlewares/MotorControl/ntc_temperature_sensor.o
                0x0000000008007444                NTC_SetFaultState
 .text.NTC_Clear
                0x0000000008007460        0x8 ./Middlewares/MotorControl/ntc_temperature_sensor.o
                0x0000000008007460                NTC_Clear
 .text.NTC_Init
                0x0000000008007468       0x24 ./Middlewares/MotorControl/ntc_temperature_sensor.o
                0x0000000008007468                NTC_Init
 .text.NTC_CalcAvTemp
                0x000000000800748c       0x38 ./Middlewares/MotorControl/ntc_temperature_sensor.o
                0x000000000800748c                NTC_CalcAvTemp
 .text.NTC_GetAvTemp_C
                0x00000000080074c4       0x2c ./Middlewares/MotorControl/ntc_temperature_sensor.o
                0x00000000080074c4                NTC_GetAvTemp_C
 .text.PID_HandleInit
                0x00000000080074f0       0x10 ./Middlewares/MotorControl/pid_regulator.o
                0x00000000080074f0                PID_HandleInit
 .text.PID_SetKP
                0x0000000008007500        0x4 ./Middlewares/MotorControl/pid_regulator.o
                0x0000000008007500                PID_SetKP
 .text.PID_SetKI
                0x0000000008007504        0x4 ./Middlewares/MotorControl/pid_regulator.o
                0x0000000008007504                PID_SetKI
 .text.PID_GetKP
                0x0000000008007508        0x8 ./Middlewares/MotorControl/pid_regulator.o
                0x0000000008007508                PID_GetKP
 .text.PID_GetKI
                0x0000000008007510        0x8 ./Middlewares/MotorControl/pid_regulator.o
                0x0000000008007510                PID_GetKI
 .text.PID_SetIntegralTerm
                0x0000000008007518        0x4 ./Middlewares/MotorControl/pid_regulator.o
                0x0000000008007518                PID_SetIntegralTerm
 .text.PID_GetKPDivisor
                0x000000000800751c        0x4 ./Middlewares/MotorControl/pid_regulator.o
                0x000000000800751c                PID_GetKPDivisor
 .text.PID_GetKIDivisor
                0x0000000008007520        0x4 ./Middlewares/MotorControl/pid_regulator.o
                0x0000000008007520                PID_GetKIDivisor
 .text.PID_SetKD
                0x0000000008007524        0x4 ./Middlewares/MotorControl/pid_regulator.o
                0x0000000008007524                PID_SetKD
 .text.PID_GetKD
                0x0000000008007528        0x8 ./Middlewares/MotorControl/pid_regulator.o
                0x0000000008007528                PID_GetKD
 .text.PI_Controller
                0x0000000008007530       0x8c ./Middlewares/MotorControl/pid_regulator.o
                0x0000000008007530                PI_Controller
 .text.PQD_CalcElMotorPower
                0x00000000080075bc       0x68 ./Middlewares/MotorControl/pqd_motor_power_measurement.o
                0x00000000080075bc                PQD_CalcElMotorPower
 .text.startTimers
                0x0000000008007624       0x70 ./Middlewares/MotorControl/pwm_common.o
                0x0000000008007624                startTimers
 .text.waitForPolarizationEnd
                0x0000000008007694       0x4c ./Middlewares/MotorControl/pwm_common.o
                0x0000000008007694                waitForPolarizationEnd
 .text.PWMC_GetPhaseCurrents
                0x00000000080076e0        0x4 ./Middlewares/MotorControl/pwm_curr_fdbk.o
                0x00000000080076e0                PWMC_GetPhaseCurrents
 .text.PWMC_SetPhaseVoltage
                0x00000000080076e4      0x250 ./Middlewares/MotorControl/pwm_curr_fdbk.o
                0x00000000080076e4                PWMC_SetPhaseVoltage
 .text.PWMC_SwitchOffPWM
                0x0000000008007934        0x4 ./Middlewares/MotorControl/pwm_curr_fdbk.o
                0x0000000008007934                PWMC_SwitchOffPWM
 .text.PWMC_CurrentReadingCalibr
                0x0000000008007938       0x54 ./Middlewares/MotorControl/pwm_curr_fdbk.o
                0x0000000008007938                PWMC_CurrentReadingCalibr
 .text.PWMC_TurnOnLowSides
                0x000000000800798c        0x4 ./Middlewares/MotorControl/pwm_curr_fdbk.o
                0x000000000800798c                PWMC_TurnOnLowSides
 .text.PWMC_CheckOverCurrent
                0x0000000008007990        0x4 ./Middlewares/MotorControl/pwm_curr_fdbk.o
                0x0000000008007990                PWMC_CheckOverCurrent
 .text.PWMC_GetTurnOnLowSidesAction
                0x0000000008007994        0x8 ./Middlewares/MotorControl/pwm_curr_fdbk.o
                0x0000000008007994                PWMC_GetTurnOnLowSidesAction
 .text.R3_2_ADCxInit
                0x000000000800799c       0xb4 ./Middlewares/MotorControl/r3_2_g4xx_pwm_curr_fdbk.o
 .text.R3_2_SetADCSampPointPolarization
                0x0000000008007a50       0x3c ./Middlewares/MotorControl/r3_2_g4xx_pwm_curr_fdbk.o
                0x0000000008007a50                R3_2_SetADCSampPointPolarization
 .text.R3_2_SetADCSampPointSectX
                0x0000000008007a8c       0x74 ./Middlewares/MotorControl/r3_2_g4xx_pwm_curr_fdbk.o
                0x0000000008007a8c                R3_2_SetADCSampPointSectX
 .text.R3_2_HFCurrentsPolarizationAB
                0x0000000008007b00       0x4c ./Middlewares/MotorControl/r3_2_g4xx_pwm_curr_fdbk.o
 .text.R3_2_HFCurrentsPolarizationC
                0x0000000008007b4c       0x44 ./Middlewares/MotorControl/r3_2_g4xx_pwm_curr_fdbk.o
 .text.R3_2_TurnOnLowSides
                0x0000000008007b90       0x50 ./Middlewares/MotorControl/r3_2_g4xx_pwm_curr_fdbk.o
                0x0000000008007b90                R3_2_TurnOnLowSides
 .text.R3_2_SwitchOnPWM
                0x0000000008007be0       0x94 ./Middlewares/MotorControl/r3_2_g4xx_pwm_curr_fdbk.o
                0x0000000008007be0                R3_2_SwitchOnPWM
 .text.R3_2_SwitchOffPWM
                0x0000000008007c74       0x60 ./Middlewares/MotorControl/r3_2_g4xx_pwm_curr_fdbk.o
                0x0000000008007c74                R3_2_SwitchOffPWM
 .text.R3_2_RLGetPhaseCurrents
                0x0000000008007cd4       0x54 ./Middlewares/MotorControl/r3_2_g4xx_pwm_curr_fdbk.o
 .text.R3_2_RLTurnOnLowSides
                0x0000000008007d28       0x4c ./Middlewares/MotorControl/r3_2_g4xx_pwm_curr_fdbk.o
 .text.R3_2_RLSwitchOnPWM
                0x0000000008007d74       0xb0 ./Middlewares/MotorControl/r3_2_g4xx_pwm_curr_fdbk.o
 .text.R3_2_SetAOReferenceVoltage
                0x0000000008007e24       0x94 ./Middlewares/MotorControl/r3_2_g4xx_pwm_curr_fdbk.o
 .text.R3_2_Init
                0x0000000008007eb8      0x294 ./Middlewares/MotorControl/r3_2_g4xx_pwm_curr_fdbk.o
                0x0000000008007eb8                R3_2_Init
 .text.R3_2_CurrentReadingPolarization
                0x000000000800814c      0x138 ./Middlewares/MotorControl/r3_2_g4xx_pwm_curr_fdbk.o
                0x000000000800814c                R3_2_CurrentReadingPolarization
 .text.R3_2_TIMx_UP_IRQHandler
                0x0000000008008284       0x84 ./Middlewares/MotorControl/r3_2_g4xx_pwm_curr_fdbk.o
                0x0000000008008284                R3_2_TIMx_UP_IRQHandler
 .text.R3_2_BRK2_IRQHandler
                0x0000000008008308       0x40 ./Middlewares/MotorControl/r3_2_g4xx_pwm_curr_fdbk.o
                0x0000000008008308                R3_2_BRK2_IRQHandler
 .text.R3_2_BRK_IRQHandler
                0x0000000008008348       0x20 ./Middlewares/MotorControl/r3_2_g4xx_pwm_curr_fdbk.o
                0x0000000008008348                R3_2_BRK_IRQHandler
 .text.R3_2_IsOverCurrentOccurred
                0x0000000008008368       0x28 ./Middlewares/MotorControl/r3_2_g4xx_pwm_curr_fdbk.o
                0x0000000008008368                R3_2_IsOverCurrentOccurred
 .text.R3_2_RLDetectionModeEnable
                0x0000000008008390       0xd4 ./Middlewares/MotorControl/r3_2_g4xx_pwm_curr_fdbk.o
                0x0000000008008390                R3_2_RLDetectionModeEnable
 .text.R3_2_RLDetectionModeDisable
                0x0000000008008464       0xec ./Middlewares/MotorControl/r3_2_g4xx_pwm_curr_fdbk.o
                0x0000000008008464                R3_2_RLDetectionModeDisable
 .text.R3_2_RLDetectionModeSetDuty
                0x0000000008008550       0x74 ./Middlewares/MotorControl/r3_2_g4xx_pwm_curr_fdbk.o
                0x0000000008008550                R3_2_RLDetectionModeSetDuty
 .text.RVBS_Clear
                0x00000000080085c4       0x38 ./Middlewares/MotorControl/r_divider_bus_voltage_sensor.o
                0x00000000080085c4                RVBS_Clear
 .text.RVBS_Init
                0x00000000080085fc       0x18 ./Middlewares/MotorControl/r_divider_bus_voltage_sensor.o
                0x00000000080085fc                RVBS_Init
 .text.RVBS_CheckFaultState
                0x0000000008008614       0x18 ./Middlewares/MotorControl/r_divider_bus_voltage_sensor.o
                0x0000000008008614                RVBS_CheckFaultState
 .text.RVBS_CalcAvVbus
                0x000000000800862c       0x6c ./Middlewares/MotorControl/r_divider_bus_voltage_sensor.o
                0x000000000800862c                RVBS_CalcAvVbus
 .text.REMNG_Init
                0x0000000008008698       0x10 ./Middlewares/MotorControl/ramp_ext_mngr.o
                0x0000000008008698                REMNG_Init
 .text.SPD_GetElAngle
                0x00000000080086a8        0x8 ./Middlewares/MotorControl/speed_pos_fdbk.o
                0x00000000080086a8                SPD_GetElAngle
 .text.SPD_GetAvrgMecSpeedUnit
                0x00000000080086b0        0x8 ./Middlewares/MotorControl/speed_pos_fdbk.o
                0x00000000080086b0                SPD_GetAvrgMecSpeedUnit
 .text.SPD_GetInstElSpeedDpp
                0x00000000080086b8        0x8 ./Middlewares/MotorControl/speed_pos_fdbk.o
                0x00000000080086b8                SPD_GetInstElSpeedDpp
 .text.SPD_IsMecSpeedReliable
                0x00000000080086c0       0x58 ./Middlewares/MotorControl/speed_pos_fdbk.o
                0x00000000080086c0                SPD_IsMecSpeedReliable
 .text.SPD_GetS16Speed
                0x0000000008008718       0x14 ./Middlewares/MotorControl/speed_pos_fdbk.o
                0x0000000008008718                SPD_GetS16Speed
 .text.STC_Init
                0x000000000800872c       0x28 ./Middlewares/MotorControl/speed_torq_ctrl.o
                0x000000000800872c                STC_Init
 .text.STC_SetSpeedSensor
                0x0000000008008754        0x4 ./Middlewares/MotorControl/speed_torq_ctrl.o
                0x0000000008008754                STC_SetSpeedSensor
 .text.STC_GetSpeedSensor
                0x0000000008008758        0x4 ./Middlewares/MotorControl/speed_torq_ctrl.o
                0x0000000008008758                STC_GetSpeedSensor
 .text.STC_Clear
                0x000000000800875c       0x10 ./Middlewares/MotorControl/speed_torq_ctrl.o
                0x000000000800875c                STC_Clear
 .text.STC_GetMecSpeedRefUnit
                0x000000000800876c       0x10 ./Middlewares/MotorControl/speed_torq_ctrl.o
                0x000000000800876c                STC_GetMecSpeedRefUnit
 .text.STC_GetTorqueRef
                0x000000000800877c       0x10 ./Middlewares/MotorControl/speed_torq_ctrl.o
                0x000000000800877c                STC_GetTorqueRef
 .text.STC_SetControlMode
                0x000000000800878c        0x8 ./Middlewares/MotorControl/speed_torq_ctrl.o
                0x000000000800878c                STC_SetControlMode
 .text.STC_ExecRamp
                0x0000000008008794       0x90 ./Middlewares/MotorControl/speed_torq_ctrl.o
                0x0000000008008794                STC_ExecRamp
 .text.STC_StopRamp
                0x0000000008008824        0x8 ./Middlewares/MotorControl/speed_torq_ctrl.o
                0x0000000008008824                STC_StopRamp
 .text.STC_CalcTorqueReference
                0x000000000800882c       0x64 ./Middlewares/MotorControl/speed_torq_ctrl.o
                0x000000000800882c                STC_CalcTorqueReference
 .text.STC_GetMecSpeedRefUnitDefault
                0x0000000008008890        0x8 ./Middlewares/MotorControl/speed_torq_ctrl.o
                0x0000000008008890                STC_GetMecSpeedRefUnitDefault
 .text.STC_GetMaxAppPositiveMecSpeedUnit
                0x0000000008008898        0x4 ./Middlewares/MotorControl/speed_torq_ctrl.o
                0x0000000008008898                STC_GetMaxAppPositiveMecSpeedUnit
 .text.STC_GetMinAppNegativeMecSpeedUnit
                0x000000000800889c        0x8 ./Middlewares/MotorControl/speed_torq_ctrl.o
                0x000000000800889c                STC_GetMinAppNegativeMecSpeedUnit
 .text.STC_GetDefaultIqdref
                0x00000000080088a4       0x1c ./Middlewares/MotorControl/speed_torq_ctrl.o
                0x00000000080088a4                STC_GetDefaultIqdref
 .text.STC_ForceSpeedReferenceToCurrentSpeed
                0x00000000080088c0       0x10 ./Middlewares/MotorControl/speed_torq_ctrl.o
                0x00000000080088c0                STC_ForceSpeedReferenceToCurrentSpeed
 .text.STM_Init
                0x00000000080088d0        0xc ./Middlewares/MotorControl/state_machine.o
                0x00000000080088d0                STM_Init
 .text.STM_FaultProcessing
                0x00000000080088dc       0x3c ./Middlewares/MotorControl/state_machine.o
                0x00000000080088dc                STM_FaultProcessing
 .text.STM_NextState
                0x0000000008008918       0xe8 ./Middlewares/MotorControl/state_machine.o
                0x0000000008008918                STM_NextState
 .text.STM_GetState
                0x0000000008008a00        0x4 ./Middlewares/MotorControl/state_machine.o
                0x0000000008008a00                STM_GetState
 .text.STM_FaultAcknowledged
                0x0000000008008a04       0x18 ./Middlewares/MotorControl/state_machine.o
                0x0000000008008a04                STM_FaultAcknowledged
 .text.STM_GetFaultState
                0x0000000008008a1c        0xc ./Middlewares/MotorControl/state_machine.o
                0x0000000008008a1c                STM_GetFaultState
 .text.UFCP_Init
                0x0000000008008a28        0x4 ./Middlewares/MotorControl/usart_frame_communication_protocol.o
                0x0000000008008a28                UFCP_Init
 .text.UFCP_TX_IRQ_Handler
                0x0000000008008a2c       0x60 ./Middlewares/MotorControl/usart_frame_communication_protocol.o
                0x0000000008008a2c                UFCP_TX_IRQ_Handler
 .text.UFCP_Receive
                0x0000000008008a8c       0x20 ./Middlewares/MotorControl/usart_frame_communication_protocol.o
                0x0000000008008a8c                UFCP_Receive
 .text.UFCP_Send
                0x0000000008008aac       0xb0 ./Middlewares/MotorControl/usart_frame_communication_protocol.o
                0x0000000008008aac                UFCP_Send
 .text.UFCP_RX_IRQ_Handler
                0x0000000008008b5c       0xc4 ./Middlewares/MotorControl/usart_frame_communication_protocol.o
                0x0000000008008b5c                UFCP_RX_IRQ_Handler
 .text.UFCP_OVR_IRQ_Handler
                0x0000000008008c20       0x1c ./Middlewares/MotorControl/usart_frame_communication_protocol.o
                0x0000000008008c20                UFCP_OVR_IRQ_Handler
 .text.UFCP_AbortReceive
                0x0000000008008c3c        0x8 ./Middlewares/MotorControl/usart_frame_communication_protocol.o
                0x0000000008008c3c                UFCP_AbortReceive
 .text.VSS_Clear
                0x0000000008008c44       0x1c ./Middlewares/MotorControl/virtual_speed_sensor.o
                0x0000000008008c44                VSS_Clear
 .text.VSS_Init
                0x0000000008008c60        0x8 ./Middlewares/MotorControl/virtual_speed_sensor.o
                0x0000000008008c60                VSS_Init
 .text.VSS_SetMecAngle
                0x0000000008008c68       0x10 ./Middlewares/MotorControl/virtual_speed_sensor.o
                0x0000000008008c68                VSS_SetMecAngle
 .text.VSS_SetMecAcceleration
                0x0000000008008c78       0x7c ./Middlewares/MotorControl/virtual_speed_sensor.o
                0x0000000008008c78                VSS_SetMecAcceleration
 .text.RUC_SetPhaseDurationms
                0x0000000008008cf4        0xc ../../MCSDK_v5.4.7/MotorControl/lib\libmc-gcc_M4_NoCCMRAM.lib(revup_ctrl.o)
                0x0000000008008cf4                RUC_SetPhaseDurationms
 .text.RUC_SetPhaseFinalMecSpeedUnit
                0x0000000008008d00        0xc ../../MCSDK_v5.4.7/MotorControl/lib\libmc-gcc_M4_NoCCMRAM.lib(revup_ctrl.o)
                0x0000000008008d00                RUC_SetPhaseFinalMecSpeedUnit
 .text.RUC_SetPhaseFinalTorque
                0x0000000008008d0c        0xc ../../MCSDK_v5.4.7/MotorControl/lib\libmc-gcc_M4_NoCCMRAM.lib(revup_ctrl.o)
                0x0000000008008d0c                RUC_SetPhaseFinalTorque
 .text.RUC_GetPhaseDurationms
                0x0000000008008d18        0xc ../../MCSDK_v5.4.7/MotorControl/lib\libmc-gcc_M4_NoCCMRAM.lib(revup_ctrl.o)
                0x0000000008008d18                RUC_GetPhaseDurationms
 .text.RUC_GetPhaseFinalMecSpeedUnit
                0x0000000008008d24       0x10 ../../MCSDK_v5.4.7/MotorControl/lib\libmc-gcc_M4_NoCCMRAM.lib(revup_ctrl.o)
                0x0000000008008d24                RUC_GetPhaseFinalMecSpeedUnit
 .text.RUC_GetPhaseFinalTorque
                0x0000000008008d34       0x10 ../../MCSDK_v5.4.7/MotorControl/lib\libmc-gcc_M4_NoCCMRAM.lib(revup_ctrl.o)
                0x0000000008008d34                RUC_GetPhaseFinalTorque
 .text.RUC_GetNumberOfPhases
                0x0000000008008d44        0x8 ../../MCSDK_v5.4.7/MotorControl/lib\libmc-gcc_M4_NoCCMRAM.lib(revup_ctrl.o)
                0x0000000008008d44                RUC_GetNumberOfPhases
 .text.__errno  0x0000000008008d4c        0xc c:/st/stm32cubeide_1.7.0/stm32cubeide/plugins/com.st.stm32cube.ide.mcu.externaltools.gnu-tools-for-stm32.9-2020-q2-update.win32_2.0.0.202105311346/tools/bin/../lib/gcc/arm-none-eabi/9.3.1/../../../../arm-none-eabi/lib/thumb/v7e-m+fp/hard\libc_nano.a(lib_a-errno.o)
                0x0000000008008d4c                __errno
 .text.__libc_init_array
                0x0000000008008d58       0x48 c:/st/stm32cubeide_1.7.0/stm32cubeide/plugins/com.st.stm32cube.ide.mcu.externaltools.gnu-tools-for-stm32.9-2020-q2-update.win32_2.0.0.202105311346/tools/bin/../lib/gcc/arm-none-eabi/9.3.1/../../../../arm-none-eabi/lib/thumb/v7e-m+fp/hard\libc_nano.a(lib_a-init.o)
                0x0000000008008d58                __libc_init_array
 .text.memset   0x0000000008008da0       0x10 c:/st/stm32cubeide_1.7.0/stm32cubeide/plugins/com.st.stm32cube.ide.mcu.externaltools.gnu-tools-for-stm32.9-2020-q2-update.win32_2.0.0.202105311346/tools/bin/../lib/gcc/arm-none-eabi/9.3.1/../../../../arm-none-eabi/lib/thumb/v7e-m+fp/hard\libc_nano.a(lib_a-memset.o)
                0x0000000008008da0                memset
 .text.fmod     0x0000000008008db0       0x78 c:/st/stm32cubeide_1.7.0/stm32cubeide/plugins/com.st.stm32cube.ide.mcu.externaltools.gnu-tools-for-stm32.9-2020-q2-update.win32_2.0.0.202105311346/tools/bin/../lib/gcc/arm-none-eabi/9.3.1/../../../../arm-none-eabi/lib/thumb/v7e-m+fp/hard\libm.a(lib_a-w_fmod.o)
                0x0000000008008db0                fmod
 .text.__ieee754_fmod
                0x0000000008008e28      0x224 c:/st/stm32cubeide_1.7.0/stm32cubeide/plugins/com.st.stm32cube.ide.mcu.externaltools.gnu-tools-for-stm32.9-2020-q2-update.win32_2.0.0.202105311346/tools/bin/../lib/gcc/arm-none-eabi/9.3.1/../../../../arm-none-eabi/lib/thumb/v7e-m+fp/hard\libm.a(lib_a-e_fmod.o)
                0x0000000008008e28                __ieee754_fmod
 *(.glue_7)
 .glue_7        0x000000000800904c        0x0 linker stubs
 *(.glue_7t)
 .glue_7t       0x000000000800904c        0x0 linker stubs
 *(.eh_frame)
 .eh_frame      0x000000000800904c        0x0 c:/st/stm32cubeide_1.7.0/stm32cubeide/plugins/com.st.stm32cube.ide.mcu.externaltools.gnu-tools-for-stm32.9-2020-q2-update.win32_2.0.0.202105311346/tools/bin/../lib/gcc/arm-none-eabi/9.3.1/thumb/v7e-m+fp/hard/crtbegin.o
 *(.init)
 .init          0x000000000800904c        0x4 c:/st/stm32cubeide_1.7.0/stm32cubeide/plugins/com.st.stm32cube.ide.mcu.externaltools.gnu-tools-for-stm32.9-2020-q2-update.win32_2.0.0.202105311346/tools/bin/../lib/gcc/arm-none-eabi/9.3.1/thumb/v7e-m+fp/hard/crti.o
                0x000000000800904c                _init
 .init          0x0000000008009050        0x8 c:/st/stm32cubeide_1.7.0/stm32cubeide/plugins/com.st.stm32cube.ide.mcu.externaltools.gnu-tools-for-stm32.9-2020-q2-update.win32_2.0.0.202105311346/tools/bin/../lib/gcc/arm-none-eabi/9.3.1/thumb/v7e-m+fp/hard/crtn.o
 *(.fini)
 .fini          0x0000000008009058        0x4 c:/st/stm32cubeide_1.7.0/stm32cubeide/plugins/com.st.stm32cube.ide.mcu.externaltools.gnu-tools-for-stm32.9-2020-q2-update.win32_2.0.0.202105311346/tools/bin/../lib/gcc/arm-none-eabi/9.3.1/thumb/v7e-m+fp/hard/crti.o
                0x0000000008009058                _fini
 .fini          0x000000000800905c        0x8 c:/st/stm32cubeide_1.7.0/stm32cubeide/plugins/com.st.stm32cube.ide.mcu.externaltools.gnu-tools-for-stm32.9-2020-q2-update.win32_2.0.0.202105311346/tools/bin/../lib/gcc/arm-none-eabi/9.3.1/thumb/v7e-m+fp/hard/crtn.o
                0x0000000008009064                . = ALIGN (0x4)
                0x0000000008009064                _etext = .

.vfp11_veneer   0x0000000008009064        0x0
 .vfp11_veneer  0x0000000008009064        0x0 linker stubs

.v4_bx          0x0000000008009064        0x0
 .v4_bx         0x0000000008009064        0x0 linker stubs

.iplt           0x0000000008009064        0x0
 .iplt          0x0000000008009064        0x0 c:/st/stm32cubeide_1.7.0/stm32cubeide/plugins/com.st.stm32cube.ide.mcu.externaltools.gnu-tools-for-stm32.9-2020-q2-update.win32_2.0.0.202105311346/tools/bin/../lib/gcc/arm-none-eabi/9.3.1/thumb/v7e-m+fp/hard/crtbegin.o

.rodata         0x0000000008009068      0x150
                0x0000000008009068                . = ALIGN (0x4)
 *(.rodata)
 *(.rodata*)
 .rodata.R3_2_ParamsM1
                0x0000000008009068       0xc4 ./Application/User/mc_parameters.o
                0x0000000008009068                R3_2_ParamsM1
 .rodata.s_fwVer
                0x000000000800912c       0x20 ./Application/User/motorcontrol.o
                0x000000000800912c                s_fwVer
 .rodata.AHBPrescTable
                0x000000000800914c       0x10 ./Drivers/CMSIS/system_stm32g4xx.o
                0x000000000800914c                AHBPrescTable
 .rodata.APBPrescTable
                0x000000000800915c        0x8 ./Drivers/CMSIS/system_stm32g4xx.o
                0x000000000800915c                APBPrescTable
 .rodata.CSWTCH.58
                0x0000000008009164        0x3 ./Drivers/STM32G4xx_HAL_Driver/stm32g4xx_hal_uart.o
 *fill*         0x0000000008009167        0x1 
 .rodata.CSWTCH.59
                0x0000000008009168        0xd ./Drivers/STM32G4xx_HAL_Driver/stm32g4xx_hal_uart.o
 *fill*         0x0000000008009175        0x3 
 .rodata.UARTPrescTable
                0x0000000008009178       0x18 ./Drivers/STM32G4xx_HAL_Driver/stm32g4xx_hal_uart.o
                0x0000000008009178                UARTPrescTable
 .rodata.denominator.9790
                0x0000000008009190        0x8 ./Drivers/STM32G4xx_HAL_Driver/stm32g4xx_hal_uart_ex.o
 .rodata.numerator.9789
                0x0000000008009198        0x8 ./Drivers/STM32G4xx_HAL_Driver/stm32g4xx_hal_uart_ex.o
 .rodata.UFCP_Usart_Timeout_none
                0x00000000080091a0        0x2 ./Middlewares/MotorControl/usart_frame_communication_protocol.o
 .rodata.UFCP_Usart_Timeout_start
                0x00000000080091a2        0x2 ./Middlewares/MotorControl/usart_frame_communication_protocol.o
 .rodata.UFCP_Usart_Timeout_stop
                0x00000000080091a4        0x2 ./Middlewares/MotorControl/usart_frame_communication_protocol.o
 *fill*         0x00000000080091a6        0x2 
 .rodata.Zero   0x00000000080091a8       0x10 c:/st/stm32cubeide_1.7.0/stm32cubeide/plugins/com.st.stm32cube.ide.mcu.externaltools.gnu-tools-for-stm32.9-2020-q2-update.win32_2.0.0.202105311346/tools/bin/../lib/gcc/arm-none-eabi/9.3.1/../../../../arm-none-eabi/lib/thumb/v7e-m+fp/hard\libm.a(lib_a-e_fmod.o)
                0x00000000080091b8                . = ALIGN (0x4)

.ARM.extab      0x00000000080091b8        0x0
                0x00000000080091b8                . = ALIGN (0x4)
 *(.ARM.extab* .gnu.linkonce.armextab.*)
                0x00000000080091b8                . = ALIGN (0x4)

.ARM            0x00000000080091b8        0x8
                0x00000000080091b8                . = ALIGN (0x4)
                0x00000000080091b8                __exidx_start = .
 *(.ARM.exidx*)
 .ARM.exidx     0x00000000080091b8        0x8 c:/st/stm32cubeide_1.7.0/stm32cubeide/plugins/com.st.stm32cube.ide.mcu.externaltools.gnu-tools-for-stm32.9-2020-q2-update.win32_2.0.0.202105311346/tools/bin/../lib/gcc/arm-none-eabi/9.3.1/thumb/v7e-m+fp/hard\libgcc.a(_udivmoddi4.o)
                0x00000000080091c0                __exidx_end = .
                0x00000000080091c0                . = ALIGN (0x4)

.rel.dyn        0x00000000080091c0        0x0
 .rel.iplt      0x00000000080091c0        0x0 c:/st/stm32cubeide_1.7.0/stm32cubeide/plugins/com.st.stm32cube.ide.mcu.externaltools.gnu-tools-for-stm32.9-2020-q2-update.win32_2.0.0.202105311346/tools/bin/../lib/gcc/arm-none-eabi/9.3.1/thumb/v7e-m+fp/hard/crtbegin.o

.preinit_array  0x00000000080091c0        0x0
                0x00000000080091c0                . = ALIGN (0x4)
                0x00000000080091c0                PROVIDE (__preinit_array_start = .)
 *(.preinit_array*)
                0x00000000080091c0                PROVIDE (__preinit_array_end = .)
                0x00000000080091c0                . = ALIGN (0x4)

.init_array     0x00000000080091c0        0x4
                0x00000000080091c0                . = ALIGN (0x4)
                0x00000000080091c0                PROVIDE (__init_array_start = .)
 *(SORT_BY_NAME(.init_array.*))
 *(.init_array*)
 .init_array    0x00000000080091c0        0x4 c:/st/stm32cubeide_1.7.0/stm32cubeide/plugins/com.st.stm32cube.ide.mcu.externaltools.gnu-tools-for-stm32.9-2020-q2-update.win32_2.0.0.202105311346/tools/bin/../lib/gcc/arm-none-eabi/9.3.1/thumb/v7e-m+fp/hard/crtbegin.o
                0x00000000080091c4                PROVIDE (__init_array_end = .)
                0x00000000080091c4                . = ALIGN (0x4)

.fini_array     0x00000000080091c4        0x4
                0x00000000080091c4                . = ALIGN (0x4)
                [!provide]                        PROVIDE (__fini_array_start = .)
 *(SORT_BY_NAME(.fini_array.*))
 *(.fini_array*)
 .fini_array    0x00000000080091c4        0x4 c:/st/stm32cubeide_1.7.0/stm32cubeide/plugins/com.st.stm32cube.ide.mcu.externaltools.gnu-tools-for-stm32.9-2020-q2-update.win32_2.0.0.202105311346/tools/bin/../lib/gcc/arm-none-eabi/9.3.1/thumb/v7e-m+fp/hard/crtbegin.o
                [!provide]                        PROVIDE (__fini_array_end = .)
                0x00000000080091c8                . = ALIGN (0x4)
                0x00000000080091c8                _sidata = LOADADDR (.data)

.data           0x0000000020000000      0x5ec load address 0x00000000080091c8
                0x0000000020000000                . = ALIGN (0x4)
                0x0000000020000000                _sdata = .
 *(.data)
 *(.data*)
 .data.CircleLimitationM1
                0x0000000020000000       0xb4 ./Application/User/mc_config.o
                0x0000000020000000                CircleLimitationM1
 .data.ENCODER_M1
                0x00000000200000b4       0x7c ./Application/User/mc_config.o
                0x00000000200000b4                ENCODER_M1
 .data.EncAlignCtrlM1
                0x0000000020000130       0x1c ./Application/User/mc_config.o
                0x0000000020000130                EncAlignCtrlM1
 .data.PIDIdHandle_M1
                0x000000002000014c       0x2c ./Application/User/mc_config.o
                0x000000002000014c                PIDIdHandle_M1
 .data.PIDIqHandle_M1
                0x0000000020000178       0x2c ./Application/User/mc_config.o
                0x0000000020000178                PIDIqHandle_M1
 .data.PIDSpeedHandle_M1
                0x00000000200001a4       0x2c ./Application/User/mc_config.o
                0x00000000200001a4                PIDSpeedHandle_M1
 .data.PQD_MotorPowMeasM1
                0x00000000200001d0      0x114 ./Application/User/mc_config.o
                0x00000000200001d0                PQD_MotorPowMeasM1
 .data.PWM_Handle_M1
                0x00000000200002e4       0x7c ./Application/User/mc_config.o
                0x00000000200002e4                PWM_Handle_M1
 .data.RampExtMngrHFParamsM1
                0x0000000020000360       0x18 ./Application/User/mc_config.o
                0x0000000020000360                RampExtMngrHFParamsM1
 .data.RealBusVoltageSensorParamsM1
                0x0000000020000378       0x28 ./Application/User/mc_config.o
                0x0000000020000378                RealBusVoltageSensorParamsM1
 .data.SpeednTorqCtrlM1
                0x00000000200003a0       0x34 ./Application/User/mc_config.o
                0x00000000200003a0                SpeednTorqCtrlM1
 .data.TempSensorParamsM1
                0x00000000200003d4       0x28 ./Application/User/mc_config.o
                0x00000000200003d4                TempSensorParamsM1
 .data.VirtualSpeedSensorM1
                0x00000000200003fc       0x38 ./Application/User/mc_config.o
                0x00000000200003fc                VirtualSpeedSensorM1
 .data.pUSART   0x0000000020000434      0x13c ./Application/User/mc_config.o
                0x0000000020000434                pUSART
 .data.wConfig  0x0000000020000570        0x4 ./Application/User/motorcontrol.o
                0x0000000020000570                wConfig
 .data.SystickDividerCounter.16350
                0x0000000020000574        0x1 ./Application/User/stm32g4xx_mc_it.o
 *fill*         0x0000000020000575        0x1 
 .data.bCOMATRTimeCounter
                0x0000000020000576        0x2 ./Application/User/ui_task.o
 .data.SystemCoreClock
                0x0000000020000578        0x4 ./Drivers/CMSIS/system_stm32g4xx.o
                0x0000000020000578                SystemCoreClock
 .data.uwTickFreq
                0x000000002000057c        0x4 ./Drivers/STM32G4xx_HAL_Driver/stm32g4xx_hal.o
                0x000000002000057c                uwTickFreq
 .data.uwTickPrio
                0x0000000020000580        0x4 ./Drivers/STM32G4xx_HAL_Driver/stm32g4xx_hal.o
                0x0000000020000580                uwTickPrio
 .data._impure_ptr
                0x0000000020000584        0x4 c:/st/stm32cubeide_1.7.0/stm32cubeide/plugins/com.st.stm32cube.ide.mcu.externaltools.gnu-tools-for-stm32.9-2020-q2-update.win32_2.0.0.202105311346/tools/bin/../lib/gcc/arm-none-eabi/9.3.1/../../../../arm-none-eabi/lib/thumb/v7e-m+fp/hard\libc_nano.a(lib_a-impure.o)
                0x0000000020000584                _impure_ptr
 .data.impure_data
                0x0000000020000588       0x60 c:/st/stm32cubeide_1.7.0/stm32cubeide/plugins/com.st.stm32cube.ide.mcu.externaltools.gnu-tools-for-stm32.9-2020-q2-update.win32_2.0.0.202105311346/tools/bin/../lib/gcc/arm-none-eabi/9.3.1/../../../../arm-none-eabi/lib/thumb/v7e-m+fp/hard\libc_nano.a(lib_a-impure.o)
 .data.__fdlib_version
                0x00000000200005e8        0x1 c:/st/stm32cubeide_1.7.0/stm32cubeide/plugins/com.st.stm32cube.ide.mcu.externaltools.gnu-tools-for-stm32.9-2020-q2-update.win32_2.0.0.202105311346/tools/bin/../lib/gcc/arm-none-eabi/9.3.1/../../../../arm-none-eabi/lib/thumb/v7e-m+fp/hard\libm.a(lib_a-s_lib_ver.o)
                0x00000000200005e8                __fdlib_version
 *(.RamFunc)
 *(.RamFunc*)
                0x00000000200005ec                . = ALIGN (0x4)
 *fill*         0x00000000200005e9        0x3 
                0x00000000200005ec                _edata = .

.igot.plt       0x00000000200005ec        0x0 load address 0x00000000080097b4
 .igot.plt      0x00000000200005ec        0x0 c:/st/stm32cubeide_1.7.0/stm32cubeide/plugins/com.st.stm32cube.ide.mcu.externaltools.gnu-tools-for-stm32.9-2020-q2-update.win32_2.0.0.202105311346/tools/bin/../lib/gcc/arm-none-eabi/9.3.1/thumb/v7e-m+fp/hard/crtbegin.o
                0x00000000200005ec                . = ALIGN (0x4)

.bss            0x00000000200005ec      0x50c load address 0x00000000080097b4
                0x00000000200005ec                _sbss = .
                0x00000000200005ec                __bss_start__ = _sbss
 *(.bss)
 .bss           0x00000000200005ec       0x1c c:/st/stm32cubeide_1.7.0/stm32cubeide/plugins/com.st.stm32cube.ide.mcu.externaltools.gnu-tools-for-stm32.9-2020-q2-update.win32_2.0.0.202105311346/tools/bin/../lib/gcc/arm-none-eabi/9.3.1/thumb/v7e-m+fp/hard/crtbegin.o
 *(.bss*)
 .bss.g_counter
                0x0000000020000608        0x4 ./Application/User/main.o
                0x0000000020000608                g_counter
 .bss.g_current_encoder_position
                0x000000002000060c        0x4 ./Application/User/main.o
                0x000000002000060c                g_current_encoder_position
 .bss.g_current_encoder_position_in_rad
                0x0000000020000610        0x4 ./Application/User/main.o
                0x0000000020000610                g_current_encoder_position_in_rad
 .bss.g_current_joint_position_in_rad
                0x0000000020000614        0x4 ./Application/User/main.o
                0x0000000020000614                g_current_joint_position_in_rad
 .bss.g_current_mechanical_position
                0x0000000020000618        0x4 ./Application/User/main.o
                0x0000000020000618                g_current_mechanical_position
 .bss.g_current_mechanical_rotation
                0x000000002000061c        0x4 ./Application/User/main.o
                0x000000002000061c                g_current_mechanical_rotation
 .bss.g_current_torque
                0x0000000020000620        0x2 ./Application/User/main.o
                0x0000000020000620                g_current_torque
 .bss.g_goal    0x0000000020000622        0x2 ./Application/User/main.o
                0x0000000020000622                g_goal
 .bss.g_ma730   0x0000000020000624        0xf ./Application/User/main.o
                0x0000000020000624                g_ma730
 *fill*         0x0000000020000633        0x1 
 .bss.g_previous_mechanical_position
                0x0000000020000634        0x4 ./Application/User/main.o
                0x0000000020000634                g_previous_mechanical_position
 .bss.UI_Params
                0x0000000020000638       0x18 ./Application/User/mc_config.o
                0x0000000020000638                UI_Params
 .bss.bMCBootCompleted
                0x0000000020000650        0x1 ./Application/User/mc_tasks.o
                0x0000000020000650                bMCBootCompleted
 *fill*         0x0000000020000651        0x1 
 .bss.hBootCapDelayCounterM1
                0x0000000020000652        0x2 ./Application/User/mc_tasks.o
 .bss.hMFTaskCounterM1
                0x0000000020000654        0x2 ./Application/User/mc_tasks.o
 .bss.hStopPermanencyCounterM1
                0x0000000020000656        0x2 ./Application/User/mc_tasks.o
 .bss.MPInfo    0x0000000020000658        0x8 ./Application/User/motor_control_protocol.o
                0x0000000020000658                MPInfo
 .bss.HAL_RCC_ADC12_CLK_ENABLED
                0x0000000020000660        0x4 ./Application/User/stm32g4xx_hal_msp.o
 .bss.bCOMTimeoutCounter
                0x0000000020000664        0x2 ./Application/User/ui_task.o
 .bss.bUITaskCounter
                0x0000000020000666        0x2 ./Application/User/ui_task.o
 .bss.pMCP      0x0000000020000668        0x4 ./Application/User/ui_task.o
                0x0000000020000668                pMCP
 *(COMMON)
 COMMON         0x000000002000066c      0x296 ./Application/User/main.o
                0x000000002000066c                hspi2
                0x00000000200006d0                htim4
                0x000000002000071c                hadc2
                0x0000000020000788                g_mc_current_faults_motor
                0x000000002000078c                hadc1
                0x00000000200007f8                g_stm_state_motor
                0x00000000200007fc                hcordic
                0x0000000020000824                htim1
                0x0000000020000870                huart2
                0x0000000020000900                g_mc_occured_faults_motor
 *fill*         0x0000000020000902        0x2 
 COMMON         0x0000000020000904        0xc ./Application/User/mc_config.o
                0x0000000020000904                RealBusVoltageSensorFilterBufferM1
 COMMON         0x0000000020000910       0xd8 ./Application/User/mc_tasks.o
                0x0000000020000910                pOCPDisabling
                0x0000000020000914                pTemperatureSensor
                0x0000000020000918                pwmcHandle
                0x000000002000091c                pPIDSpeed
                0x0000000020000920                pEAC
                0x0000000020000924                pPIDIq
                0x0000000020000928                oMCInterface
                0x000000002000092c                pR_Brake
                0x0000000020000930                FOCVars
                0x0000000020000958                MCT
                0x00000000200009ac                pCLM
                0x00000000200009b0                pBusSensorM1
                0x00000000200009b4                Mci
                0x00000000200009d0                STM
                0x00000000200009d8                pREMNG
                0x00000000200009dc                pMPM
                0x00000000200009e0                pPIDId
                0x00000000200009e4                pSTC
 COMMON         0x00000000200009e8        0x8 ./Application/User/motorcontrol.o
                0x00000000200009e8                pMCI
                0x00000000200009ec                pMCT
 COMMON         0x00000000200009f0       0x52 ./Application/User/regular_conversion_manager.o
                0x00000000200009f0                RCM_currentHandle
                0x00000000200009f1                RCM_UserConvHandle
                0x00000000200009f4                RCM_NoInj_array
                0x0000000020000a0c                RCM_CB_array
                0x0000000020000a2c                RCM_UserConvState
                0x0000000020000a30                RCM_handle_array
                0x0000000020000a40                RCM_UserConvValue
 *fill*         0x0000000020000a42        0x2 
 COMMON         0x0000000020000a44       0xb0 ./Application/User/ui_task.o
                0x0000000020000a44                MCP_UI_Params
 COMMON         0x0000000020000af4        0x4 ./Drivers/STM32G4xx_HAL_Driver/stm32g4xx_hal.o
                0x0000000020000af4                uwTick
                0x0000000020000af8                . = ALIGN (0x4)
                0x0000000020000af8                _ebss = .
                0x0000000020000af8                __bss_end__ = _ebss

._user_heap_stack
                0x0000000020000af8      0x600 load address 0x00000000080097b4
                0x0000000020000af8                . = ALIGN (0x8)
                [!provide]                        PROVIDE (end = .)
                0x0000000020000af8                PROVIDE (_end = .)
                0x0000000020000cf8                . = (. + _Min_Heap_Size)
 *fill*         0x0000000020000af8      0x200 
                0x00000000200010f8                . = (. + _Min_Stack_Size)
 *fill*         0x0000000020000cf8      0x400 
                0x00000000200010f8                . = ALIGN (0x8)

/DISCARD/
 libc.a(*)
 libm.a(*)
 libgcc.a(*)

.ARM.attributes
                0x0000000000000000       0x30
 *(.ARM.attributes)
 .ARM.attributes
                0x0000000000000000       0x1e c:/st/stm32cubeide_1.7.0/stm32cubeide/plugins/com.st.stm32cube.ide.mcu.externaltools.gnu-tools-for-stm32.9-2020-q2-update.win32_2.0.0.202105311346/tools/bin/../lib/gcc/arm-none-eabi/9.3.1/thumb/v7e-m+fp/hard/crti.o
 .ARM.attributes
                0x000000000000001e       0x34 c:/st/stm32cubeide_1.7.0/stm32cubeide/plugins/com.st.stm32cube.ide.mcu.externaltools.gnu-tools-for-stm32.9-2020-q2-update.win32_2.0.0.202105311346/tools/bin/../lib/gcc/arm-none-eabi/9.3.1/thumb/v7e-m+fp/hard/crtbegin.o
 .ARM.attributes
                0x0000000000000052       0x21 ./Application/Startup/startup_stm32g431cbux.o
 .ARM.attributes
                0x0000000000000073       0x30 ./Application/User/main.o
 .ARM.attributes
                0x00000000000000a3       0x30 ./Application/User/mc_api.o
 .ARM.attributes
                0x00000000000000d3       0x35 ./Application/User/mc_config.o
 .ARM.attributes
                0x0000000000000108       0x30 ./Application/User/mc_interface.o
 .ARM.attributes
                0x0000000000000138       0x30 ./Application/User/mc_math.o
 .ARM.attributes
                0x0000000000000168       0x35 ./Application/User/mc_parameters.o
 .ARM.attributes
                0x000000000000019d       0x30 ./Application/User/mc_tasks.o
 .ARM.attributes
                0x00000000000001cd       0x30 ./Application/User/motor_control_protocol.o
 .ARM.attributes
                0x00000000000001fd       0x30 ./Application/User/motorcontrol.o
 .ARM.attributes
                0x000000000000022d       0x30 ./Application/User/regular_conversion_manager.o
 .ARM.attributes
                0x000000000000025d       0x30 ./Application/User/stm32g4xx_hal_msp.o
 .ARM.attributes
                0x000000000000028d       0x30 ./Application/User/stm32g4xx_mc_it.o
 .ARM.attributes
                0x00000000000002bd       0x30 ./Application/User/ui_task.o
 .ARM.attributes
                0x00000000000002ed       0x30 ./Application/User/user_interface.o
 .ARM.attributes
                0x000000000000031d       0x30 ./Drivers/CMSIS/system_stm32g4xx.o
 .ARM.attributes
                0x000000000000034d       0x30 ./Drivers/STM32G4xx_HAL_Driver/stm32g4xx_hal.o
 .ARM.attributes
                0x000000000000037d       0x30 ./Drivers/STM32G4xx_HAL_Driver/stm32g4xx_hal_adc.o
 .ARM.attributes
                0x00000000000003ad       0x30 ./Drivers/STM32G4xx_HAL_Driver/stm32g4xx_hal_adc_ex.o
 .ARM.attributes
                0x00000000000003dd       0x30 ./Drivers/STM32G4xx_HAL_Driver/stm32g4xx_hal_cordic.o
 .ARM.attributes
                0x000000000000040d       0x30 ./Drivers/STM32G4xx_HAL_Driver/stm32g4xx_hal_cortex.o
 .ARM.attributes
                0x000000000000043d       0x30 ./Drivers/STM32G4xx_HAL_Driver/stm32g4xx_hal_gpio.o
 .ARM.attributes
                0x000000000000046d       0x30 ./Drivers/STM32G4xx_HAL_Driver/stm32g4xx_hal_pwr_ex.o
 .ARM.attributes
                0x000000000000049d       0x30 ./Drivers/STM32G4xx_HAL_Driver/stm32g4xx_hal_rcc.o
 .ARM.attributes
                0x00000000000004cd       0x30 ./Drivers/STM32G4xx_HAL_Driver/stm32g4xx_hal_rcc_ex.o
 .ARM.attributes
                0x00000000000004fd       0x30 ./Drivers/STM32G4xx_HAL_Driver/stm32g4xx_hal_spi.o
 .ARM.attributes
                0x000000000000052d       0x30 ./Drivers/STM32G4xx_HAL_Driver/stm32g4xx_hal_tim.o
 .ARM.attributes
                0x000000000000055d       0x30 ./Drivers/STM32G4xx_HAL_Driver/stm32g4xx_hal_tim_ex.o
 .ARM.attributes
                0x000000000000058d       0x30 ./Drivers/STM32G4xx_HAL_Driver/stm32g4xx_hal_uart.o
 .ARM.attributes
                0x00000000000005bd       0x30 ./Drivers/STM32G4xx_HAL_Driver/stm32g4xx_hal_uart_ex.o
 .ARM.attributes
                0x00000000000005ed       0x30 ./Middlewares/MotorControl/bus_voltage_sensor.o
 .ARM.attributes
                0x000000000000061d       0x30 ./Middlewares/MotorControl/circle_limitation.o
 .ARM.attributes
                0x000000000000064d       0x30 ./Middlewares/MotorControl/enc_align_ctrl.o
 .ARM.attributes
                0x000000000000067d       0x30 ./Middlewares/MotorControl/encoder_speed_pos_fdbk.o
 .ARM.attributes
                0x00000000000006ad       0x30 ./Middlewares/MotorControl/frame_communication_protocol.o
 .ARM.attributes
                0x00000000000006dd       0x30 ./Middlewares/MotorControl/motor_power_measurement.o
 .ARM.attributes
                0x000000000000070d       0x30 ./Middlewares/MotorControl/ntc_temperature_sensor.o
 .ARM.attributes
                0x000000000000073d       0x30 ./Middlewares/MotorControl/pid_regulator.o
 .ARM.attributes
                0x000000000000076d       0x30 ./Middlewares/MotorControl/pqd_motor_power_measurement.o
 .ARM.attributes
                0x000000000000079d       0x30 ./Middlewares/MotorControl/pwm_common.o
 .ARM.attributes
                0x00000000000007cd       0x30 ./Middlewares/MotorControl/pwm_curr_fdbk.o
 .ARM.attributes
                0x00000000000007fd       0x30 ./Middlewares/MotorControl/r3_2_g4xx_pwm_curr_fdbk.o
 .ARM.attributes
                0x000000000000082d       0x30 ./Middlewares/MotorControl/r_divider_bus_voltage_sensor.o
 .ARM.attributes
                0x000000000000085d       0x30 ./Middlewares/MotorControl/ramp_ext_mngr.o
 .ARM.attributes
                0x000000000000088d       0x30 ./Middlewares/MotorControl/speed_pos_fdbk.o
 .ARM.attributes
                0x00000000000008bd       0x30 ./Middlewares/MotorControl/speed_torq_ctrl.o
 .ARM.attributes
                0x00000000000008ed       0x30 ./Middlewares/MotorControl/state_machine.o
 .ARM.attributes
                0x000000000000091d       0x30 ./Middlewares/MotorControl/usart_frame_communication_protocol.o
 .ARM.attributes
                0x000000000000094d       0x30 ./Middlewares/MotorControl/virtual_speed_sensor.o
 .ARM.attributes
                0x000000000000097d       0x35 ../../MCSDK_v5.4.7/MotorControl/lib\libmc-gcc_M4_NoCCMRAM.lib(revup_ctrl.o)