Archive member included to satisfy reference by file (symbol)

../../MCSDK_v5.4.7/MotorControl/lib\libmc-gcc_M4_NoCCMRAM.lib(revup_ctrl.o)
                              ./Application/User/user_interface.o (RUC_SetPhaseDurationms)
c:/st/stm32cubeide_1.7.0/stm32cubeide/plugins/com.st.stm32cube.ide.mcu.externaltools.gnu-tools-for-stm32.9-2020-q2-update.win32_2.0.0.202105311346/tools/bin/../lib/gcc/arm-none-eabi/9.3.1/../../../../arm-none-eabi/lib/thumb/v7e-m+fp/hard\libc_nano.a(lib_a-errno.o)
                              ./Application/User/syscalls.o (__errno)
c:/st/stm32cubeide_1.7.0/stm32cubeide/plugins/com.st.stm32cube.ide.mcu.externaltools.gnu-tools-for-stm32.9-2020-q2-update.win32_2.0.0.202105311346/tools/bin/../lib/gcc/arm-none-eabi/9.3.1/../../../../arm-none-eabi/lib/thumb/v7e-m+fp/hard\libc_nano.a(lib_a-exit.o)
                              c:/st/stm32cubeide_1.7.0/stm32cubeide/plugins/com.st.stm32cube.ide.mcu.externaltools.gnu-tools-for-stm32.9-2020-q2-update.win32_2.0.0.202105311346/tools/bin/../lib/gcc/arm-none-eabi/9.3.1/../../../../arm-none-eabi/lib/thumb/v7e-m+fp/hard/crt0.o (exit)
c:/st/stm32cubeide_1.7.0/stm32cubeide/plugins/com.st.stm32cube.ide.mcu.externaltools.gnu-tools-for-stm32.9-2020-q2-update.win32_2.0.0.202105311346/tools/bin/../lib/gcc/arm-none-eabi/9.3.1/../../../../arm-none-eabi/lib/thumb/v7e-m+fp/hard\libc_nano.a(lib_a-impure.o)
                              c:/st/stm32cubeide_1.7.0/stm32cubeide/plugins/com.st.stm32cube.ide.mcu.externaltools.gnu-tools-for-stm32.9-2020-q2-update.win32_2.0.0.202105311346/tools/bin/../lib/gcc/arm-none-eabi/9.3.1/../../../../arm-none-eabi/lib/thumb/v7e-m+fp/hard\libc_nano.a(lib_a-exit.o) (_global_impure_ptr)
c:/st/stm32cubeide_1.7.0/stm32cubeide/plugins/com.st.stm32cube.ide.mcu.externaltools.gnu-tools-for-stm32.9-2020-q2-update.win32_2.0.0.202105311346/tools/bin/../lib/gcc/arm-none-eabi/9.3.1/../../../../arm-none-eabi/lib/thumb/v7e-m+fp/hard\libc_nano.a(lib_a-init.o)
                              c:/st/stm32cubeide_1.7.0/stm32cubeide/plugins/com.st.stm32cube.ide.mcu.externaltools.gnu-tools-for-stm32.9-2020-q2-update.win32_2.0.0.202105311346/tools/bin/../lib/gcc/arm-none-eabi/9.3.1/../../../../arm-none-eabi/lib/thumb/v7e-m+fp/hard/crt0.o (__libc_init_array)
c:/st/stm32cubeide_1.7.0/stm32cubeide/plugins/com.st.stm32cube.ide.mcu.externaltools.gnu-tools-for-stm32.9-2020-q2-update.win32_2.0.0.202105311346/tools/bin/../lib/gcc/arm-none-eabi/9.3.1/../../../../arm-none-eabi/lib/thumb/v7e-m+fp/hard\libc_nano.a(lib_a-memset.o)
                              c:/st/stm32cubeide_1.7.0/stm32cubeide/plugins/com.st.stm32cube.ide.mcu.externaltools.gnu-tools-for-stm32.9-2020-q2-update.win32_2.0.0.202105311346/tools/bin/../lib/gcc/arm-none-eabi/9.3.1/../../../../arm-none-eabi/lib/thumb/v7e-m+fp/hard/crt0.o (memset)
c:/st/stm32cubeide_1.7.0/stm32cubeide/plugins/com.st.stm32cube.ide.mcu.externaltools.gnu-tools-for-stm32.9-2020-q2-update.win32_2.0.0.202105311346/tools/bin/../lib/gcc/arm-none-eabi/9.3.1/thumb/v7e-m+fp/hard\libgcc.a(_arm_muldf3.o)
                              ./Application/User/main.o (__aeabi_dmul)
c:/st/stm32cubeide_1.7.0/stm32cubeide/plugins/com.st.stm32cube.ide.mcu.externaltools.gnu-tools-for-stm32.9-2020-q2-update.win32_2.0.0.202105311346/tools/bin/../lib/gcc/arm-none-eabi/9.3.1/thumb/v7e-m+fp/hard\libgcc.a(_arm_addsubdf3.o)
                              ./Application/User/main.o (__aeabi_dsub)
c:/st/stm32cubeide_1.7.0/stm32cubeide/plugins/com.st.stm32cube.ide.mcu.externaltools.gnu-tools-for-stm32.9-2020-q2-update.win32_2.0.0.202105311346/tools/bin/../lib/gcc/arm-none-eabi/9.3.1/thumb/v7e-m+fp/hard\libgcc.a(_arm_muldivdf3.o)
                              ./Application/User/main.o (__aeabi_ddiv)
c:/st/stm32cubeide_1.7.0/stm32cubeide/plugins/com.st.stm32cube.ide.mcu.externaltools.gnu-tools-for-stm32.9-2020-q2-update.win32_2.0.0.202105311346/tools/bin/../lib/gcc/arm-none-eabi/9.3.1/thumb/v7e-m+fp/hard\libgcc.a(_arm_fixdfsi.o)
                              ./Application/User/main.o (__aeabi_d2iz)
c:/st/stm32cubeide_1.7.0/stm32cubeide/plugins/com.st.stm32cube.ide.mcu.externaltools.gnu-tools-for-stm32.9-2020-q2-update.win32_2.0.0.202105311346/tools/bin/../lib/gcc/arm-none-eabi/9.3.1/thumb/v7e-m+fp/hard\libgcc.a(_arm_truncdfsf2.o)
                              ./Application/User/main.o (__aeabi_d2f)
c:/st/stm32cubeide_1.7.0/stm32cubeide/plugins/com.st.stm32cube.ide.mcu.externaltools.gnu-tools-for-stm32.9-2020-q2-update.win32_2.0.0.202105311346/tools/bin/../lib/gcc/arm-none-eabi/9.3.1/thumb/v7e-m+fp/hard\libgcc.a(_aeabi_ldivmod.o)
                              ./Drivers/STM32G4xx_HAL_Driver/stm32g4xx_hal_uart.o (__aeabi_ldivmod)
c:/st/stm32cubeide_1.7.0/stm32cubeide/plugins/com.st.stm32cube.ide.mcu.externaltools.gnu-tools-for-stm32.9-2020-q2-update.win32_2.0.0.202105311346/tools/bin/../lib/gcc/arm-none-eabi/9.3.1/thumb/v7e-m+fp/hard\libgcc.a(_aeabi_uldivmod.o)
                              ./Drivers/STM32G4xx_HAL_Driver/stm32g4xx_hal_uart.o (__aeabi_uldivmod)
[...]
Memory Configuration

Name             Origin             Length             Attributes
RAM              0x0000000020000000 0x0000000000008000 xrw
FLASH            0x0000000008000000 0x0000000000020000 xr
*default*        0x0000000000000000 0xffffffffffffffff

Linker script and memory map

LOAD c:/st/stm32cubeide_1.7.0/stm32cubeide/plugins/com.st.stm32cube.ide.mcu.externaltools.gnu-tools-for-stm32.9-2020-q2-update.win32_2.0.0.202105311346/tools/bin/../lib/gcc/arm-none-eabi/9.3.1/thumb/v7e-m+fp/hard/crti.o
LOAD c:/st/stm32cubeide_1.7.0/stm32cubeide/plugins/com.st.stm32cube.ide.mcu.externaltools.gnu-tools-for-stm32.9-2020-q2-update.win32_2.0.0.202105311346/tools/bin/../lib/gcc/arm-none-eabi/9.3.1/thumb/v7e-m+fp/hard/crtbegin.o
LOAD c:/st/stm32cubeide_1.7.0/stm32cubeide/plugins/com.st.stm32cube.ide.mcu.externaltools.gnu-tools-for-stm32.9-2020-q2-update.win32_2.0.0.202105311346/tools/bin/../lib/gcc/arm-none-eabi/9.3.1/../../../../arm-none-eabi/lib/thumb/v7e-m+fp/hard/crt0.o
LOAD ./Application/Startup/startup_stm32g431cbux.o
LOAD ./Application/User/main.o
LOAD ./Application/User/mc_api.o
LOAD ./Application/User/mc_config.o
LOAD ./Application/User/mc_interface.o
LOAD ./Application/User/mc_math.o
LOAD ./Application/User/mc_parameters.o
LOAD ./Application/User/mc_tasks.o
LOAD ./Application/User/motor_control_protocol.o
LOAD ./Application/User/motorcontrol.o
LOAD ./Application/User/regular_conversion_manager.o
LOAD ./Application/User/stm32g4xx_hal_msp.o
LOAD ./Application/User/stm32g4xx_it.o
LOAD ./Application/User/stm32g4xx_mc_it.o
LOAD ./Application/User/syscalls.o
LOAD ./Application/User/sysmem.o
LOAD ./Application/User/ui_task.o
LOAD ./Application/User/user_interface.o
LOAD ./Drivers/CMSIS/system_stm32g4xx.o
LOAD ./Drivers/STM32G4xx_HAL_Driver/stm32g4xx_hal.o
LOAD ./Drivers/STM32G4xx_HAL_Driver/stm32g4xx_hal_adc.o
LOAD ./Drivers/STM32G4xx_HAL_Driver/stm32g4xx_hal_adc_ex.o
LOAD ./Drivers/STM32G4xx_HAL_Driver/stm32g4xx_hal_cordic.o
LOAD ./Drivers/STM32G4xx_HAL_Driver/stm32g4xx_hal_cortex.o
LOAD ./Drivers/STM32G4xx_HAL_Driver/stm32g4xx_hal_dma.o
LOAD ./Drivers/STM32G4xx_HAL_Driver/stm32g4xx_hal_dma_ex.o
LOAD ./Drivers/STM32G4xx_HAL_Driver/stm32g4xx_hal_exti.o
LOAD ./Drivers/STM32G4xx_HAL_Driver/stm32g4xx_hal_fdcan.o
LOAD ./Drivers/STM32G4xx_HAL_Driver/stm32g4xx_hal_flash.o
LOAD ./Drivers/STM32G4xx_HAL_Driver/stm32g4xx_hal_flash_ex.o
LOAD ./Drivers/STM32G4xx_HAL_Driver/stm32g4xx_hal_flash_ramfunc.o
LOAD ./Drivers/STM32G4xx_HAL_Driver/stm32g4xx_hal_gpio.o
LOAD ./Drivers/STM32G4xx_HAL_Driver/stm32g4xx_hal_pwr.o
LOAD ./Drivers/STM32G4xx_HAL_Driver/stm32g4xx_hal_pwr_ex.o
LOAD ./Drivers/STM32G4xx_HAL_Driver/stm32g4xx_hal_rcc.o
LOAD ./Drivers/STM32G4xx_HAL_Driver/stm32g4xx_hal_rcc_ex.o
LOAD ./Drivers/STM32G4xx_HAL_Driver/stm32g4xx_hal_spi.o
LOAD ./Drivers/STM32G4xx_HAL_Driver/stm32g4xx_hal_spi_ex.o
LOAD ./Drivers/STM32G4xx_HAL_Driver/stm32g4xx_hal_tim.o
LOAD ./Drivers/STM32G4xx_HAL_Driver/stm32g4xx_hal_tim_ex.o
LOAD ./Drivers/STM32G4xx_HAL_Driver/stm32g4xx_hal_uart.o
LOAD ./Drivers/STM32G4xx_HAL_Driver/stm32g4xx_hal_uart_ex.o
LOAD ./Drivers/STM32G4xx_HAL_Driver/stm32g4xx_ll_adc.o
LOAD ./Middlewares/MotorControl/bus_voltage_sensor.o
LOAD ./Middlewares/MotorControl/circle_limitation.o
LOAD ./Middlewares/MotorControl/digital_output.o
LOAD ./Middlewares/MotorControl/enc_align_ctrl.o
LOAD ./Middlewares/MotorControl/encoder_speed_pos_fdbk.o
LOAD ./Middlewares/MotorControl/frame_communication_protocol.o
LOAD ./Middlewares/MotorControl/motor_power_measurement.o
LOAD ./Middlewares/MotorControl/ntc_temperature_sensor.o
LOAD ./Middlewares/MotorControl/open_loop.o
LOAD ./Middlewares/MotorControl/pid_regulator.o
LOAD ./Middlewares/MotorControl/pqd_motor_power_measurement.o
LOAD ./Middlewares/MotorControl/pwm_common.o
LOAD ./Middlewares/MotorControl/pwm_curr_fdbk.o
LOAD ./Middlewares/MotorControl/r3_2_g4xx_pwm_curr_fdbk.o
LOAD ./Middlewares/MotorControl/r_divider_bus_voltage_sensor.o
LOAD ./Middlewares/MotorControl/ramp_ext_mngr.o
LOAD ./Middlewares/MotorControl/speed_pos_fdbk.o
LOAD ./Middlewares/MotorControl/speed_torq_ctrl.o
LOAD ./Middlewares/MotorControl/state_machine.o
LOAD ./Middlewares/MotorControl/ui_irq_handler.o
LOAD ./Middlewares/MotorControl/usart_frame_communication_protocol.o
LOAD ./Middlewares/MotorControl/virtual_speed_sensor.o
LOAD ../../MCSDK_v5.4.7/MotorControl/lib\libmc-gcc_M4_NoCCMRAM.lib
START GROUP
LOAD c:/st/stm32cubeide_1.7.0/stm32cubeide/plugins/com.st.stm32cube.ide.mcu.externaltools.gnu-tools-for-stm32.9-2020-q2-update.win32_2.0.0.202105311346/tools/bin/../lib/gcc/arm-none-eabi/9.3.1/../../../../arm-none-eabi/lib/thumb/v7e-m+fp/hard\libc_nano.a
LOAD c:/st/stm32cubeide_1.7.0/stm32cubeide/plugins/com.st.stm32cube.ide.mcu.externaltools.gnu-tools-for-stm32.9-2020-q2-update.win32_2.0.0.202105311346/tools/bin/../lib/gcc/arm-none-eabi/9.3.1/../../../../arm-none-eabi/lib/thumb/v7e-m+fp/hard\libm.a
END GROUP
START GROUP
LOAD c:/st/stm32cubeide_1.7.0/stm32cubeide/plugins/com.st.stm32cube.ide.mcu.externaltools.gnu-tools-for-stm32.9-2020-q2-update.win32_2.0.0.202105311346/tools/bin/../lib/gcc/arm-none-eabi/9.3.1/thumb/v7e-m+fp/hard\libgcc.a
LOAD c:/st/stm32cubeide_1.7.0/stm32cubeide/plugins/com.st.stm32cube.ide.mcu.externaltools.gnu-tools-for-stm32.9-2020-q2-update.win32_2.0.0.202105311346/tools/bin/../lib/gcc/arm-none-eabi/9.3.1/../../../../arm-none-eabi/lib/thumb/v7e-m+fp/hard\libc_nano.a
END GROUP
START GROUP
LOAD c:/st/stm32cubeide_1.7.0/stm32cubeide/plugins/com.st.stm32cube.ide.mcu.externaltools.gnu-tools-for-stm32.9-2020-q2-update.win32_2.0.0.202105311346/tools/bin/../lib/gcc/arm-none-eabi/9.3.1/thumb/v7e-m+fp/hard\libgcc.a
LOAD c:/st/stm32cubeide_1.7.0/stm32cubeide/plugins/com.st.stm32cube.ide.mcu.externaltools.gnu-tools-for-stm32.9-2020-q2-update.win32_2.0.0.202105311346/tools/bin/../lib/gcc/arm-none-eabi/9.3.1/../../../../arm-none-eabi/lib/thumb/v7e-m+fp/hard\libc_nano.a
LOAD c:/st/stm32cubeide_1.7.0/stm32cubeide/plugins/com.st.stm32cube.ide.mcu.externaltools.gnu-tools-for-stm32.9-2020-q2-update.win32_2.0.0.202105311346/tools/bin/../lib/gcc/arm-none-eabi/9.3.1/../../../../arm-none-eabi/lib/thumb/v7e-m+fp/hard\libnosys.a
END GROUP
START GROUP
LOAD c:/st/stm32cubeide_1.7.0/stm32cubeide/plugins/com.st.stm32cube.ide.mcu.externaltools.gnu-tools-for-stm32.9-2020-q2-update.win32_2.0.0.202105311346/tools/bin/../lib/gcc/arm-none-eabi/9.3.1/thumb/v7e-m+fp/hard\libgcc.a
LOAD c:/st/stm32cubeide_1.7.0/stm32cubeide/plugins/com.st.stm32cube.ide.mcu.externaltools.gnu-tools-for-stm32.9-2020-q2-update.win32_2.0.0.202105311346/tools/bin/../lib/gcc/arm-none-eabi/9.3.1/../../../../arm-none-eabi/lib/thumb/v7e-m+fp/hard\libc_nano.a
LOAD c:/st/stm32cubeide_1.7.0/stm32cubeide/plugins/com.st.stm32cube.ide.mcu.externaltools.gnu-tools-for-stm32.9-2020-q2-update.win32_2.0.0.202105311346/tools/bin/../lib/gcc/arm-none-eabi/9.3.1/../../../../arm-none-eabi/lib/thumb/v7e-m+fp/hard\libnosys.a
END GROUP
LOAD c:/st/stm32cubeide_1.7.0/stm32cubeide/plugins/com.st.stm32cube.ide.mcu.externaltools.gnu-tools-for-stm32.9-2020-q2-update.win32_2.0.0.202105311346/tools/bin/../lib/gcc/arm-none-eabi/9.3.1/thumb/v7e-m+fp/hard/crtend.o
LOAD c:/st/stm32cubeide_1.7.0/stm32cubeide/plugins/com.st.stm32cube.ide.mcu.externaltools.gnu-tools-for-stm32.9-2020-q2-update.win32_2.0.0.202105311346/tools/bin/../lib/gcc/arm-none-eabi/9.3.1/thumb/v7e-m+fp/hard/crtn.o
                0x0000000020008000                _estack = (ORIGIN (RAM) + LENGTH (RAM))
                0x0000000000000200                _Min_Heap_Size = 0x200
                0x0000000000000400                _Min_Stack_Size = 0x400

.isr_vector     0x0000000008000000      0x1d8
                0x0000000008000000                . = ALIGN (0x4)
 *(.isr_vector)
 .isr_vector    0x0000000008000000      0x1d8 ./Application/Startup/startup_stm32g431cbux.o
                0x0000000008000000                g_pfnVectors
                0x00000000080001d8                . = ALIGN (0x4)

.text           0x00000000080001d8     0xb588
                0x00000000080001d8                . = ALIGN (0x4)
 *(.text)
 .text          0x00000000080001d8       0x40 c:/st/stm32cubeide_1.7.0/stm32cubeide/plugins/com.st.stm32cube.ide.mcu.externaltools.gnu-tools-for-stm32.9-2020-q2-update.win32_2.0.0.202105311346/tools/bin/../lib/gcc/arm-none-eabi/9.3.1/thumb/v7e-m+fp/hard/crtbegin.o
 .text          0x0000000008000218      0x378 c:/st/stm32cubeide_1.7.0/stm32cubeide/plugins/com.st.stm32cube.ide.mcu.externaltools.gnu-tools-for-stm32.9-2020-q2-update.win32_2.0.0.202105311346/tools/bin/../lib/gcc/arm-none-eabi/9.3.1/thumb/v7e-m+fp/hard\libgcc.a(_arm_addsubdf3.o)
                0x0000000008000218                __aeabi_drsub
                0x0000000008000220                __aeabi_dsub
                0x0000000008000220                __subdf3
                0x0000000008000224                __aeabi_dadd
                0x0000000008000224                __adddf3
                0x000000000800049c                __floatunsidf
                0x000000000800049c                __aeabi_ui2d
                0x00000000080004bc                __floatsidf
                0x00000000080004bc                __aeabi_i2d
                0x00000000080004e0                __aeabi_f2d
                0x00000000080004e0                __extendsfdf2
                0x0000000008000524                __floatundidf
                0x0000000008000524                __aeabi_ul2d
                0x0000000008000534                __floatdidf
                0x0000000008000534                __aeabi_l2d
 .text          0x0000000008000590      0x424 c:/st/stm32cubeide_1.7.0/stm32cubeide/plugins/com.st.stm32cube.ide.mcu.externaltools.gnu-tools-for-stm32.9-2020-q2-update.win32_2.0.0.202105311346/tools/bin/../lib/gcc/arm-none-eabi/9.3.1/thumb/v7e-m+fp/hard\libgcc.a(_arm_muldivdf3.o)
                0x0000000008000590                __aeabi_dmul
                0x0000000008000590                __muldf3
                0x00000000080007e4                __divdf3
                0x00000000080007e4                __aeabi_ddiv
 .text          0x00000000080009b4       0x50 c:/st/stm32cubeide_1.7.0/stm32cubeide/plugins/com.st.stm32cube.ide.mcu.externaltools.gnu-tools-for-stm32.9-2020-q2-update.win32_2.0.0.202105311346/tools/bin/../lib/gcc/arm-none-eabi/9.3.1/thumb/v7e-m+fp/hard\libgcc.a(_arm_fixdfsi.o)
                0x00000000080009b4                __aeabi_d2iz
                0x00000000080009b4                __fixdfsi
 .text          0x0000000008000a04       0xa0 c:/st/stm32cubeide_1.7.0/stm32cubeide/plugins/com.st.stm32cube.ide.mcu.externaltools.gnu-tools-for-stm32.9-2020-q2-update.win32_2.0.0.202105311346/tools/bin/../lib/gcc/arm-none-eabi/9.3.1/thumb/v7e-m+fp/hard\libgcc.a(_arm_truncdfsf2.o)
                0x0000000008000a04                __truncdfsf2
                0x0000000008000a04                __aeabi_d2f
 .text          0x0000000008000aa4       0x30 c:/st/stm32cubeide_1.7.0/stm32cubeide/plugins/com.st.stm32cube.ide.mcu.externaltools.gnu-tools-for-stm32.9-2020-q2-update.win32_2.0.0.202105311346/tools/bin/../lib/gcc/arm-none-eabi/9.3.1/thumb/v7e-m+fp/hard\libgcc.a(_aeabi_uldivmod.o)
                0x0000000008000aa4                __aeabi_uldivmod
 .text          0x0000000008000ad4      0x2c4 c:/st/stm32cubeide_1.7.0/stm32cubeide/plugins/com.st.stm32cube.ide.mcu.externaltools.gnu-tools-for-stm32.9-2020-q2-update.win32_2.0.0.202105311346/tools/bin/../lib/gcc/arm-none-eabi/9.3.1/thumb/v7e-m+fp/hard\libgcc.a(_udivmoddi4.o)
                0x0000000008000ad4                __udivmoddi4
 .text          0x0000000008000d98        0x4 c:/st/stm32cubeide_1.7.0/stm32cubeide/plugins/com.st.stm32cube.ide.mcu.externaltools.gnu-tools-for-stm32.9-2020-q2-update.win32_2.0.0.202105311346/tools/bin/../lib/gcc/arm-none-eabi/9.3.1/thumb/v7e-m+fp/hard\libgcc.a(_dvmd_tls.o)
                0x0000000008000d98                __aeabi_idiv0
                0x0000000008000d98                __aeabi_ldiv0
 *(.text*)
 .text.Reset_Handler
                0x0000000008000d9c       0x50 ./Application/Startup/startup_stm32g431cbux.o
                0x0000000008000d9c                Reset_Handler
 .text.Default_Handler
                0x0000000008000dec        0x2 ./Application/Startup/startup_stm32g431cbux.o
                0x0000000008000dec                RTC_Alarm_IRQHandler
                0x0000000008000dec                EXTI2_IRQHandler
                0x0000000008000dec                TIM8_TRG_COM_IRQHandler
                0x0000000008000dec                TIM8_CC_IRQHandler
                0x0000000008000dec                DebugMon_Handler
                0x0000000008000dec                TIM1_CC_IRQHandler
                0x0000000008000dec                USB_HP_IRQHandler
                0x0000000008000dec                CORDIC_IRQHandler
                0x0000000008000dec                PendSV_Handler
                0x0000000008000dec                NMI_Handler
                0x0000000008000dec                EXTI3_IRQHandler
                0x0000000008000dec                I2C3_ER_IRQHandler
                0x0000000008000dec                EXTI0_IRQHandler
                0x0000000008000dec                I2C2_EV_IRQHandler
                0x0000000008000dec                FPU_IRQHandler
                0x0000000008000dec                FDCAN1_IT1_IRQHandler
                0x0000000008000dec                UsageFault_Handler
                0x0000000008000dec                SPI1_IRQHandler
                0x0000000008000dec                TIM8_UP_IRQHandler
                0x0000000008000dec                DMA2_Channel2_IRQHandler
                0x0000000008000dec                DMA1_Channel4_IRQHandler
                0x0000000008000dec                USART3_IRQHandler
                0x0000000008000dec                DMA2_Channel1_IRQHandler
                0x0000000008000dec                I2C1_EV_IRQHandler
                0x0000000008000dec                DMA1_Channel6_IRQHandler
                0x0000000008000dec                UART4_IRQHandler
                0x0000000008000dec                DMA2_Channel4_IRQHandler
                0x0000000008000dec                TIM3_IRQHandler
                0x0000000008000dec                RCC_IRQHandler
                0x0000000008000dec                Default_Handler
                0x0000000008000dec                RTC_TAMP_LSECSS_IRQHandler
                0x0000000008000dec                FMAC_IRQHandler
                0x0000000008000dec                EXTI15_10_IRQHandler
                0x0000000008000dec                TIM7_IRQHandler
                0x0000000008000dec                UCPD1_IRQHandler
                0x0000000008000dec                I2C3_EV_IRQHandler
                0x0000000008000dec                EXTI9_5_IRQHandler
                0x0000000008000dec                RTC_WKUP_IRQHandler
                0x0000000008000dec                PVD_PVM_IRQHandler
                0x0000000008000dec                MemManage_Handler
                0x0000000008000dec                SVC_Handler
                0x0000000008000dec                DMA2_Channel5_IRQHandler
                0x0000000008000dec                CRS_IRQHandler
                0x0000000008000dec                DMA1_Channel5_IRQHandler
                0x0000000008000dec                USB_LP_IRQHandler
                0x0000000008000dec                EXTI4_IRQHandler
                0x0000000008000dec                RNG_IRQHandler
                0x0000000008000dec                TIM1_TRG_COM_TIM17_IRQHandler
                0x0000000008000dec                DMA1_Channel3_IRQHandler
                0x0000000008000dec                WWDG_IRQHandler
                0x0000000008000dec                LPUART1_IRQHandler
                0x0000000008000dec                DMA2_Channel6_IRQHandler
                0x0000000008000dec                TIM2_IRQHandler
                0x0000000008000dec                COMP1_2_3_IRQHandler
                0x0000000008000dec                EXTI1_IRQHandler
                0x0000000008000dec                I2C2_ER_IRQHandler
                0x0000000008000dec                DMA1_Channel2_IRQHandler
                0x0000000008000dec                TIM8_BRK_IRQHandler
                0x0000000008000dec                FLASH_IRQHandler
                0x0000000008000dec                BusFault_Handler
                0x0000000008000dec                USART1_IRQHandler
                0x0000000008000dec                SPI3_IRQHandler
                0x0000000008000dec                I2C1_ER_IRQHandler
                0x0000000008000dec                LPTIM1_IRQHandler
                0x0000000008000dec                DMAMUX_OVR_IRQHandler
                0x0000000008000dec                USBWakeUp_IRQHandler
                0x0000000008000dec                SAI1_IRQHandler
                0x0000000008000dec                DMA2_Channel3_IRQHandler
                0x0000000008000dec                COMP4_IRQHandler
 *fill*         0x0000000008000dee        0x2 
 .text.get_sector_number_from_calibration
                0x0000000008000df0      0x100 ./Application/User/main.o
                0x0000000008000df0                get_sector_number_from_calibration
 .text.motor_start
                0x0000000008000ef0       0x44 ./Application/User/main.o
                0x0000000008000ef0                motor_start
 .text.FSM_Set_State
                0x0000000008000f34       0x90 ./Application/User/main.o
                0x0000000008000f34                FSM_Set_State
 *fill*         0x0000000008000fc4        0x4 
 .text.HAL_FDCAN_RxFifo0Callback
                0x0000000008000fc8      0x20c ./Application/User/main.o
                0x0000000008000fc8                HAL_FDCAN_RxFifo0Callback
 .text.MA730_ReadRegister
                0x00000000080011d4      0x17c ./Application/User/main.o
                0x00000000080011d4                MA730_ReadRegister
 .text.MA730_WriteRegister
                0x0000000008001350       0xc0 ./Application/User/main.o
                0x0000000008001350                MA730_WriteRegister
 .text.Error_Handler
                0x0000000008001410        0x4 ./Application/User/main.o
                0x0000000008001410                Error_Handler
 .text.SystemClock_Config
                0x0000000008001414       0xa8 ./Application/User/main.o
                0x0000000008001414                SystemClock_Config
 .text.R3_2_GetPhaseCurrents
                0x00000000080014bc      0x17c ./Application/User/main.o
                0x00000000080014bc                R3_2_GetPhaseCurrents
 .text.HAL_TIM_PeriodElapsedCallback
                0x0000000008001638     0x1198 ./Application/User/main.o
                0x0000000008001638                HAL_TIM_PeriodElapsedCallback
 .text.startup.main
                0x00000000080027d0      0x6d8 ./Application/User/main.o
                0x00000000080027d0                main
 .text.MC_StartMotor1
                0x0000000008002ea8        0xc ./Application/User/mc_api.o
                0x0000000008002ea8                MC_StartMotor1
 .text.MC_StopMotor1
                0x0000000008002eb4        0xc ./Application/User/mc_api.o
                0x0000000008002eb4                MC_StopMotor1
 .text.MC_ProgramSpeedRampMotor1
                0x0000000008002ec0       0x10 ./Application/User/mc_api.o
                0x0000000008002ec0                MC_ProgramSpeedRampMotor1
 .text.MC_ProgramTorqueRampMotor1
                0x0000000008002ed0       0x10 ./Application/User/mc_api.o
                0x0000000008002ed0                MC_ProgramTorqueRampMotor1
 .text.MC_GetPhaseCurrentAmplitudeMotor1
                0x0000000008002ee0        0xc ./Application/User/mc_api.o
                0x0000000008002ee0                MC_GetPhaseCurrentAmplitudeMotor1
 .text.MC_AcknowledgeFaultMotor1
                0x0000000008002eec        0xc ./Application/User/mc_api.o
                0x0000000008002eec                MC_AcknowledgeFaultMotor1
 .text.MC_GetOccurredFaultsMotor1
                0x0000000008002ef8        0xc ./Application/User/mc_api.o
                0x0000000008002ef8                MC_GetOccurredFaultsMotor1
 .text.MC_GetCurrentFaultsMotor1
                0x0000000008002f04        0xc ./Application/User/mc_api.o
                0x0000000008002f04                MC_GetCurrentFaultsMotor1
 .text.MC_GetSTMStateMotor1
                0x0000000008002f10        0xc ./Application/User/mc_api.o
                0x0000000008002f10                MC_GetSTMStateMotor1
 .text.MCI_Init
                0x0000000008002f1c       0x1c ./Application/User/mc_interface.o
                0x0000000008002f1c                MCI_Init
 .text.MCI_ExecSpeedRamp
                0x0000000008002f38       0x18 ./Application/User/mc_interface.o
                0x0000000008002f38                MCI_ExecSpeedRamp
 .text.MCI_ExecTorqueRamp
                0x0000000008002f50       0x14 ./Application/User/mc_interface.o
                0x0000000008002f50                MCI_ExecTorqueRamp
 .text.MCI_SetCurrentReferences
                0x0000000008002f64       0x14 ./Application/User/mc_interface.o
                0x0000000008002f64                MCI_SetCurrentReferences
 .text.MCI_StartMotor
                0x0000000008002f78       0x14 ./Application/User/mc_interface.o
                0x0000000008002f78                MCI_StartMotor
 .text.MCI_StopMotor
                0x0000000008002f8c        0x8 ./Application/User/mc_interface.o
                0x0000000008002f8c                MCI_StopMotor
 .text.MCI_FaultAcknowledged
                0x0000000008002f94        0x8 ./Application/User/mc_interface.o
                0x0000000008002f94                MCI_FaultAcknowledged
 .text.MCI_EncoderAlign
                0x0000000008002f9c        0x8 ./Application/User/mc_interface.o
                0x0000000008002f9c                MCI_EncoderAlign
 .text.MCI_ExecBufferedCommands
                0x0000000008002fa4       0x78 ./Application/User/mc_interface.o
                0x0000000008002fa4                MCI_ExecBufferedCommands
 .text.MCI_GetSTMState
                0x000000000800301c        0x8 ./Application/User/mc_interface.o
                0x000000000800301c                MCI_GetSTMState
 .text.MCI_GetOccurredFaults
                0x0000000008003024        0xc ./Application/User/mc_interface.o
                0x0000000008003024                MCI_GetOccurredFaults
 .text.MCI_GetCurrentFaults
                0x0000000008003030        0xc ./Application/User/mc_interface.o
                0x0000000008003030                MCI_GetCurrentFaults
 .text.MCI_GetControlMode
                0x000000000800303c        0x4 ./Application/User/mc_interface.o
                0x000000000800303c                MCI_GetControlMode
 .text.MCI_GetLastRampFinalSpeed
                0x0000000008003040       0x10 ./Application/User/mc_interface.o
                0x0000000008003040                MCI_GetLastRampFinalSpeed
 .text.MCI_StopRamp
                0x0000000008003050        0x8 ./Application/User/mc_interface.o
                0x0000000008003050                MCI_StopRamp
 .text.MCI_GetAvrgMecSpeedUnit
                0x0000000008003058       0x10 ./Application/User/mc_interface.o
                0x0000000008003058                MCI_GetAvrgMecSpeedUnit
 .text.MCI_GetMecSpeedRefUnit
                0x0000000008003068        0x8 ./Application/User/mc_interface.o
                0x0000000008003068                MCI_GetMecSpeedRefUnit
 .text.MCI_GetIab
                0x0000000008003070       0x1c ./Application/User/mc_interface.o
                0x0000000008003070                MCI_GetIab
 .text.MCI_GetIalphabeta
                0x000000000800308c       0x1c ./Application/User/mc_interface.o
                0x000000000800308c                MCI_GetIalphabeta
 .text.MCI_GetIqd
                0x00000000080030a8       0x1c ./Application/User/mc_interface.o
                0x00000000080030a8                MCI_GetIqd
 .text.MCI_GetIqdref
                0x00000000080030c4       0x1c ./Application/User/mc_interface.o
                0x00000000080030c4                MCI_GetIqdref
 .text.MCI_GetVqd
                0x00000000080030e0       0x1c ./Application/User/mc_interface.o
                0x00000000080030e0                MCI_GetVqd
 .text.MCI_GetValphabeta
                0x00000000080030fc       0x1c ./Application/User/mc_interface.o
                0x00000000080030fc                MCI_GetValphabeta
 .text.MCI_GetTeref
                0x0000000008003118        0x8 ./Application/User/mc_interface.o
                0x0000000008003118                MCI_GetTeref
 .text.MCI_GetPhaseCurrentAmplitude
                0x0000000008003120       0x28 ./Application/User/mc_interface.o
                0x0000000008003120                MCI_GetPhaseCurrentAmplitude
 .text.MCI_SetIdref
                0x0000000008003148       0x14 ./Application/User/mc_interface.o
                0x0000000008003148                MCI_SetIdref
 .text.MCI_Clear_Iqdref
                0x000000000800315c       0x14 ./Application/User/mc_interface.o
                0x000000000800315c                MCI_Clear_Iqdref
 .text.MCM_Clarke
                0x0000000008003170       0x54 ./Application/User/mc_math.o
                0x0000000008003170                MCM_Clarke
 .text.MCM_Trig_Functions
                0x00000000080031c4       0x30 ./Application/User/mc_math.o
                0x00000000080031c4                MCM_Trig_Functions
 .text.MCM_Park
                0x00000000080031f4       0x84 ./Application/User/mc_math.o
                0x00000000080031f4                MCM_Park
 .text.MCM_Rev_Park
                0x0000000008003278       0x40 ./Application/User/mc_math.o
                0x0000000008003278                MCM_Rev_Park
 .text.MCM_Sqrt
                0x00000000080032b8       0x70 ./Application/User/mc_math.o
                0x00000000080032b8                MCM_Sqrt
 .text.FOC_Clear
                0x0000000008003328       0x88 ./Application/User/mc_tasks.o
                0x0000000008003328                FOC_Clear
 .text.MCboot   0x00000000080033b0      0x214 ./Application/User/mc_tasks.o
                0x00000000080033b0                MCboot
 .text.FOC_InitAdditionalMethods
                0x00000000080035c4        0x4 ./Application/User/mc_tasks.o
                0x00000000080035c4                FOC_InitAdditionalMethods
 .text.FOC_CalcCurrRef
                0x00000000080035c8       0x2c ./Application/User/mc_tasks.o
                0x00000000080035c8                FOC_CalcCurrRef
 .text.TSK_SetChargeBootCapDelayM1
                0x00000000080035f4        0xc ./Application/User/mc_tasks.o
                0x00000000080035f4                TSK_SetChargeBootCapDelayM1
 .text.TSK_ChargeBootCapDelayHasElapsedM1
                0x0000000008003600       0x14 ./Application/User/mc_tasks.o
                0x0000000008003600                TSK_ChargeBootCapDelayHasElapsedM1
 .text.TSK_SetStopPermanencyTimeM1
                0x0000000008003614        0xc ./Application/User/mc_tasks.o
                0x0000000008003614                TSK_SetStopPermanencyTimeM1
 .text.TSK_StopPermanencyTimeHasElapsedM1
                0x0000000008003620       0x14 ./Application/User/mc_tasks.o
                0x0000000008003620                TSK_StopPermanencyTimeHasElapsedM1
 .text.TSK_MediumFrequencyTaskM1
                0x0000000008003634      0x260 ./Application/User/mc_tasks.o
                0x0000000008003634                TSK_MediumFrequencyTaskM1
 .text.MC_Scheduler
                0x0000000008003894       0x58 ./Application/User/mc_tasks.o
                0x0000000008003894                MC_Scheduler
 .text.TSK_HighFrequencyTask
                0x00000000080038ec       0xf0 ./Application/User/mc_tasks.o
                0x00000000080038ec                TSK_HighFrequencyTask
 .text.TSK_SafetyTask_LSON
                0x00000000080039dc      0x104 ./Application/User/mc_tasks.o
                0x00000000080039dc                TSK_SafetyTask_LSON
 .text.TSK_SafetyTask
                0x0000000008003ae0       0x20 ./Application/User/mc_tasks.o
                0x0000000008003ae0                TSK_SafetyTask
 .text.MC_RunMotorControlTasks
                0x0000000008003b00       0x20 ./Application/User/mc_tasks.o
                0x0000000008003b00                MC_RunMotorControlTasks
 .text.TSK_HardwareFaultTask
                0x0000000008003b20       0x20 ./Application/User/mc_tasks.o
                0x0000000008003b20                TSK_HardwareFaultTask
 .text.mc_lock_pins
                0x0000000008003b40      0x130 ./Application/User/mc_tasks.o
                0x0000000008003b40                mc_lock_pins
 .text.MCP_ReceivedFrame
                0x0000000008003c70      0x5ec ./Application/User/motor_control_protocol.o
                0x0000000008003c70                MCP_ReceivedFrame
 .text.MCP_WaitNextFrame
                0x000000000800425c       0x1c ./Application/User/motor_control_protocol.o
                0x000000000800425c                MCP_WaitNextFrame
 .text.MCP_Init
                0x0000000008004278       0x40 ./Application/User/motor_control_protocol.o
                0x0000000008004278                MCP_Init
 .text.MCP_OnTimeOut
                0x00000000080042b8        0x8 ./Application/User/motor_control_protocol.o
                0x00000000080042b8                MCP_OnTimeOut
 .text.MCP_SentFrame
                0x00000000080042c0        0x8 ./Application/User/motor_control_protocol.o
                0x00000000080042c0                MCP_SentFrame
 .text.MX_MotorControl_Init
                0x00000000080042c8       0x4c ./Application/User/motorcontrol.o
                0x00000000080042c8                MX_MotorControl_Init
 .text.RCM_RegisterRegConv
                0x0000000008004314      0x1a8 ./Application/User/regular_conversion_manager.o
                0x0000000008004314                RCM_RegisterRegConv
 .text.RCM_ExecRegularConv
                0x00000000080044bc      0x184 ./Application/User/regular_conversion_manager.o
                0x00000000080044bc                RCM_ExecRegularConv
 .text.RCM_ExecUserConv
                0x0000000008004640       0x60 ./Application/User/regular_conversion_manager.o
                0x0000000008004640                RCM_ExecUserConv
 .text.RCM_ExecNextConv
                0x00000000080046a0       0x94 ./Application/User/regular_conversion_manager.o
                0x00000000080046a0                RCM_ExecNextConv
 .text.RCM_ReadOngoingConv
                0x0000000008004734       0x4c ./Application/User/regular_conversion_manager.o
                0x0000000008004734                RCM_ReadOngoingConv
 .text.HAL_MspInit
                0x0000000008004780       0x40 ./Application/User/stm32g4xx_hal_msp.o
                0x0000000008004780                HAL_MspInit
 .text.HAL_ADC_MspInit
                0x00000000080047c0      0x100 ./Application/User/stm32g4xx_hal_msp.o
                0x00000000080047c0                HAL_ADC_MspInit
 .text.HAL_CORDIC_MspInit
                0x00000000080048c0       0x30 ./Application/User/stm32g4xx_hal_msp.o
                0x00000000080048c0                HAL_CORDIC_MspInit
 .text.HAL_FDCAN_MspInit
                0x00000000080048f0       0x7c ./Application/User/stm32g4xx_hal_msp.o
                0x00000000080048f0                HAL_FDCAN_MspInit
 .text.HAL_SPI_MspInit
                0x000000000800496c       0xbc ./Application/User/stm32g4xx_hal_msp.o
                0x000000000800496c                HAL_SPI_MspInit
 .text.HAL_TIM_Base_MspInit
                0x0000000008004a28       0x68 ./Application/User/stm32g4xx_hal_msp.o
                0x0000000008004a28                HAL_TIM_Base_MspInit
 .text.HAL_TIM_Encoder_MspInit
                0x0000000008004a90       0x70 ./Application/User/stm32g4xx_hal_msp.o
                0x0000000008004a90                HAL_TIM_Encoder_MspInit
 .text.HAL_TIM_MspPostInit
                0x0000000008004b00       0xa8 ./Application/User/stm32g4xx_hal_msp.o
                0x0000000008004b00                HAL_TIM_MspPostInit
 .text.HAL_UART_MspInit
                0x0000000008004ba8       0x70 ./Application/User/stm32g4xx_hal_msp.o
                0x0000000008004ba8                HAL_UART_MspInit
 .text.DMA1_Channel1_IRQHandler
                0x0000000008004c18        0xc ./Application/User/stm32g4xx_it.o
                0x0000000008004c18                DMA1_Channel1_IRQHandler
 .text.FDCAN1_IT0_IRQHandler
                0x0000000008004c24        0xc ./Application/User/stm32g4xx_it.o
                0x0000000008004c24                FDCAN1_IT0_IRQHandler
 .text.SPI2_IRQHandler
                0x0000000008004c30        0xc ./Application/User/stm32g4xx_it.o
                0x0000000008004c30                SPI2_IRQHandler
 .text.TIM6_DAC_IRQHandler
                0x0000000008004c3c        0xc ./Application/User/stm32g4xx_it.o
                0x0000000008004c3c                TIM6_DAC_IRQHandler
 .text.ADC1_2_IRQHandler
                0x0000000008004c48        0xc ./Application/User/stm32g4xx_mc_it.o
                0x0000000008004c48                ADC1_2_IRQHandler
 .text.TIM1_UP_TIM16_IRQHandler
                0x0000000008004c54       0x18 ./Application/User/stm32g4xx_mc_it.o
                0x0000000008004c54                TIM1_UP_TIM16_IRQHandler
 .text.TIM1_BRK_TIM15_IRQHandler
                0x0000000008004c6c       0x3c ./Application/User/stm32g4xx_mc_it.o
                0x0000000008004c6c                TIM1_BRK_TIM15_IRQHandler
 .text.TIM4_IRQHandler
                0x0000000008004ca8       0x20 ./Application/User/stm32g4xx_mc_it.o
                0x0000000008004ca8                TIM4_IRQHandler
 .text.USART2_IRQHandler
                0x0000000008004cc8       0x68 ./Application/User/stm32g4xx_mc_it.o
                0x0000000008004cc8                USART2_IRQHandler
 .text.HardFault_Handler
                0x0000000008004d30       0x6c ./Application/User/stm32g4xx_mc_it.o
                0x0000000008004d30                HardFault_Handler
 .text.SysTick_Handler
                0x0000000008004d9c       0x30 ./Application/User/stm32g4xx_mc_it.o
                0x0000000008004d9c                SysTick_Handler
 .text.UI_TaskInit
                0x0000000008004dcc       0x80 ./Application/User/ui_task.o
                0x0000000008004dcc                UI_TaskInit
 .text.UI_Scheduler
                0x0000000008004e4c       0x44 ./Application/User/ui_task.o
                0x0000000008004e4c                UI_Scheduler
 .text.UI_SerialCommunicationTimeOutStop
                0x0000000008004e90        0xc ./Application/User/ui_task.o
                0x0000000008004e90                UI_SerialCommunicationTimeOutStop
 .text.UI_SerialCommunicationTimeOutStart
                0x0000000008004e9c        0xc ./Application/User/ui_task.o
                0x0000000008004e9c                UI_SerialCommunicationTimeOutStart
 .text.UI_Init  0x0000000008004ea8       0x14 ./Application/User/user_interface.o
                0x0000000008004ea8                UI_Init
 .text.UI_SelectMC
                0x0000000008004ebc       0x10 ./Application/User/user_interface.o
                0x0000000008004ebc                UI_SelectMC
 .text.UI_GetSelectedMC
                0x0000000008004ecc        0x4 ./Application/User/user_interface.o
                0x0000000008004ecc                UI_GetSelectedMC
 .text.UI_SetReg
                0x0000000008004ed0      0x180 ./Application/User/user_interface.o
                0x0000000008004ed0                UI_SetReg
 .text.UI_GetReg
                0x0000000008005050      0x404 ./Application/User/user_interface.o
                0x0000000008005050                UI_GetReg
 .text.UI_ExecCmd
                0x0000000008005454       0x78 ./Application/User/user_interface.o
                0x0000000008005454                UI_ExecCmd
 .text.UI_ExecSpeedRamp
                0x00000000080054cc       0x24 ./Application/User/user_interface.o
                0x00000000080054cc                UI_ExecSpeedRamp
 .text.UI_ExecTorqueRamp
                0x00000000080054f0       0x14 ./Application/User/user_interface.o
                0x00000000080054f0                UI_ExecTorqueRamp
 .text.UI_GetRevupData
                0x0000000008005504       0x3c ./Application/User/user_interface.o
                0x0000000008005504                UI_GetRevupData
 .text.UI_SetRevupData
                0x0000000008005540       0x38 ./Application/User/user_interface.o
                0x0000000008005540                UI_SetRevupData
 .text.UI_SetCurrentReferences
                0x0000000008005578       0x20 ./Application/User/user_interface.o
                0x0000000008005578                UI_SetCurrentReferences
 .text.UI_GetMPInfo
                0x0000000008005598        0x4 ./Application/User/user_interface.o
                0x0000000008005598                UI_GetMPInfo
 .text.SystemInit
                0x000000000800559c       0x14 ./Drivers/CMSIS/system_stm32g4xx.o
                0x000000000800559c                SystemInit
 .text.HAL_InitTick
                0x00000000080055b0       0x4c ./Drivers/STM32G4xx_HAL_Driver/stm32g4xx_hal.o
                0x00000000080055b0                HAL_InitTick
 .text.HAL_Init
                0x00000000080055fc       0x20 ./Drivers/STM32G4xx_HAL_Driver/stm32g4xx_hal.o
                0x00000000080055fc                HAL_Init
 .text.HAL_IncTick
                0x000000000800561c       0x18 ./Drivers/STM32G4xx_HAL_Driver/stm32g4xx_hal.o
                0x000000000800561c                HAL_IncTick
 .text.HAL_GetTick
                0x0000000008005634        0xc ./Drivers/STM32G4xx_HAL_Driver/stm32g4xx_hal.o
                0x0000000008005634                HAL_GetTick
 .text.HAL_Delay
                0x0000000008005640       0x24 ./Drivers/STM32G4xx_HAL_Driver/stm32g4xx_hal.o
                0x0000000008005640                HAL_Delay
 .text.HAL_ADC_Init
                0x0000000008005664      0x20c ./Drivers/STM32G4xx_HAL_Driver/stm32g4xx_hal_adc.o
                0x0000000008005664                HAL_ADC_Init
 .text.HAL_ADC_ConfigChannel
                0x0000000008005870      0x4d4 ./Drivers/STM32G4xx_HAL_Driver/stm32g4xx_hal_adc.o
                0x0000000008005870                HAL_ADC_ConfigChannel
 .text.HAL_ADCEx_InjectedConfigChannel
                0x0000000008005d44      0x608 ./Drivers/STM32G4xx_HAL_Driver/stm32g4xx_hal_adc_ex.o
                0x0000000008005d44                HAL_ADCEx_InjectedConfigChannel
 .text.HAL_ADCEx_MultiModeConfigChannel
                0x000000000800634c       0xcc ./Drivers/STM32G4xx_HAL_Driver/stm32g4xx_hal_adc_ex.o
                0x000000000800634c                HAL_ADCEx_MultiModeConfigChannel
 .text.HAL_CORDIC_Init
                0x0000000008006418       0x34 ./Drivers/STM32G4xx_HAL_Driver/stm32g4xx_hal_cordic.o
                0x0000000008006418                HAL_CORDIC_Init
 .text.HAL_NVIC_SetPriorityGrouping
                0x000000000800644c       0x28 ./Drivers/STM32G4xx_HAL_Driver/stm32g4xx_hal_cortex.o
                0x000000000800644c                HAL_NVIC_SetPriorityGrouping
 .text.HAL_NVIC_SetPriority
                0x0000000008006474       0x70 ./Drivers/STM32G4xx_HAL_Driver/stm32g4xx_hal_cortex.o
                0x0000000008006474                HAL_NVIC_SetPriority
 .text.HAL_NVIC_EnableIRQ
                0x00000000080064e4       0x1c ./Drivers/STM32G4xx_HAL_Driver/stm32g4xx_hal_cortex.o
                0x00000000080064e4                HAL_NVIC_EnableIRQ
 .text.HAL_SYSTICK_Config
                0x0000000008006500       0x34 ./Drivers/STM32G4xx_HAL_Driver/stm32g4xx_hal_cortex.o
                0x0000000008006500                HAL_SYSTICK_Config
 .text.HAL_SYSTICK_Callback
                0x0000000008006534        0x4 ./Drivers/STM32G4xx_HAL_Driver/stm32g4xx_hal_cortex.o
                0x0000000008006534                HAL_SYSTICK_Callback
 .text.HAL_SYSTICK_IRQHandler
                0x0000000008006538        0x8 ./Drivers/STM32G4xx_HAL_Driver/stm32g4xx_hal_cortex.o
                0x0000000008006538                HAL_SYSTICK_IRQHandler
 .text.HAL_DMA_Init
                0x0000000008006540      0x130 ./Drivers/STM32G4xx_HAL_Driver/stm32g4xx_hal_dma.o
                0x0000000008006540                HAL_DMA_Init
 .text.HAL_DMA_Abort_IT
                0x0000000008006670       0x80 ./Drivers/STM32G4xx_HAL_Driver/stm32g4xx_hal_dma.o
                0x0000000008006670                HAL_DMA_Abort_IT
 .text.HAL_DMA_IRQHandler
                0x00000000080066f0       0x9c ./Drivers/STM32G4xx_HAL_Driver/stm32g4xx_hal_dma.o
                0x00000000080066f0                HAL_DMA_IRQHandler
 .text.HAL_FDCAN_Init
                0x000000000800678c      0x1e0 ./Drivers/STM32G4xx_HAL_Driver/stm32g4xx_hal_fdcan.o
                0x000000000800678c                HAL_FDCAN_Init
 .text.HAL_FDCAN_ConfigFilter
                0x000000000800696c       0x64 ./Drivers/STM32G4xx_HAL_Driver/stm32g4xx_hal_fdcan.o
                0x000000000800696c                HAL_FDCAN_ConfigFilter
 .text.HAL_FDCAN_ConfigGlobalFilter
                0x00000000080069d0       0x40 ./Drivers/STM32G4xx_HAL_Driver/stm32g4xx_hal_fdcan.o
                0x00000000080069d0                HAL_FDCAN_ConfigGlobalFilter
 .text.HAL_FDCAN_ConfigTxDelayCompensation
                0x0000000008006a10       0x20 ./Drivers/STM32G4xx_HAL_Driver/stm32g4xx_hal_fdcan.o
                0x0000000008006a10                HAL_FDCAN_ConfigTxDelayCompensation
 .text.HAL_FDCAN_EnableTxDelayCompensation
                0x0000000008006a30       0x24 ./Drivers/STM32G4xx_HAL_Driver/stm32g4xx_hal_fdcan.o
                0x0000000008006a30                HAL_FDCAN_EnableTxDelayCompensation
 .text.HAL_FDCAN_EnableISOMode
                0x0000000008006a54       0x24 ./Drivers/STM32G4xx_HAL_Driver/stm32g4xx_hal_fdcan.o
                0x0000000008006a54                HAL_FDCAN_EnableISOMode
 .text.HAL_FDCAN_Start
                0x0000000008006a78       0x30 ./Drivers/STM32G4xx_HAL_Driver/stm32g4xx_hal_fdcan.o
                0x0000000008006a78                HAL_FDCAN_Start
 .text.HAL_FDCAN_AddMessageToTxFifoQ
                0x0000000008006aa8       0xd0 ./Drivers/STM32G4xx_HAL_Driver/stm32g4xx_hal_fdcan.o
                0x0000000008006aa8                HAL_FDCAN_AddMessageToTxFifoQ
 .text.HAL_FDCAN_GetRxMessage
                0x0000000008006b78       0xfc ./Drivers/STM32G4xx_HAL_Driver/stm32g4xx_hal_fdcan.o
                0x0000000008006b78                HAL_FDCAN_GetRxMessage
 .text.HAL_FDCAN_ActivateNotification
                0x0000000008006c74       0xe4 ./Drivers/STM32G4xx_HAL_Driver/stm32g4xx_hal_fdcan.o
                0x0000000008006c74                HAL_FDCAN_ActivateNotification
 .text.HAL_FDCAN_TxEventFifoCallback
                0x0000000008006d58        0x4 ./Drivers/STM32G4xx_HAL_Driver/stm32g4xx_hal_fdcan.o
                0x0000000008006d58                HAL_FDCAN_TxEventFifoCallback
 .text.HAL_FDCAN_RxFifo1Callback
                0x0000000008006d5c        0x4 ./Drivers/STM32G4xx_HAL_Driver/stm32g4xx_hal_fdcan.o
                0x0000000008006d5c                HAL_FDCAN_RxFifo1Callback
 .text.HAL_FDCAN_TxFifoEmptyCallback
                0x0000000008006d60        0x4 ./Drivers/STM32G4xx_HAL_Driver/stm32g4xx_hal_fdcan.o
                0x0000000008006d60                HAL_FDCAN_TxFifoEmptyCallback
 .text.HAL_FDCAN_TxBufferCompleteCallback
                0x0000000008006d64        0x4 ./Drivers/STM32G4xx_HAL_Driver/stm32g4xx_hal_fdcan.o
                0x0000000008006d64                HAL_FDCAN_TxBufferCompleteCallback
 .text.HAL_FDCAN_TxBufferAbortCallback
                0x0000000008006d68        0x4 ./Drivers/STM32G4xx_HAL_Driver/stm32g4xx_hal_fdcan.o
                0x0000000008006d68                HAL_FDCAN_TxBufferAbortCallback
 .text.HAL_FDCAN_TimestampWraparoundCallback
                0x0000000008006d6c        0x4 ./Drivers/STM32G4xx_HAL_Driver/stm32g4xx_hal_fdcan.o
                0x0000000008006d6c                HAL_FDCAN_TimestampWraparoundCallback
 .text.HAL_FDCAN_TimeoutOccurredCallback
                0x0000000008006d70        0x4 ./Drivers/STM32G4xx_HAL_Driver/stm32g4xx_hal_fdcan.o
                0x0000000008006d70                HAL_FDCAN_TimeoutOccurredCallback
 .text.HAL_FDCAN_HighPriorityMessageCallback
                0x0000000008006d74        0x4 ./Drivers/STM32G4xx_HAL_Driver/stm32g4xx_hal_fdcan.o
                0x0000000008006d74                HAL_FDCAN_HighPriorityMessageCallback
 .text.HAL_FDCAN_ErrorCallback
                0x0000000008006d78        0x4 ./Drivers/STM32G4xx_HAL_Driver/stm32g4xx_hal_fdcan.o
                0x0000000008006d78                HAL_FDCAN_ErrorCallback
 .text.HAL_FDCAN_ErrorStatusCallback
                0x0000000008006d7c        0x4 ./Drivers/STM32G4xx_HAL_Driver/stm32g4xx_hal_fdcan.o
                0x0000000008006d7c                HAL_FDCAN_ErrorStatusCallback
 .text.HAL_FDCAN_IRQHandler
                0x0000000008006d80      0x190 ./Drivers/STM32G4xx_HAL_Driver/stm32g4xx_hal_fdcan.o
                0x0000000008006d80                HAL_FDCAN_IRQHandler
 .text.HAL_FLASH_Program
                0x0000000008006f10      0x15c ./Drivers/STM32G4xx_HAL_Driver/stm32g4xx_hal_flash.o
                0x0000000008006f10                HAL_FLASH_Program
 .text.HAL_FLASH_Unlock
                0x000000000800706c       0x28 ./Drivers/STM32G4xx_HAL_Driver/stm32g4xx_hal_flash.o
                0x000000000800706c                HAL_FLASH_Unlock
 .text.HAL_FLASH_Lock
                0x0000000008007094       0x18 ./Drivers/STM32G4xx_HAL_Driver/stm32g4xx_hal_flash.o
                0x0000000008007094                HAL_FLASH_Lock
 .text.HAL_FLASH_GetError
                0x00000000080070ac        0xc ./Drivers/STM32G4xx_HAL_Driver/stm32g4xx_hal_flash.o
                0x00000000080070ac                HAL_FLASH_GetError
 .text.FLASH_WaitForLastOperation
                0x00000000080070b8       0x54 ./Drivers/STM32G4xx_HAL_Driver/stm32g4xx_hal_flash.o
                0x00000000080070b8                FLASH_WaitForLastOperation
 .text.HAL_FLASHEx_Erase
                0x000000000800710c      0x160 ./Drivers/STM32G4xx_HAL_Driver/stm32g4xx_hal_flash_ex.o
                0x000000000800710c                HAL_FLASHEx_Erase
 .text.HAL_GPIO_Init
                0x000000000800726c      0x1e8 ./Drivers/STM32G4xx_HAL_Driver/stm32g4xx_hal_gpio.o
                0x000000000800726c                HAL_GPIO_Init
 .text.HAL_GPIO_ReadPin
                0x0000000008007454        0xc ./Drivers/STM32G4xx_HAL_Driver/stm32g4xx_hal_gpio.o
                0x0000000008007454                HAL_GPIO_ReadPin
 .text.HAL_GPIO_WritePin
                0x0000000008007460        0xc ./Drivers/STM32G4xx_HAL_Driver/stm32g4xx_hal_gpio.o
                0x0000000008007460                HAL_GPIO_WritePin
 .text.HAL_PWREx_ControlVoltageScaling
                0x000000000800746c       0xfc ./Drivers/STM32G4xx_HAL_Driver/stm32g4xx_hal_pwr_ex.o
                0x000000000800746c                HAL_PWREx_ControlVoltageScaling
 .text.HAL_PWREx_DisableUCPDDeadBattery
                0x0000000008007568       0x10 ./Drivers/STM32G4xx_HAL_Driver/stm32g4xx_hal_pwr_ex.o
                0x0000000008007568                HAL_PWREx_DisableUCPDDeadBattery
 .text.HAL_RCC_OscConfig
                0x0000000008007578      0x498 ./Drivers/STM32G4xx_HAL_Driver/stm32g4xx_hal_rcc.o
                0x0000000008007578                HAL_RCC_OscConfig
 .text.HAL_RCC_GetSysClockFreq
                0x0000000008007a10       0x5c ./Drivers/STM32G4xx_HAL_Driver/stm32g4xx_hal_rcc.o
                0x0000000008007a10                HAL_RCC_GetSysClockFreq
 .text.HAL_RCC_ClockConfig
                0x0000000008007a6c      0x214 ./Drivers/STM32G4xx_HAL_Driver/stm32g4xx_hal_rcc.o
                0x0000000008007a6c                HAL_RCC_ClockConfig
 .text.HAL_RCC_GetHCLKFreq
                0x0000000008007c80        0xc ./Drivers/STM32G4xx_HAL_Driver/stm32g4xx_hal_rcc.o
                0x0000000008007c80                HAL_RCC_GetHCLKFreq
 .text.HAL_RCC_GetPCLK1Freq
                0x0000000008007c8c       0x24 ./Drivers/STM32G4xx_HAL_Driver/stm32g4xx_hal_rcc.o
                0x0000000008007c8c                HAL_RCC_GetPCLK1Freq
 .text.HAL_RCC_GetPCLK2Freq
                0x0000000008007cb0       0x24 ./Drivers/STM32G4xx_HAL_Driver/stm32g4xx_hal_rcc.o
                0x0000000008007cb0                HAL_RCC_GetPCLK2Freq
 .text.HAL_RCCEx_PeriphCLKConfig
                0x0000000008007cd4      0x298 ./Drivers/STM32G4xx_HAL_Driver/stm32g4xx_hal_rcc_ex.o
                0x0000000008007cd4                HAL_RCCEx_PeriphCLKConfig
 .text.SPI_WaitFifoStateUntilTimeout.constprop.1
                0x0000000008007f6c       0xd4 ./Drivers/STM32G4xx_HAL_Driver/stm32g4xx_hal_spi.o
 .text.SPI_EndRxTxTransaction
                0x0000000008008040      0x134 ./Drivers/STM32G4xx_HAL_Driver/stm32g4xx_hal_spi.o
 .text.HAL_SPI_Init
                0x0000000008008174      0x10c ./Drivers/STM32G4xx_HAL_Driver/stm32g4xx_hal_spi.o
                0x0000000008008174                HAL_SPI_Init
 .text.HAL_SPI_TransmitReceive
                0x0000000008008280      0x318 ./Drivers/STM32G4xx_HAL_Driver/stm32g4xx_hal_spi.o
                0x0000000008008280                HAL_SPI_TransmitReceive
 .text.HAL_SPI_ErrorCallback
                0x0000000008008598        0x4 ./Drivers/STM32G4xx_HAL_Driver/stm32g4xx_hal_spi.o
                0x0000000008008598                HAL_SPI_ErrorCallback
 .text.HAL_SPI_IRQHandler
                0x000000000800859c      0x138 ./Drivers/STM32G4xx_HAL_Driver/stm32g4xx_hal_spi.o
                0x000000000800859c                HAL_SPI_IRQHandler
 .text.SPI_DMAAbortOnError
                0x00000000080086d4       0x14 ./Drivers/STM32G4xx_HAL_Driver/stm32g4xx_hal_spi.o
 .text.TIM_OC1_SetConfig
                0x00000000080086e8       0x7c ./Drivers/STM32G4xx_HAL_Driver/stm32g4xx_hal_tim.o
 .text.TIM_OC3_SetConfig
                0x0000000008008764       0x80 ./Drivers/STM32G4xx_HAL_Driver/stm32g4xx_hal_tim.o
 .text.TIM_OC4_SetConfig
                0x00000000080087e4       0x80 ./Drivers/STM32G4xx_HAL_Driver/stm32g4xx_hal_tim.o
 .text.HAL_TIM_Base_Init
                0x0000000008008864      0x108 ./Drivers/STM32G4xx_HAL_Driver/stm32g4xx_hal_tim.o
                0x0000000008008864                HAL_TIM_Base_Init
 .text.HAL_TIM_Base_Start_IT
                0x000000000800896c       0x74 ./Drivers/STM32G4xx_HAL_Driver/stm32g4xx_hal_tim.o
                0x000000000800896c                HAL_TIM_Base_Start_IT
 .text.HAL_TIM_Base_Stop_IT
                0x00000000080089e0       0x30 ./Drivers/STM32G4xx_HAL_Driver/stm32g4xx_hal_tim.o
                0x00000000080089e0                HAL_TIM_Base_Stop_IT
 .text.HAL_TIM_PWM_MspInit
                0x0000000008008a10        0x4 ./Drivers/STM32G4xx_HAL_Driver/stm32g4xx_hal_tim.o
                0x0000000008008a10                HAL_TIM_PWM_MspInit
 .text.HAL_TIM_PWM_Init
                0x0000000008008a14      0x108 ./Drivers/STM32G4xx_HAL_Driver/stm32g4xx_hal_tim.o
                0x0000000008008a14                HAL_TIM_PWM_Init
 .text.HAL_TIM_Encoder_Init
                0x0000000008008b1c      0x164 ./Drivers/STM32G4xx_HAL_Driver/stm32g4xx_hal_tim.o
                0x0000000008008b1c                HAL_TIM_Encoder_Init
 .text.HAL_TIM_SlaveConfigSynchro
                0x0000000008008c80      0x104 ./Drivers/STM32G4xx_HAL_Driver/stm32g4xx_hal_tim.o
                0x0000000008008c80                HAL_TIM_SlaveConfigSynchro
 .text.HAL_TIM_OC_DelayElapsedCallback
                0x0000000008008d84        0x4 ./Drivers/STM32G4xx_HAL_Driver/stm32g4xx_hal_tim.o
                0x0000000008008d84                HAL_TIM_OC_DelayElapsedCallback
 .text.HAL_TIM_IC_CaptureCallback
                0x0000000008008d88        0x4 ./Drivers/STM32G4xx_HAL_Driver/stm32g4xx_hal_tim.o
                0x0000000008008d88                HAL_TIM_IC_CaptureCallback
 .text.HAL_TIM_PWM_PulseFinishedCallback
                0x0000000008008d8c        0x4 ./Drivers/STM32G4xx_HAL_Driver/stm32g4xx_hal_tim.o
                0x0000000008008d8c                HAL_TIM_PWM_PulseFinishedCallback
 .text.HAL_TIM_TriggerCallback
                0x0000000008008d90        0x4 ./Drivers/STM32G4xx_HAL_Driver/stm32g4xx_hal_tim.o
                0x0000000008008d90                HAL_TIM_TriggerCallback
 .text.HAL_TIM_IRQHandler
                0x0000000008008d94      0x1f4 ./Drivers/STM32G4xx_HAL_Driver/stm32g4xx_hal_tim.o
                0x0000000008008d94                HAL_TIM_IRQHandler
 .text.TIM_OC2_SetConfig
                0x0000000008008f88       0x80 ./Drivers/STM32G4xx_HAL_Driver/stm32g4xx_hal_tim.o
                0x0000000008008f88                TIM_OC2_SetConfig
 .text.HAL_TIM_PWM_ConfigChannel
                0x0000000008009008      0x1f4 ./Drivers/STM32G4xx_HAL_Driver/stm32g4xx_hal_tim.o
                0x0000000008009008                HAL_TIM_PWM_ConfigChannel
 .text.HAL_TIMEx_MasterConfigSynchronization
                0x00000000080091fc       0x90 ./Drivers/STM32G4xx_HAL_Driver/stm32g4xx_hal_tim_ex.o
                0x00000000080091fc                HAL_TIMEx_MasterConfigSynchronization
 .text.HAL_TIMEx_ConfigBreakDeadTime
                0x000000000800928c       0x9c ./Drivers/STM32G4xx_HAL_Driver/stm32g4xx_hal_tim_ex.o
                0x000000000800928c                HAL_TIMEx_ConfigBreakDeadTime
 .text.HAL_TIMEx_CommutCallback
                0x0000000008009328        0x4 ./Drivers/STM32G4xx_HAL_Driver/stm32g4xx_hal_tim_ex.o
                0x0000000008009328                HAL_TIMEx_CommutCallback
 .text.HAL_TIMEx_BreakCallback
                0x000000000800932c        0x4 ./Drivers/STM32G4xx_HAL_Driver/stm32g4xx_hal_tim_ex.o
                0x000000000800932c                HAL_TIMEx_BreakCallback
 .text.HAL_TIMEx_Break2Callback
                0x0000000008009330        0x4 ./Drivers/STM32G4xx_HAL_Driver/stm32g4xx_hal_tim_ex.o
                0x0000000008009330                HAL_TIMEx_Break2Callback
 .text.HAL_TIMEx_EncoderIndexCallback
                0x0000000008009334        0x4 ./Drivers/STM32G4xx_HAL_Driver/stm32g4xx_hal_tim_ex.o
                0x0000000008009334                HAL_TIMEx_EncoderIndexCallback
 .text.HAL_TIMEx_DirectionChangeCallback
                0x0000000008009338        0x4 ./Drivers/STM32G4xx_HAL_Driver/stm32g4xx_hal_tim_ex.o
                0x0000000008009338                HAL_TIMEx_DirectionChangeCallback
 .text.HAL_TIMEx_IndexErrorCallback
                0x000000000800933c        0x4 ./Drivers/STM32G4xx_HAL_Driver/stm32g4xx_hal_tim_ex.o
                0x000000000800933c                HAL_TIMEx_IndexErrorCallback
 .text.HAL_TIMEx_TransitionErrorCallback
                0x0000000008009340        0x4 ./Drivers/STM32G4xx_HAL_Driver/stm32g4xx_hal_tim_ex.o
                0x0000000008009340                HAL_TIMEx_TransitionErrorCallback
 .text.UART_AdvFeatureConfig
                0x0000000008009344       0xb0 ./Drivers/STM32G4xx_HAL_Driver/stm32g4xx_hal_uart.o
                0x0000000008009344                UART_AdvFeatureConfig
 .text.UART_CheckIdleState
                0x00000000080093f4       0xc8 ./Drivers/STM32G4xx_HAL_Driver/stm32g4xx_hal_uart.o
                0x00000000080093f4                UART_CheckIdleState
 .text.HAL_UART_Init
                0x00000000080094bc      0x370 ./Drivers/STM32G4xx_HAL_Driver/stm32g4xx_hal_uart.o
                0x00000000080094bc                HAL_UART_Init
 .text.HAL_UARTEx_DisableFifoMode
                0x000000000800982c       0x3c ./Drivers/STM32G4xx_HAL_Driver/stm32g4xx_hal_uart_ex.o
                0x000000000800982c                HAL_UARTEx_DisableFifoMode
 .text.HAL_UARTEx_SetTxFifoThreshold
                0x0000000008009868       0x7c ./Drivers/STM32G4xx_HAL_Driver/stm32g4xx_hal_uart_ex.o
                0x0000000008009868                HAL_UARTEx_SetTxFifoThreshold
 .text.HAL_UARTEx_SetRxFifoThreshold
                0x00000000080098e4       0x7c ./Drivers/STM32G4xx_HAL_Driver/stm32g4xx_hal_uart_ex.o
                0x00000000080098e4                HAL_UARTEx_SetRxFifoThreshold
 .text.VBS_GetAvBusVoltage_V
                0x0000000008009960        0xc ./Middlewares/MotorControl/bus_voltage_sensor.o
                0x0000000008009960                VBS_GetAvBusVoltage_V
 .text.Circle_Limitation
                0x000000000800996c       0x64 ./Middlewares/MotorControl/circle_limitation.o
                0x000000000800996c                Circle_Limitation
 .text.EAC_Init
                0x00000000080099d0       0x14 ./Middlewares/MotorControl/enc_align_ctrl.o
                0x00000000080099d0                EAC_Init
 .text.EAC_StartAlignment
                0x00000000080099e4       0x50 ./Middlewares/MotorControl/enc_align_ctrl.o
                0x00000000080099e4                EAC_StartAlignment
 .text.EAC_Exec
                0x0000000008009a34       0x30 ./Middlewares/MotorControl/enc_align_ctrl.o
                0x0000000008009a34                EAC_Exec
 .text.EAC_IsAligned
                0x0000000008009a64        0x4 ./Middlewares/MotorControl/enc_align_ctrl.o
                0x0000000008009a64                EAC_IsAligned
 .text.EAC_SetRestartState
                0x0000000008009a68        0x4 ./Middlewares/MotorControl/enc_align_ctrl.o
                0x0000000008009a68                EAC_SetRestartState
 .text.EAC_GetRestartState
                0x0000000008009a6c        0x4 ./Middlewares/MotorControl/enc_align_ctrl.o
                0x0000000008009a6c                EAC_GetRestartState
 .text.ENC_Init
                0x0000000008009a70       0x7c ./Middlewares/MotorControl/encoder_speed_pos_fdbk.o
                0x0000000008009a70                ENC_Init
 .text.ENC_Clear
                0x0000000008009aec       0x24 ./Middlewares/MotorControl/encoder_speed_pos_fdbk.o
                0x0000000008009aec                ENC_Clear
 .text.ENC_CalcAngle
                0x0000000008009b10       0x40 ./Middlewares/MotorControl/encoder_speed_pos_fdbk.o
                0x0000000008009b10                ENC_CalcAngle
 .text.ENC_CalcAvrgMecSpeedUnit
                0x0000000008009b50      0x19c ./Middlewares/MotorControl/encoder_speed_pos_fdbk.o
                0x0000000008009b50                ENC_CalcAvrgMecSpeedUnit
 .text.ENC_SetMecAngle
                0x0000000008009cec       0x30 ./Middlewares/MotorControl/encoder_speed_pos_fdbk.o
                0x0000000008009cec                ENC_SetMecAngle
 .text.ENC_IRQHandler
                0x0000000008009d1c       0x14 ./Middlewares/MotorControl/encoder_speed_pos_fdbk.o
                0x0000000008009d1c                ENC_IRQHandler
 .text.FCP_Init
                0x0000000008009d30       0x18 ./Middlewares/MotorControl/frame_communication_protocol.o
                0x0000000008009d30                FCP_Init
 .text.FCP_SetClient
                0x0000000008009d48       0x10 ./Middlewares/MotorControl/frame_communication_protocol.o
                0x0000000008009d48                FCP_SetClient
 .text.FCP_CalcCRC
                0x0000000008009d58       0x2c ./Middlewares/MotorControl/frame_communication_protocol.o
                0x0000000008009d58                FCP_CalcCRC
 .text.MPM_Clear
                0x0000000008009d84       0x18 ./Middlewares/MotorControl/motor_power_measurement.o
                0x0000000008009d84                MPM_Clear
 .text.MPM_CalcElMotorPower
                0x0000000008009d9c       0x44 ./Middlewares/MotorControl/motor_power_measurement.o
                0x0000000008009d9c                MPM_CalcElMotorPower
 .text.MPM_GetAvrgElMotorPowerW
                0x0000000008009de0        0x8 ./Middlewares/MotorControl/motor_power_measurement.o
                0x0000000008009de0                MPM_GetAvrgElMotorPowerW
 .text.NTC_SetFaultState
                0x0000000008009de8       0x1c ./Middlewares/MotorControl/ntc_temperature_sensor.o
                0x0000000008009de8                NTC_SetFaultState
 .text.NTC_Clear
                0x0000000008009e04        0x8 ./Middlewares/MotorControl/ntc_temperature_sensor.o
                0x0000000008009e04                NTC_Clear
 .text.NTC_Init
                0x0000000008009e0c       0x24 ./Middlewares/MotorControl/ntc_temperature_sensor.o
                0x0000000008009e0c                NTC_Init
 .text.NTC_CalcAvTemp
                0x0000000008009e30       0x38 ./Middlewares/MotorControl/ntc_temperature_sensor.o
                0x0000000008009e30                NTC_CalcAvTemp
 .text.NTC_GetAvTemp_C
                0x0000000008009e68       0x2c ./Middlewares/MotorControl/ntc_temperature_sensor.o
                0x0000000008009e68                NTC_GetAvTemp_C
 .text.PID_HandleInit
                0x0000000008009e94       0x10 ./Middlewares/MotorControl/pid_regulator.o
                0x0000000008009e94                PID_HandleInit
 .text.PID_SetKP
                0x0000000008009ea4        0x4 ./Middlewares/MotorControl/pid_regulator.o
                0x0000000008009ea4                PID_SetKP
 .text.PID_SetKI
                0x0000000008009ea8        0x4 ./Middlewares/MotorControl/pid_regulator.o
                0x0000000008009ea8                PID_SetKI
 .text.PID_GetKP
                0x0000000008009eac        0x8 ./Middlewares/MotorControl/pid_regulator.o
                0x0000000008009eac                PID_GetKP
 .text.PID_GetKI
                0x0000000008009eb4        0x8 ./Middlewares/MotorControl/pid_regulator.o
                0x0000000008009eb4                PID_GetKI
 .text.PID_SetIntegralTerm
                0x0000000008009ebc        0x4 ./Middlewares/MotorControl/pid_regulator.o
                0x0000000008009ebc                PID_SetIntegralTerm
 .text.PID_GetKPDivisor
                0x0000000008009ec0        0x4 ./Middlewares/MotorControl/pid_regulator.o
                0x0000000008009ec0                PID_GetKPDivisor
 .text.PID_GetKIDivisor
                0x0000000008009ec4        0x4 ./Middlewares/MotorControl/pid_regulator.o
                0x0000000008009ec4                PID_GetKIDivisor
 .text.PID_SetKD
                0x0000000008009ec8        0x4 ./Middlewares/MotorControl/pid_regulator.o
                0x0000000008009ec8                PID_SetKD
 .text.PID_GetKD
                0x0000000008009ecc        0x8 ./Middlewares/MotorControl/pid_regulator.o
                0x0000000008009ecc                PID_GetKD
 .text.PI_Controller
                0x0000000008009ed4       0x8c ./Middlewares/MotorControl/pid_regulator.o
                0x0000000008009ed4                PI_Controller
 .text.PQD_CalcElMotorPower
                0x0000000008009f60       0x68 ./Middlewares/MotorControl/pqd_motor_power_measurement.o
                0x0000000008009f60                PQD_CalcElMotorPower
 .text.startTimers
                0x0000000008009fc8       0x70 ./Middlewares/MotorControl/pwm_common.o
                0x0000000008009fc8                startTimers
 .text.waitForPolarizationEnd
                0x000000000800a038       0x4c ./Middlewares/MotorControl/pwm_common.o
                0x000000000800a038                waitForPolarizationEnd
 .text.PWMC_GetPhaseCurrents
                0x000000000800a084        0x4 ./Middlewares/MotorControl/pwm_curr_fdbk.o
                0x000000000800a084                PWMC_GetPhaseCurrents
 .text.PWMC_SetPhaseVoltage
                0x000000000800a088      0x250 ./Middlewares/MotorControl/pwm_curr_fdbk.o
                0x000000000800a088                PWMC_SetPhaseVoltage
 .text.PWMC_SwitchOffPWM
                0x000000000800a2d8        0x4 ./Middlewares/MotorControl/pwm_curr_fdbk.o
                0x000000000800a2d8                PWMC_SwitchOffPWM
 .text.PWMC_CurrentReadingCalibr
                0x000000000800a2dc       0x54 ./Middlewares/MotorControl/pwm_curr_fdbk.o
                0x000000000800a2dc                PWMC_CurrentReadingCalibr
 .text.PWMC_TurnOnLowSides
                0x000000000800a330        0x4 ./Middlewares/MotorControl/pwm_curr_fdbk.o
                0x000000000800a330                PWMC_TurnOnLowSides
 .text.PWMC_CheckOverCurrent
                0x000000000800a334        0x4 ./Middlewares/MotorControl/pwm_curr_fdbk.o
                0x000000000800a334                PWMC_CheckOverCurrent
 .text.PWMC_GetTurnOnLowSidesAction
                0x000000000800a338        0x8 ./Middlewares/MotorControl/pwm_curr_fdbk.o
                0x000000000800a338                PWMC_GetTurnOnLowSidesAction
 .text.R3_2_ADCxInit
                0x000000000800a340       0xb4 ./Middlewares/MotorControl/r3_2_g4xx_pwm_curr_fdbk.o
 .text.R3_2_SetADCSampPointPolarization
                0x000000000800a3f4       0x3c ./Middlewares/MotorControl/r3_2_g4xx_pwm_curr_fdbk.o
                0x000000000800a3f4                R3_2_SetADCSampPointPolarization
 .text.R3_2_SetADCSampPointSectX
                0x000000000800a430       0x74 ./Middlewares/MotorControl/r3_2_g4xx_pwm_curr_fdbk.o
                0x000000000800a430                R3_2_SetADCSampPointSectX
 .text.R3_2_HFCurrentsPolarizationAB
                0x000000000800a4a4       0x4c ./Middlewares/MotorControl/r3_2_g4xx_pwm_curr_fdbk.o
 .text.R3_2_HFCurrentsPolarizationC
                0x000000000800a4f0       0x44 ./Middlewares/MotorControl/r3_2_g4xx_pwm_curr_fdbk.o
 .text.R3_2_TurnOnLowSides
                0x000000000800a534       0x50 ./Middlewares/MotorControl/r3_2_g4xx_pwm_curr_fdbk.o
                0x000000000800a534                R3_2_TurnOnLowSides
 .text.R3_2_SwitchOnPWM
                0x000000000800a584       0x94 ./Middlewares/MotorControl/r3_2_g4xx_pwm_curr_fdbk.o
                0x000000000800a584                R3_2_SwitchOnPWM
 .text.R3_2_SwitchOffPWM
                0x000000000800a618       0x60 ./Middlewares/MotorControl/r3_2_g4xx_pwm_curr_fdbk.o
                0x000000000800a618                R3_2_SwitchOffPWM
 .text.R3_2_RLGetPhaseCurrents
                0x000000000800a678       0x54 ./Middlewares/MotorControl/r3_2_g4xx_pwm_curr_fdbk.o
 .text.R3_2_RLTurnOnLowSides
                0x000000000800a6cc       0x4c ./Middlewares/MotorControl/r3_2_g4xx_pwm_curr_fdbk.o
 .text.R3_2_RLSwitchOnPWM
                0x000000000800a718       0xb0 ./Middlewares/MotorControl/r3_2_g4xx_pwm_curr_fdbk.o
 .text.R3_2_SetAOReferenceVoltage
                0x000000000800a7c8       0x94 ./Middlewares/MotorControl/r3_2_g4xx_pwm_curr_fdbk.o
 .text.R3_2_Init
                0x000000000800a85c      0x294 ./Middlewares/MotorControl/r3_2_g4xx_pwm_curr_fdbk.o
                0x000000000800a85c                R3_2_Init
 .text.R3_2_CurrentReadingPolarization
                0x000000000800aaf0      0x138 ./Middlewares/MotorControl/r3_2_g4xx_pwm_curr_fdbk.o
                0x000000000800aaf0                R3_2_CurrentReadingPolarization
 .text.R3_2_TIMx_UP_IRQHandler
                0x000000000800ac28       0x84 ./Middlewares/MotorControl/r3_2_g4xx_pwm_curr_fdbk.o
                0x000000000800ac28                R3_2_TIMx_UP_IRQHandler
 .text.R3_2_BRK2_IRQHandler
                0x000000000800acac       0x40 ./Middlewares/MotorControl/r3_2_g4xx_pwm_curr_fdbk.o
                0x000000000800acac                R3_2_BRK2_IRQHandler
 .text.R3_2_BRK_IRQHandler
                0x000000000800acec       0x20 ./Middlewares/MotorControl/r3_2_g4xx_pwm_curr_fdbk.o
                0x000000000800acec                R3_2_BRK_IRQHandler
 .text.R3_2_IsOverCurrentOccurred
                0x000000000800ad0c       0x28 ./Middlewares/MotorControl/r3_2_g4xx_pwm_curr_fdbk.o
                0x000000000800ad0c                R3_2_IsOverCurrentOccurred
 .text.R3_2_RLDetectionModeEnable
                0x000000000800ad34       0xd4 ./Middlewares/MotorControl/r3_2_g4xx_pwm_curr_fdbk.o
                0x000000000800ad34                R3_2_RLDetectionModeEnable
 .text.R3_2_RLDetectionModeDisable
                0x000000000800ae08       0xec ./Middlewares/MotorControl/r3_2_g4xx_pwm_curr_fdbk.o
                0x000000000800ae08                R3_2_RLDetectionModeDisable
 .text.R3_2_RLDetectionModeSetDuty
                0x000000000800aef4       0x74 ./Middlewares/MotorControl/r3_2_g4xx_pwm_curr_fdbk.o
                0x000000000800aef4                R3_2_RLDetectionModeSetDuty
 .text.RVBS_Clear
                0x000000000800af68       0x38 ./Middlewares/MotorControl/r_divider_bus_voltage_sensor.o
                0x000000000800af68                RVBS_Clear
 .text.RVBS_Init
                0x000000000800afa0       0x18 ./Middlewares/MotorControl/r_divider_bus_voltage_sensor.o
                0x000000000800afa0                RVBS_Init
 .text.RVBS_CheckFaultState
                0x000000000800afb8       0x18 ./Middlewares/MotorControl/r_divider_bus_voltage_sensor.o
                0x000000000800afb8                RVBS_CheckFaultState
 .text.RVBS_CalcAvVbus
                0x000000000800afd0       0x6c ./Middlewares/MotorControl/r_divider_bus_voltage_sensor.o
                0x000000000800afd0                RVBS_CalcAvVbus
 .text.REMNG_Init
                0x000000000800b03c       0x10 ./Middlewares/MotorControl/ramp_ext_mngr.o
                0x000000000800b03c                REMNG_Init
 .text.SPD_GetElAngle
                0x000000000800b04c        0x8 ./Middlewares/MotorControl/speed_pos_fdbk.o
                0x000000000800b04c                SPD_GetElAngle
 .text.SPD_GetAvrgMecSpeedUnit
                0x000000000800b054        0x8 ./Middlewares/MotorControl/speed_pos_fdbk.o
                0x000000000800b054                SPD_GetAvrgMecSpeedUnit
 .text.SPD_GetInstElSpeedDpp
                0x000000000800b05c        0x8 ./Middlewares/MotorControl/speed_pos_fdbk.o
                0x000000000800b05c                SPD_GetInstElSpeedDpp
 .text.SPD_IsMecSpeedReliable
                0x000000000800b064       0x58 ./Middlewares/MotorControl/speed_pos_fdbk.o
                0x000000000800b064                SPD_IsMecSpeedReliable
 .text.SPD_GetS16Speed
                0x000000000800b0bc       0x14 ./Middlewares/MotorControl/speed_pos_fdbk.o
                0x000000000800b0bc                SPD_GetS16Speed
 .text.STC_Init
                0x000000000800b0d0       0x28 ./Middlewares/MotorControl/speed_torq_ctrl.o
                0x000000000800b0d0                STC_Init
 .text.STC_SetSpeedSensor
                0x000000000800b0f8        0x4 ./Middlewares/MotorControl/speed_torq_ctrl.o
                0x000000000800b0f8                STC_SetSpeedSensor
 .text.STC_GetSpeedSensor
                0x000000000800b0fc        0x4 ./Middlewares/MotorControl/speed_torq_ctrl.o
                0x000000000800b0fc                STC_GetSpeedSensor
 .text.STC_Clear
                0x000000000800b100       0x10 ./Middlewares/MotorControl/speed_torq_ctrl.o
                0x000000000800b100                STC_Clear
 .text.STC_GetMecSpeedRefUnit
                0x000000000800b110       0x10 ./Middlewares/MotorControl/speed_torq_ctrl.o
                0x000000000800b110                STC_GetMecSpeedRefUnit
 .text.STC_GetTorqueRef
                0x000000000800b120       0x10 ./Middlewares/MotorControl/speed_torq_ctrl.o
                0x000000000800b120                STC_GetTorqueRef
 .text.STC_SetControlMode
                0x000000000800b130        0x8 ./Middlewares/MotorControl/speed_torq_ctrl.o
                0x000000000800b130                STC_SetControlMode
 .text.STC_ExecRamp
                0x000000000800b138       0x90 ./Middlewares/MotorControl/speed_torq_ctrl.o
                0x000000000800b138                STC_ExecRamp
 .text.STC_StopRamp
                0x000000000800b1c8        0x8 ./Middlewares/MotorControl/speed_torq_ctrl.o
                0x000000000800b1c8                STC_StopRamp
 .text.STC_CalcTorqueReference
                0x000000000800b1d0       0x64 ./Middlewares/MotorControl/speed_torq_ctrl.o
                0x000000000800b1d0                STC_CalcTorqueReference
 .text.STC_GetMecSpeedRefUnitDefault
                0x000000000800b234        0x8 ./Middlewares/MotorControl/speed_torq_ctrl.o
                0x000000000800b234                STC_GetMecSpeedRefUnitDefault
 .text.STC_GetMaxAppPositiveMecSpeedUnit
                0x000000000800b23c        0x4 ./Middlewares/MotorControl/speed_torq_ctrl.o
                0x000000000800b23c                STC_GetMaxAppPositiveMecSpeedUnit
 .text.STC_GetMinAppNegativeMecSpeedUnit
                0x000000000800b240        0x8 ./Middlewares/MotorControl/speed_torq_ctrl.o
                0x000000000800b240                STC_GetMinAppNegativeMecSpeedUnit
 .text.STC_GetDefaultIqdref
                0x000000000800b248       0x1c ./Middlewares/MotorControl/speed_torq_ctrl.o
                0x000000000800b248                STC_GetDefaultIqdref
 .text.STC_ForceSpeedReferenceToCurrentSpeed
                0x000000000800b264       0x10 ./Middlewares/MotorControl/speed_torq_ctrl.o
                0x000000000800b264                STC_ForceSpeedReferenceToCurrentSpeed
 .text.STM_Init
                0x000000000800b274        0xc ./Middlewares/MotorControl/state_machine.o
                0x000000000800b274                STM_Init
 .text.STM_FaultProcessing
                0x000000000800b280       0x3c ./Middlewares/MotorControl/state_machine.o
                0x000000000800b280                STM_FaultProcessing
 .text.STM_NextState
                0x000000000800b2bc       0xe8 ./Middlewares/MotorControl/state_machine.o
                0x000000000800b2bc                STM_NextState
 .text.STM_GetState
                0x000000000800b3a4        0x4 ./Middlewares/MotorControl/state_machine.o
                0x000000000800b3a4                STM_GetState
 .text.STM_FaultAcknowledged
                0x000000000800b3a8       0x18 ./Middlewares/MotorControl/state_machine.o
                0x000000000800b3a8                STM_FaultAcknowledged
 .text.STM_GetFaultState
                0x000000000800b3c0        0xc ./Middlewares/MotorControl/state_machine.o
                0x000000000800b3c0                STM_GetFaultState
 .text.UFCP_Init
                0x000000000800b3cc        0x4 ./Middlewares/MotorControl/usart_frame_communication_protocol.o
                0x000000000800b3cc                UFCP_Init
 .text.UFCP_TX_IRQ_Handler
                0x000000000800b3d0       0x60 ./Middlewares/MotorControl/usart_frame_communication_protocol.o
                0x000000000800b3d0                UFCP_TX_IRQ_Handler
 .text.UFCP_Receive
                0x000000000800b430       0x20 ./Middlewares/MotorControl/usart_frame_communication_protocol.o
                0x000000000800b430                UFCP_Receive
 .text.UFCP_Send
                0x000000000800b450       0xb0 ./Middlewares/MotorControl/usart_frame_communication_protocol.o
                0x000000000800b450                UFCP_Send
 .text.UFCP_RX_IRQ_Handler
                0x000000000800b500       0xc4 ./Middlewares/MotorControl/usart_frame_communication_protocol.o
                0x000000000800b500                UFCP_RX_IRQ_Handler
 .text.UFCP_OVR_IRQ_Handler
                0x000000000800b5c4       0x1c ./Middlewares/MotorControl/usart_frame_communication_protocol.o
                0x000000000800b5c4                UFCP_OVR_IRQ_Handler
 .text.UFCP_AbortReceive
                0x000000000800b5e0        0x8 ./Middlewares/MotorControl/usart_frame_communication_protocol.o
                0x000000000800b5e0                UFCP_AbortReceive
 .text.VSS_Clear
                0x000000000800b5e8       0x1c ./Middlewares/MotorControl/virtual_speed_sensor.o
                0x000000000800b5e8                VSS_Clear
 .text.VSS_Init
                0x000000000800b604        0x8 ./Middlewares/MotorControl/virtual_speed_sensor.o
                0x000000000800b604                VSS_Init
 .text.VSS_SetMecAngle
                0x000000000800b60c       0x10 ./Middlewares/MotorControl/virtual_speed_sensor.o
                0x000000000800b60c                VSS_SetMecAngle
 .text.VSS_SetMecAcceleration
                0x000000000800b61c       0x7c ./Middlewares/MotorControl/virtual_speed_sensor.o
                0x000000000800b61c                VSS_SetMecAcceleration
 .text.RUC_SetPhaseDurationms
                0x000000000800b698        0xc ../../MCSDK_v5.4.7/MotorControl/lib\libmc-gcc_M4_NoCCMRAM.lib(revup_ctrl.o)
                0x000000000800b698                RUC_SetPhaseDurationms
 .text.RUC_SetPhaseFinalMecSpeedUnit
                0x000000000800b6a4        0xc ../../MCSDK_v5.4.7/MotorControl/lib\libmc-gcc_M4_NoCCMRAM.lib(revup_ctrl.o)
                0x000000000800b6a4                RUC_SetPhaseFinalMecSpeedUnit
 .text.RUC_SetPhaseFinalTorque
                0x000000000800b6b0        0xc ../../MCSDK_v5.4.7/MotorControl/lib\libmc-gcc_M4_NoCCMRAM.lib(revup_ctrl.o)
                0x000000000800b6b0                RUC_SetPhaseFinalTorque
 .text.RUC_GetPhaseDurationms
                0x000000000800b6bc        0xc ../../MCSDK_v5.4.7/MotorControl/lib\libmc-gcc_M4_NoCCMRAM.lib(revup_ctrl.o)
                0x000000000800b6bc                RUC_GetPhaseDurationms
 .text.RUC_GetPhaseFinalMecSpeedUnit
                0x000000000800b6c8       0x10 ../../MCSDK_v5.4.7/MotorControl/lib\libmc-gcc_M4_NoCCMRAM.lib(revup_ctrl.o)
                0x000000000800b6c8                RUC_GetPhaseFinalMecSpeedUnit
 .text.RUC_GetPhaseFinalTorque
                0x000000000800b6d8       0x10 ../../MCSDK_v5.4.7/MotorControl/lib\libmc-gcc_M4_NoCCMRAM.lib(revup_ctrl.o)
                0x000000000800b6d8                RUC_GetPhaseFinalTorque
 .text.RUC_GetNumberOfPhases
                0x000000000800b6e8        0x8 ../../MCSDK_v5.4.7/MotorControl/lib\libmc-gcc_M4_NoCCMRAM.lib(revup_ctrl.o)
                0x000000000800b6e8                RUC_GetNumberOfPhases
 .text.__libc_init_array
                0x000000000800b6f0       0x48 c:/st/stm32cubeide_1.7.0/stm32cubeide/plugins/com.st.stm32cube.ide.mcu.externaltools.gnu-tools-for-stm32.9-2020-q2-update.win32_2.0.0.202105311346/tools/bin/../lib/gcc/arm-none-eabi/9.3.1/../../../../arm-none-eabi/lib/thumb/v7e-m+fp/hard\libc_nano.a(lib_a-init.o)
                0x000000000800b6f0                __libc_init_array
 .text.memset   0x000000000800b738       0x10 c:/st/stm32cubeide_1.7.0/stm32cubeide/plugins/com.st.stm32cube.ide.mcu.externaltools.gnu-tools-for-stm32.9-2020-q2-update.win32_2.0.0.202105311346/tools/bin/../lib/gcc/arm-none-eabi/9.3.1/../../../../arm-none-eabi/lib/thumb/v7e-m+fp/hard\libc_nano.a(lib_a-memset.o)
                0x000000000800b738                memset
 *(.glue_7)
 .glue_7        0x000000000800b748        0x0 linker stubs
 *(.glue_7t)
 .glue_7t       0x000000000800b748        0x0 linker stubs
 *(.eh_frame)
 .eh_frame      0x000000000800b748        0x0 c:/st/stm32cubeide_1.7.0/stm32cubeide/plugins/com.st.stm32cube.ide.mcu.externaltools.gnu-tools-for-stm32.9-2020-q2-update.win32_2.0.0.202105311346/tools/bin/../lib/gcc/arm-none-eabi/9.3.1/thumb/v7e-m+fp/hard/crtbegin.o
 *(.init)
 .init          0x000000000800b748        0x4 c:/st/stm32cubeide_1.7.0/stm32cubeide/plugins/com.st.stm32cube.ide.mcu.externaltools.gnu-tools-for-stm32.9-2020-q2-update.win32_2.0.0.202105311346/tools/bin/../lib/gcc/arm-none-eabi/9.3.1/thumb/v7e-m+fp/hard/crti.o
                0x000000000800b748                _init
 .init          0x000000000800b74c        0x8 c:/st/stm32cubeide_1.7.0/stm32cubeide/plugins/com.st.stm32cube.ide.mcu.externaltools.gnu-tools-for-stm32.9-2020-q2-update.win32_2.0.0.202105311346/tools/bin/../lib/gcc/arm-none-eabi/9.3.1/thumb/v7e-m+fp/hard/crtn.o
 *(.fini)
 .fini          0x000000000800b754        0x4 c:/st/stm32cubeide_1.7.0/stm32cubeide/plugins/com.st.stm32cube.ide.mcu.externaltools.gnu-tools-for-stm32.9-2020-q2-update.win32_2.0.0.202105311346/tools/bin/../lib/gcc/arm-none-eabi/9.3.1/thumb/v7e-m+fp/hard/crti.o
                0x000000000800b754                _fini
 .fini          0x000000000800b758        0x8 c:/st/stm32cubeide_1.7.0/stm32cubeide/plugins/com.st.stm32cube.ide.mcu.externaltools.gnu-tools-for-stm32.9-2020-q2-update.win32_2.0.0.202105311346/tools/bin/../lib/gcc/arm-none-eabi/9.3.1/thumb/v7e-m+fp/hard/crtn.o
                0x000000000800b760                . = ALIGN (0x4)
                0x000000000800b760                _etext = .

.vfp11_veneer   0x000000000800b760        0x0
 .vfp11_veneer  0x000000000800b760        0x0 linker stubs

.v4_bx          0x000000000800b760        0x0
 .v4_bx         0x000000000800b760        0x0 linker stubs

.iplt           0x000000000800b760        0x0
 .iplt          0x000000000800b760        0x0 c:/st/stm32cubeide_1.7.0/stm32cubeide/plugins/com.st.stm32cube.ide.mcu.externaltools.gnu-tools-for-stm32.9-2020-q2-update.win32_2.0.0.202105311346/tools/bin/../lib/gcc/arm-none-eabi/9.3.1/thumb/v7e-m+fp/hard/crtbegin.o

.rodata         0x000000000800b760      0x150
                0x000000000800b760                . = ALIGN (0x4)
 *(.rodata)
 *(.rodata*)
 .rodata.R3_2_ParamsM1
                0x000000000800b760       0xc4 ./Application/User/mc_parameters.o
                0x000000000800b760                R3_2_ParamsM1
 .rodata.s_fwVer
                0x000000000800b824       0x20 ./Application/User/motorcontrol.o
                0x000000000800b824                s_fwVer
 .rodata.AHBPrescTable
                0x000000000800b844       0x10 ./Drivers/CMSIS/system_stm32g4xx.o
                0x000000000800b844                AHBPrescTable
 .rodata.APBPrescTable
                0x000000000800b854        0x8 ./Drivers/CMSIS/system_stm32g4xx.o
                0x000000000800b854                APBPrescTable
 .rodata.DLCtoBytes
                0x000000000800b85c       0x10 ./Drivers/STM32G4xx_HAL_Driver/stm32g4xx_hal_fdcan.o
 .rodata.CSWTCH.58
                0x000000000800b86c        0x3 ./Drivers/STM32G4xx_HAL_Driver/stm32g4xx_hal_uart.o
 *fill*         0x000000000800b86f        0x1 
 .rodata.CSWTCH.59
                0x000000000800b870        0xd ./Drivers/STM32G4xx_HAL_Driver/stm32g4xx_hal_uart.o
 *fill*         0x000000000800b87d        0x3 
 .rodata.UARTPrescTable
                0x000000000800b880       0x18 ./Drivers/STM32G4xx_HAL_Driver/stm32g4xx_hal_uart.o
                0x000000000800b880                UARTPrescTable
 .rodata.denominator.10058
                0x000000000800b898        0x8 ./Drivers/STM32G4xx_HAL_Driver/stm32g4xx_hal_uart_ex.o
 .rodata.numerator.10057
                0x000000000800b8a0        0x8 ./Drivers/STM32G4xx_HAL_Driver/stm32g4xx_hal_uart_ex.o
 .rodata.UFCP_Usart_Timeout_none
                0x000000000800b8a8        0x2 ./Middlewares/MotorControl/usart_frame_communication_protocol.o
 .rodata.UFCP_Usart_Timeout_start
                0x000000000800b8aa        0x2 ./Middlewares/MotorControl/usart_frame_communication_protocol.o
 .rodata.UFCP_Usart_Timeout_stop
                0x000000000800b8ac        0x2 ./Middlewares/MotorControl/usart_frame_communication_protocol.o
                0x000000000800b8b0                . = ALIGN (0x4)
 *fill*         0x000000000800b8ae        0x2 

.ARM.extab      0x000000000800b8b0        0x0
                0x000000000800b8b0                . = ALIGN (0x4)
 *(.ARM.extab* .gnu.linkonce.armextab.*)
                0x000000000800b8b0                . = ALIGN (0x4)

.ARM            0x000000000800b8b0        0x8
                0x000000000800b8b0                . = ALIGN (0x4)
                0x000000000800b8b0                __exidx_start = .
 *(.ARM.exidx*)
 .ARM.exidx     0x000000000800b8b0        0x8 c:/st/stm32cubeide_1.7.0/stm32cubeide/plugins/com.st.stm32cube.ide.mcu.externaltools.gnu-tools-for-stm32.9-2020-q2-update.win32_2.0.0.202105311346/tools/bin/../lib/gcc/arm-none-eabi/9.3.1/thumb/v7e-m+fp/hard\libgcc.a(_udivmoddi4.o)
                0x000000000800b8b8                __exidx_end = .
                0x000000000800b8b8                . = ALIGN (0x4)

.rel.dyn        0x000000000800b8b8        0x0
 .rel.iplt      0x000000000800b8b8        0x0 c:/st/stm32cubeide_1.7.0/stm32cubeide/plugins/com.st.stm32cube.ide.mcu.externaltools.gnu-tools-for-stm32.9-2020-q2-update.win32_2.0.0.202105311346/tools/bin/../lib/gcc/arm-none-eabi/9.3.1/thumb/v7e-m+fp/hard/crtbegin.o

.preinit_array  0x000000000800b8b8        0x0
                0x000000000800b8b8                . = ALIGN (0x4)
                0x000000000800b8b8                PROVIDE (__preinit_array_start = .)
 *(.preinit_array*)
                0x000000000800b8b8                PROVIDE (__preinit_array_end = .)
                0x000000000800b8b8                . = ALIGN (0x4)

.init_array     0x000000000800b8b8        0x4
                0x000000000800b8b8                . = ALIGN (0x4)
                0x000000000800b8b8                PROVIDE (__init_array_start = .)
 *(SORT_BY_NAME(.init_array.*))
 *(.init_array*)
 .init_array    0x000000000800b8b8        0x4 c:/st/stm32cubeide_1.7.0/stm32cubeide/plugins/com.st.stm32cube.ide.mcu.externaltools.gnu-tools-for-stm32.9-2020-q2-update.win32_2.0.0.202105311346/tools/bin/../lib/gcc/arm-none-eabi/9.3.1/thumb/v7e-m+fp/hard/crtbegin.o
                0x000000000800b8bc                PROVIDE (__init_array_end = .)
                0x000000000800b8bc                . = ALIGN (0x4)

.fini_array     0x000000000800b8bc        0x4
                0x000000000800b8bc                . = ALIGN (0x4)
                [!provide]                        PROVIDE (__fini_array_start = .)
 *(SORT_BY_NAME(.fini_array.*))
 *(.fini_array*)
 .fini_array    0x000000000800b8bc        0x4 c:/st/stm32cubeide_1.7.0/stm32cubeide/plugins/com.st.stm32cube.ide.mcu.externaltools.gnu-tools-for-stm32.9-2020-q2-update.win32_2.0.0.202105311346/tools/bin/../lib/gcc/arm-none-eabi/9.3.1/thumb/v7e-m+fp/hard/crtbegin.o
                [!provide]                        PROVIDE (__fini_array_end = .)
                0x000000000800b8c0                . = ALIGN (0x4)
                0x000000000800b8c0                _sidata = LOADADDR (.data)

.data           0x0000000020000000      0xde4 load address 0x000000000800b8c0
                0x0000000020000000                . = ALIGN (0x4)
                0x0000000020000000                _sdata = .
 *(.data)
 *(.data*)
 .data.g_joint_configuration
                0x0000000020000000      0x81e ./Application/User/main.o
                0x0000000020000000                g_joint_configuration
 .data.g_calibration_speed
                0x000000002000081e        0x2 ./Application/User/main.o
                0x000000002000081e                g_calibration_speed
 .data.g_calibration_torque_limit
                0x0000000020000820        0x2 ./Application/User/main.o
                0x0000000020000820                g_calibration_torque_limit
 *fill*         0x0000000020000822        0x2 
 .data.g_can_tx_data
                0x0000000020000824        0xc ./Application/User/main.o
                0x0000000020000824                g_can_tx_data
 .data.g_current_estimated_electric_rotation
                0x0000000020000830        0x2 ./Application/User/main.o
                0x0000000020000830                g_current_estimated_electric_rotation
 .data.g_current_sector_number
                0x0000000020000832        0x2 ./Application/User/main.o
                0x0000000020000832                g_current_sector_number
 .data.g_flash_address_calibration_table
                0x0000000020000834        0x4 ./Application/User/main.o
                0x0000000020000834                g_flash_address_calibration_table
 .data.g_flash_address_configuration
                0x0000000020000838        0x4 ./Application/User/main.o
                0x0000000020000838                g_flash_address_configuration
 .data.g_previous_sector_number
                0x000000002000083c        0x2 ./Application/User/main.o
                0x000000002000083c                g_previous_sector_number
 *fill*         0x000000002000083e        0x2 
 .data.CircleLimitationM1
                0x0000000020000840       0xb4 ./Application/User/mc_config.o
                0x0000000020000840                CircleLimitationM1
 .data.ENCODER_M1
                0x00000000200008f4       0x7c ./Application/User/mc_config.o
                0x00000000200008f4                ENCODER_M1
 .data.EncAlignCtrlM1
                0x0000000020000970       0x1c ./Application/User/mc_config.o
                0x0000000020000970                EncAlignCtrlM1
 .data.PIDIdHandle_M1
                0x000000002000098c       0x2c ./Application/User/mc_config.o
                0x000000002000098c                PIDIdHandle_M1
 .data.PIDIqHandle_M1
                0x00000000200009b8       0x2c ./Application/User/mc_config.o
                0x00000000200009b8                PIDIqHandle_M1
 .data.PIDSpeedHandle_M1
                0x00000000200009e4       0x2c ./Application/User/mc_config.o
                0x00000000200009e4                PIDSpeedHandle_M1
 .data.PQD_MotorPowMeasM1
                0x0000000020000a10      0x114 ./Application/User/mc_config.o
                0x0000000020000a10                PQD_MotorPowMeasM1
 .data.PWM_Handle_M1
                0x0000000020000b24       0x7c ./Application/User/mc_config.o
                0x0000000020000b24                PWM_Handle_M1
 .data.RampExtMngrHFParamsM1
                0x0000000020000ba0       0x18 ./Application/User/mc_config.o
                0x0000000020000ba0                RampExtMngrHFParamsM1
 .data.RealBusVoltageSensorParamsM1
                0x0000000020000bb8       0x28 ./Application/User/mc_config.o
                0x0000000020000bb8                RealBusVoltageSensorParamsM1
 .data.SpeednTorqCtrlM1
                0x0000000020000be0       0x34 ./Application/User/mc_config.o
                0x0000000020000be0                SpeednTorqCtrlM1
 .data.TempSensorParamsM1
                0x0000000020000c14       0x28 ./Application/User/mc_config.o
                0x0000000020000c14                TempSensorParamsM1
 .data.VirtualSpeedSensorM1
                0x0000000020000c3c       0x38 ./Application/User/mc_config.o
                0x0000000020000c3c                VirtualSpeedSensorM1
 .data.pUSART   0x0000000020000c74      0x13c ./Application/User/mc_config.o
                0x0000000020000c74                pUSART
 .data.wConfig  0x0000000020000db0        0x4 ./Application/User/motorcontrol.o
                0x0000000020000db0                wConfig
 .data.SystickDividerCounter.16618
                0x0000000020000db4        0x1 ./Application/User/stm32g4xx_mc_it.o
 *fill*         0x0000000020000db5        0x1 
 .data.bCOMATRTimeCounter
                0x0000000020000db6        0x2 ./Application/User/ui_task.o
 .data.SystemCoreClock
                0x0000000020000db8        0x4 ./Drivers/CMSIS/system_stm32g4xx.o
                0x0000000020000db8                SystemCoreClock
 .data.uwTickFreq
                0x0000000020000dbc        0x4 ./Drivers/STM32G4xx_HAL_Driver/stm32g4xx_hal.o
                0x0000000020000dbc                uwTickFreq
 .data.uwTickPrio
                0x0000000020000dc0        0x4 ./Drivers/STM32G4xx_HAL_Driver/stm32g4xx_hal.o
                0x0000000020000dc0                uwTickPrio
 .data.pFlash   0x0000000020000dc4       0x20 ./Drivers/STM32G4xx_HAL_Driver/stm32g4xx_hal_flash.o
                0x0000000020000dc4                pFlash
 *(.RamFunc)
 *(.RamFunc*)
                0x0000000020000de4                . = ALIGN (0x4)
                0x0000000020000de4                _edata = .

.igot.plt       0x0000000020000de4        0x0 load address 0x000000000800c6a4
 .igot.plt      0x0000000020000de4        0x0 c:/st/stm32cubeide_1.7.0/stm32cubeide/plugins/com.st.stm32cube.ide.mcu.externaltools.gnu-tools-for-stm32.9-2020-q2-update.win32_2.0.0.202105311346/tools/bin/../lib/gcc/arm-none-eabi/9.3.1/thumb/v7e-m+fp/hard/crtbegin.o
                0x0000000020000de4                . = ALIGN (0x4)

.bss            0x0000000020000de4      0x79c load address 0x000000000800c6a4
                0x0000000020000de4                _sbss = .
                0x0000000020000de4                __bss_start__ = _sbss
 *(.bss)
 .bss           0x0000000020000de4       0x1c c:/st/stm32cubeide_1.7.0/stm32cubeide/plugins/com.st.stm32cube.ide.mcu.externaltools.gnu-tools-for-stm32.9-2020-q2-update.win32_2.0.0.202105311346/tools/bin/../lib/gcc/arm-none-eabi/9.3.1/thumb/v7e-m+fp/hard/crtbegin.o
 *(.bss*)
 .bss.g_calibration_config
                0x0000000020000e00       0x20 ./Application/User/main.o
                0x0000000020000e00                g_calibration_config
 .bss.g_calibration_data_1_errors
                0x0000000020000e20        0x2 ./Application/User/main.o
                0x0000000020000e20                g_calibration_data_1_errors
 .bss.g_calibration_data_2_errors
                0x0000000020000e22        0x2 ./Application/User/main.o
                0x0000000020000e22                g_calibration_data_2_errors
 .bss.g_calibration_state
                0x0000000020000e24        0x1 ./Application/User/main.o
                0x0000000020000e24                g_calibration_state
 *fill*         0x0000000020000e25        0x1 
 .bss.g_can_rx_counter
                0x0000000020000e26        0x2 ./Application/User/main.o
                0x0000000020000e26                g_can_rx_counter
 .bss.g_can_rx_data
                0x0000000020000e28       0x18 ./Application/User/main.o
                0x0000000020000e28                g_can_rx_data
 .bss.g_can_tx_counter
                0x0000000020000e40        0x2 ./Application/User/main.o
                0x0000000020000e40                g_can_tx_counter
 *fill*         0x0000000020000e42        0x2 
 .bss.g_center_encoder_position
                0x0000000020000e44        0x4 ./Application/User/main.o
                0x0000000020000e44                g_center_encoder_position
 .bss.g_counter_10000hz
                0x0000000020000e48        0x4 ./Application/User/main.o
                0x0000000020000e48                g_counter_10000hz
 .bss.g_counter_1000hz
                0x0000000020000e4c        0x4 ./Application/User/main.o
                0x0000000020000e4c                g_counter_1000hz
 .bss.g_counter_100hz
                0x0000000020000e50        0x4 ./Application/User/main.o
                0x0000000020000e50                g_counter_100hz
 .bss.g_counter_10hz
                0x0000000020000e54        0x4 ./Application/User/main.o
                0x0000000020000e54                g_counter_10hz
 .bss.g_counter_1hz
                0x0000000020000e58        0x4 ./Application/User/main.o
                0x0000000020000e58                g_counter_1hz
 .bss.g_counter_main