Archive member included to satisfy reference by file (symbol)

../../MCSDK_v5.4.7/MotorControl/lib\libmc-gcc_M4_NoCCMRAM.lib(revup_ctrl.o)
                              ./Application/User/user_interface.o (RUC_SetPhaseDurationms)
c:/st/stm32cubeide_1.7.0/stm32cubeide/plugins/com.st.stm32cube.ide.mcu.externaltools.gnu-tools-for-stm32.9-2020-q2-update.win32_2.0.0.202105311346/tools/bin/../lib/gcc/arm-none-eabi/9.3.1/../../../../arm-none-eabi/lib/thumb/v7e-m+fp/hard\libc_nano.a(lib_a-errno.o)
                              ./Application/User/syscalls.o (__errno)
c:/st/stm32cubeide_1.7.0/stm32cubeide/plugins/com.st.stm32cube.ide.mcu.externaltools.gnu-tools-for-stm32.9-2020-q2-update.win32_2.0.0.202105311346/tools/bin/../lib/gcc/arm-none-eabi/9.3.1/../../../../arm-none-eabi/lib/thumb/v7e-m+fp/hard\libc_nano.a(lib_a-exit.o)
                              c:/st/stm32cubeide_1.7.0/stm32cubeide/plugins/com.st.stm32cube.ide.mcu.externaltools.gnu-tools-for-stm32.9-2020-q2-update.win32_2.0.0.202105311346/tools/bin/../lib/gcc/arm-none-eabi/9.3.1/../../../../arm-none-eabi/lib/thumb/v7e-m+fp/hard/crt0.o (exit)
c:/st/stm32cubeide_1.7.0/stm32cubeide/plugins/com.st.stm32cube.ide.mcu.externaltools.gnu-tools-for-stm32.9-2020-q2-update.win32_2.0.0.202105311346/tools/bin/../lib/gcc/arm-none-eabi/9.3.1/../../../../arm-none-eabi/lib/thumb/v7e-m+fp/hard\libc_nano.a(lib_a-impure.o)
                              c:/st/stm32cubeide_1.7.0/stm32cubeide/plugins/com.st.stm32cube.ide.mcu.externaltools.gnu-tools-for-stm32.9-2020-q2-update.win32_2.0.0.202105311346/tools/bin/../lib/gcc/arm-none-eabi/9.3.1/../../../../arm-none-eabi/lib/thumb/v7e-m+fp/hard\libc_nano.a(lib_a-exit.o) (_global_impure_ptr)
c:/st/stm32cubeide_1.7.0/stm32cubeide/plugins/com.st.stm32cube.ide.mcu.externaltools.gnu-tools-for-stm32.9-2020-q2-update.win32_2.0.0.202105311346/tools/bin/../lib/gcc/arm-none-eabi/9.3.1/../../../../arm-none-eabi/lib/thumb/v7e-m+fp/hard\libc_nano.a(lib_a-init.o)
                              c:/st/stm32cubeide_1.7.0/stm32cubeide/plugins/com.st.stm32cube.ide.mcu.externaltools.gnu-tools-for-stm32.9-2020-q2-update.win32_2.0.0.202105311346/tools/bin/../lib/gcc/arm-none-eabi/9.3.1/../../../../arm-none-eabi/lib/thumb/v7e-m+fp/hard/crt0.o (__libc_init_array)
c:/st/stm32cubeide_1.7.0/stm32cubeide/plugins/com.st.stm32cube.ide.mcu.externaltools.gnu-tools-for-stm32.9-2020-q2-update.win32_2.0.0.202105311346/tools/bin/../lib/gcc/arm-none-eabi/9.3.1/../../../../arm-none-eabi/lib/thumb/v7e-m+fp/hard\libc_nano.a(lib_a-memset.o)
                              c:/st/stm32cubeide_1.7.0/stm32cubeide/plugins/com.st.stm32cube.ide.mcu.externaltools.gnu-tools-for-stm32.9-2020-q2-update.win32_2.0.0.202105311346/tools/bin/../lib/gcc/arm-none-eabi/9.3.1/../../../../arm-none-eabi/lib/thumb/v7e-m+fp/hard/crt0.o (memset)
c:/st/stm32cubeide_1.7.0/stm32cubeide/plugins/com.st.stm32cube.ide.mcu.externaltools.gnu-tools-for-stm32.9-2020-q2-update.win32_2.0.0.202105311346/tools/bin/../lib/gcc/arm-none-eabi/9.3.1/thumb/v7e-m+fp/hard\libgcc.a(_arm_muldf3.o)
                              ./Application/User/main.o (__aeabi_dmul)
c:/st/stm32cubeide_1.7.0/stm32cubeide/plugins/com.st.stm32cube.ide.mcu.externaltools.gnu-tools-for-stm32.9-2020-q2-update.win32_2.0.0.202105311346/tools/bin/../lib/gcc/arm-none-eabi/9.3.1/thumb/v7e-m+fp/hard\libgcc.a(_arm_addsubdf3.o)
                              ./Application/User/main.o (__aeabi_dsub)
c:/st/stm32cubeide_1.7.0/stm32cubeide/plugins/com.st.stm32cube.ide.mcu.externaltools.gnu-tools-for-stm32.9-2020-q2-update.win32_2.0.0.202105311346/tools/bin/../lib/gcc/arm-none-eabi/9.3.1/thumb/v7e-m+fp/hard\libgcc.a(_arm_muldivdf3.o)
                              ./Application/User/main.o (__aeabi_ddiv)
c:/st/stm32cubeide_1.7.0/stm32cubeide/plugins/com.st.stm32cube.ide.mcu.externaltools.gnu-tools-for-stm32.9-2020-q2-update.win32_2.0.0.202105311346/tools/bin/../lib/gcc/arm-none-eabi/9.3.1/thumb/v7e-m+fp/hard\libgcc.a(_arm_fixdfsi.o)
                              ./Application/User/main.o (__aeabi_d2iz)
c:/st/stm32cubeide_1.7.0/stm32cubeide/plugins/com.st.stm32cube.ide.mcu.externaltools.gnu-tools-for-stm32.9-2020-q2-update.win32_2.0.0.202105311346/tools/bin/../lib/gcc/arm-none-eabi/9.3.1/thumb/v7e-m+fp/hard\libgcc.a(_arm_truncdfsf2.o)
                              ./Application/User/main.o (__aeabi_d2f)
c:/st/stm32cubeide_1.7.0/stm32cubeide/plugins/com.st.stm32cube.ide.mcu.externaltools.gnu-tools-for-stm32.9-2020-q2-update.win32_2.0.0.202105311346/tools/bin/../lib/gcc/arm-none-eabi/9.3.1/thumb/v7e-m+fp/hard\libgcc.a(_aeabi_ldivmod.o)
                              ./Drivers/STM32G4xx_HAL_Driver/stm32g4xx_hal_uart.o (__aeabi_ldivmod)
c:/st/stm32cubeide_1.7.0/stm32cubeide/plugins/com.st.stm32cube.ide.mcu.externaltools.gnu-tools-for-stm32.9-2020-q2-update.win32_2.0.0.202105311346/tools/bin/../lib/gcc/arm-none-eabi/9.3.1/thumb/v7e-m+fp/hard\libgcc.a(_aeabi_uldivmod.o)
                              ./Drivers/STM32G4xx_HAL_Driver/stm32g4xx_hal_uart.o (__aeabi_uldivmod)
[...]
Memory Configuration

Name             Origin             Length             Attributes
RAM              0x0000000020000000 0x0000000000008000 xrw
FLASH            0x0000000008000000 0x0000000000020000 xr
*default*        0x0000000000000000 0xffffffffffffffff

Linker script and memory map

LOAD c:/st/stm32cubeide_1.7.0/stm32cubeide/plugins/com.st.stm32cube.ide.mcu.externaltools.gnu-tools-for-stm32.9-2020-q2-update.win32_2.0.0.202105311346/tools/bin/../lib/gcc/arm-none-eabi/9.3.1/thumb/v7e-m+fp/hard/crti.o
LOAD c:/st/stm32cubeide_1.7.0/stm32cubeide/plugins/com.st.stm32cube.ide.mcu.externaltools.gnu-tools-for-stm32.9-2020-q2-update.win32_2.0.0.202105311346/tools/bin/../lib/gcc/arm-none-eabi/9.3.1/thumb/v7e-m+fp/hard/crtbegin.o
LOAD c:/st/stm32cubeide_1.7.0/stm32cubeide/plugins/com.st.stm32cube.ide.mcu.externaltools.gnu-tools-for-stm32.9-2020-q2-update.win32_2.0.0.202105311346/tools/bin/../lib/gcc/arm-none-eabi/9.3.1/../../../../arm-none-eabi/lib/thumb/v7e-m+fp/hard/crt0.o
LOAD ./Application/Startup/startup_stm32g431cbux.o
LOAD ./Application/User/main.o
LOAD ./Application/User/mc_api.o
LOAD ./Application/User/mc_config.o
LOAD ./Application/User/mc_interface.o
LOAD ./Application/User/mc_math.o
LOAD ./Application/User/mc_parameters.o
LOAD ./Application/User/mc_tasks.o
LOAD ./Application/User/motor_control_protocol.o
LOAD ./Application/User/motorcontrol.o
LOAD ./Application/User/regular_conversion_manager.o
LOAD ./Application/User/stm32g4xx_hal_msp.o
LOAD ./Application/User/stm32g4xx_it.o
LOAD ./Application/User/stm32g4xx_mc_it.o
LOAD ./Application/User/syscalls.o
LOAD ./Application/User/sysmem.o
LOAD ./Application/User/ui_task.o
LOAD ./Application/User/user_interface.o
LOAD ./Drivers/CMSIS/system_stm32g4xx.o
LOAD ./Drivers/STM32G4xx_HAL_Driver/stm32g4xx_hal.o
LOAD ./Drivers/STM32G4xx_HAL_Driver/stm32g4xx_hal_adc.o
LOAD ./Drivers/STM32G4xx_HAL_Driver/stm32g4xx_hal_adc_ex.o
LOAD ./Drivers/STM32G4xx_HAL_Driver/stm32g4xx_hal_cordic.o
LOAD ./Drivers/STM32G4xx_HAL_Driver/stm32g4xx_hal_cortex.o
LOAD ./Drivers/STM32G4xx_HAL_Driver/stm32g4xx_hal_dma.o
LOAD ./Drivers/STM32G4xx_HAL_Driver/stm32g4xx_hal_dma_ex.o
LOAD ./Drivers/STM32G4xx_HAL_Driver/stm32g4xx_hal_exti.o
LOAD ./Drivers/STM32G4xx_HAL_Driver/stm32g4xx_hal_fdcan.o
LOAD ./Drivers/STM32G4xx_HAL_Driver/stm32g4xx_hal_flash.o
LOAD ./Drivers/STM32G4xx_HAL_Driver/stm32g4xx_hal_flash_ex.o
LOAD ./Drivers/STM32G4xx_HAL_Driver/stm32g4xx_hal_flash_ramfunc.o
LOAD ./Drivers/STM32G4xx_HAL_Driver/stm32g4xx_hal_gpio.o
LOAD ./Drivers/STM32G4xx_HAL_Driver/stm32g4xx_hal_pwr.o
LOAD ./Drivers/STM32G4xx_HAL_Driver/stm32g4xx_hal_pwr_ex.o
LOAD ./Drivers/STM32G4xx_HAL_Driver/stm32g4xx_hal_rcc.o
LOAD ./Drivers/STM32G4xx_HAL_Driver/stm32g4xx_hal_rcc_ex.o
LOAD ./Drivers/STM32G4xx_HAL_Driver/stm32g4xx_hal_spi.o
LOAD ./Drivers/STM32G4xx_HAL_Driver/stm32g4xx_hal_spi_ex.o
LOAD ./Drivers/STM32G4xx_HAL_Driver/stm32g4xx_hal_tim.o
LOAD ./Drivers/STM32G4xx_HAL_Driver/stm32g4xx_hal_tim_ex.o
LOAD ./Drivers/STM32G4xx_HAL_Driver/stm32g4xx_hal_uart.o
LOAD ./Drivers/STM32G4xx_HAL_Driver/stm32g4xx_hal_uart_ex.o
LOAD ./Drivers/STM32G4xx_HAL_Driver/stm32g4xx_ll_adc.o
LOAD ./Middlewares/MotorControl/bus_voltage_sensor.o
LOAD ./Middlewares/MotorControl/circle_limitation.o
LOAD ./Middlewares/MotorControl/digital_output.o
LOAD ./Middlewares/MotorControl/enc_align_ctrl.o
LOAD ./Middlewares/MotorControl/encoder_speed_pos_fdbk.o
LOAD ./Middlewares/MotorControl/frame_communication_protocol.o
LOAD ./Middlewares/MotorControl/motor_power_measurement.o
LOAD ./Middlewares/MotorControl/ntc_temperature_sensor.o
LOAD ./Middlewares/MotorControl/open_loop.o
LOAD ./Middlewares/MotorControl/pid_regulator.o
LOAD ./Middlewares/MotorControl/pqd_motor_power_measurement.o
LOAD ./Middlewares/MotorControl/pwm_common.o
LOAD ./Middlewares/MotorControl/pwm_curr_fdbk.o
LOAD ./Middlewares/MotorControl/r3_2_g4xx_pwm_curr_fdbk.o
LOAD ./Middlewares/MotorControl/r_divider_bus_voltage_sensor.o
LOAD ./Middlewares/MotorControl/ramp_ext_mngr.o
LOAD ./Middlewares/MotorControl/speed_pos_fdbk.o
LOAD ./Middlewares/MotorControl/speed_torq_ctrl.o
LOAD ./Middlewares/MotorControl/state_machine.o
LOAD ./Middlewares/MotorControl/ui_irq_handler.o
LOAD ./Middlewares/MotorControl/usart_frame_communication_protocol.o
LOAD ./Middlewares/MotorControl/virtual_speed_sensor.o
LOAD ../../MCSDK_v5.4.7/MotorControl/lib\libmc-gcc_M4_NoCCMRAM.lib
START GROUP
LOAD c:/st/stm32cubeide_1.7.0/stm32cubeide/plugins/com.st.stm32cube.ide.mcu.externaltools.gnu-tools-for-stm32.9-2020-q2-update.win32_2.0.0.202105311346/tools/bin/../lib/gcc/arm-none-eabi/9.3.1/../../../../arm-none-eabi/lib/thumb/v7e-m+fp/hard\libc_nano.a
LOAD c:/st/stm32cubeide_1.7.0/stm32cubeide/plugins/com.st.stm32cube.ide.mcu.externaltools.gnu-tools-for-stm32.9-2020-q2-update.win32_2.0.0.202105311346/tools/bin/../lib/gcc/arm-none-eabi/9.3.1/../../../../arm-none-eabi/lib/thumb/v7e-m+fp/hard\libm.a
END GROUP
START GROUP
LOAD c:/st/stm32cubeide_1.7.0/stm32cubeide/plugins/com.st.stm32cube.ide.mcu.externaltools.gnu-tools-for-stm32.9-2020-q2-update.win32_2.0.0.202105311346/tools/bin/../lib/gcc/arm-none-eabi/9.3.1/thumb/v7e-m+fp/hard\libgcc.a
LOAD c:/st/stm32cubeide_1.7.0/stm32cubeide/plugins/com.st.stm32cube.ide.mcu.externaltools.gnu-tools-for-stm32.9-2020-q2-update.win32_2.0.0.202105311346/tools/bin/../lib/gcc/arm-none-eabi/9.3.1/../../../../arm-none-eabi/lib/thumb/v7e-m+fp/hard\libc_nano.a
END GROUP
START GROUP
LOAD c:/st/stm32cubeide_1.7.0/stm32cubeide/plugins/com.st.stm32cube.ide.mcu.externaltools.gnu-tools-for-stm32.9-2020-q2-update.win32_2.0.0.202105311346/tools/bin/../lib/gcc/arm-none-eabi/9.3.1/thumb/v7e-m+fp/hard\libgcc.a
LOAD c:/st/stm32cubeide_1.7.0/stm32cubeide/plugins/com.st.stm32cube.ide.mcu.externaltools.gnu-tools-for-stm32.9-2020-q2-update.win32_2.0.0.202105311346/tools/bin/../lib/gcc/arm-none-eabi/9.3.1/../../../../arm-none-eabi/lib/thumb/v7e-m+fp/hard\libc_nano.a
LOAD c:/st/stm32cubeide_1.7.0/stm32cubeide/plugins/com.st.stm32cube.ide.mcu.externaltools.gnu-tools-for-stm32.9-2020-q2-update.win32_2.0.0.202105311346/tools/bin/../lib/gcc/arm-none-eabi/9.3.1/../../../../arm-none-eabi/lib/thumb/v7e-m+fp/hard\libnosys.a
END GROUP
START GROUP
LOAD c:/st/stm32cubeide_1.7.0/stm32cubeide/plugins/com.st.stm32cube.ide.mcu.externaltools.gnu-tools-for-stm32.9-2020-q2-update.win32_2.0.0.202105311346/tools/bin/../lib/gcc/arm-none-eabi/9.3.1/thumb/v7e-m+fp/hard\libgcc.a
LOAD c:/st/stm32cubeide_1.7.0/stm32cubeide/plugins/com.st.stm32cube.ide.mcu.externaltools.gnu-tools-for-stm32.9-2020-q2-update.win32_2.0.0.202105311346/tools/bin/../lib/gcc/arm-none-eabi/9.3.1/../../../../arm-none-eabi/lib/thumb/v7e-m+fp/hard\libc_nano.a
LOAD c:/st/stm32cubeide_1.7.0/stm32cubeide/plugins/com.st.stm32cube.ide.mcu.externaltools.gnu-tools-for-stm32.9-2020-q2-update.win32_2.0.0.202105311346/tools/bin/../lib/gcc/arm-none-eabi/9.3.1/../../../../arm-none-eabi/lib/thumb/v7e-m+fp/hard\libnosys.a
END GROUP
LOAD c:/st/stm32cubeide_1.7.0/stm32cubeide/plugins/com.st.stm32cube.ide.mcu.externaltools.gnu-tools-for-stm32.9-2020-q2-update.win32_2.0.0.202105311346/tools/bin/../lib/gcc/arm-none-eabi/9.3.1/thumb/v7e-m+fp/hard/crtend.o
LOAD c:/st/stm32cubeide_1.7.0/stm32cubeide/plugins/com.st.stm32cube.ide.mcu.externaltools.gnu-tools-for-stm32.9-2020-q2-update.win32_2.0.0.202105311346/tools/bin/../lib/gcc/arm-none-eabi/9.3.1/thumb/v7e-m+fp/hard/crtn.o
                0x0000000020008000                _estack = (ORIGIN (RAM) + LENGTH (RAM))
                0x0000000000000200                _Min_Heap_Size = 0x200
                0x0000000000000400                _Min_Stack_Size = 0x400

.isr_vector     0x0000000008000000      0x1d8
                0x0000000008000000                . = ALIGN (0x4)
 *(.isr_vector)
 .isr_vector    0x0000000008000000      0x1d8 ./Application/Startup/startup_stm32g431cbux.o
                0x0000000008000000                g_pfnVectors
                0x00000000080001d8                . = ALIGN (0x4)

.text           0x00000000080001d8     0xb450
                0x00000000080001d8                . = ALIGN (0x4)
 *(.text)
 .text          0x00000000080001d8       0x40 c:/st/stm32cubeide_1.7.0/stm32cubeide/plugins/com.st.stm32cube.ide.mcu.externaltools.gnu-tools-for-stm32.9-2020-q2-update.win32_2.0.0.202105311346/tools/bin/../lib/gcc/arm-none-eabi/9.3.1/thumb/v7e-m+fp/hard/crtbegin.o
 .text          0x0000000008000218      0x378 c:/st/stm32cubeide_1.7.0/stm32cubeide/plugins/com.st.stm32cube.ide.mcu.externaltools.gnu-tools-for-stm32.9-2020-q2-update.win32_2.0.0.202105311346/tools/bin/../lib/gcc/arm-none-eabi/9.3.1/thumb/v7e-m+fp/hard\libgcc.a(_arm_addsubdf3.o)
                0x0000000008000218                __aeabi_drsub
                0x0000000008000220                __aeabi_dsub
                0x0000000008000220                __subdf3
                0x0000000008000224                __aeabi_dadd
                0x0000000008000224                __adddf3
                0x000000000800049c                __floatunsidf
                0x000000000800049c                __aeabi_ui2d
                0x00000000080004bc                __floatsidf
                0x00000000080004bc                __aeabi_i2d
                0x00000000080004e0                __aeabi_f2d
                0x00000000080004e0                __extendsfdf2
                0x0000000008000524                __floatundidf
                0x0000000008000524                __aeabi_ul2d
                0x0000000008000534                __floatdidf
                0x0000000008000534                __aeabi_l2d
 .text          0x0000000008000590      0x424 c:/st/stm32cubeide_1.7.0/stm32cubeide/plugins/com.st.stm32cube.ide.mcu.externaltools.gnu-tools-for-stm32.9-2020-q2-update.win32_2.0.0.202105311346/tools/bin/../lib/gcc/arm-none-eabi/9.3.1/thumb/v7e-m+fp/hard\libgcc.a(_arm_muldivdf3.o)
                0x0000000008000590                __aeabi_dmul
                0x0000000008000590                __muldf3
                0x00000000080007e4                __divdf3
                0x00000000080007e4                __aeabi_ddiv
 .text          0x00000000080009b4       0x50 c:/st/stm32cubeide_1.7.0/stm32cubeide/plugins/com.st.stm32cube.ide.mcu.externaltools.gnu-tools-for-stm32.9-2020-q2-update.win32_2.0.0.202105311346/tools/bin/../lib/gcc/arm-none-eabi/9.3.1/thumb/v7e-m+fp/hard\libgcc.a(_arm_fixdfsi.o)
                0x00000000080009b4                __aeabi_d2iz
                0x00000000080009b4                __fixdfsi
 .text          0x0000000008000a04       0xa0 c:/st/stm32cubeide_1.7.0/stm32cubeide/plugins/com.st.stm32cube.ide.mcu.externaltools.gnu-tools-for-stm32.9-2020-q2-update.win32_2.0.0.202105311346/tools/bin/../lib/gcc/arm-none-eabi/9.3.1/thumb/v7e-m+fp/hard\libgcc.a(_arm_truncdfsf2.o)
                0x0000000008000a04                __truncdfsf2
                0x0000000008000a04                __aeabi_d2f
 .text          0x0000000008000aa4       0x30 c:/st/stm32cubeide_1.7.0/stm32cubeide/plugins/com.st.stm32cube.ide.mcu.externaltools.gnu-tools-for-stm32.9-2020-q2-update.win32_2.0.0.202105311346/tools/bin/../lib/gcc/arm-none-eabi/9.3.1/thumb/v7e-m+fp/hard\libgcc.a(_aeabi_uldivmod.o)
                0x0000000008000aa4                __aeabi_uldivmod
 .text          0x0000000008000ad4      0x2c4 c:/st/stm32cubeide_1.7.0/stm32cubeide/plugins/com.st.stm32cube.ide.mcu.externaltools.gnu-tools-for-stm32.9-2020-q2-update.win32_2.0.0.202105311346/tools/bin/../lib/gcc/arm-none-eabi/9.3.1/thumb/v7e-m+fp/hard\libgcc.a(_udivmoddi4.o)
                0x0000000008000ad4                __udivmoddi4
 .text          0x0000000008000d98        0x4 c:/st/stm32cubeide_1.7.0/stm32cubeide/plugins/com.st.stm32cube.ide.mcu.externaltools.gnu-tools-for-stm32.9-2020-q2-update.win32_2.0.0.202105311346/tools/bin/../lib/gcc/arm-none-eabi/9.3.1/thumb/v7e-m+fp/hard\libgcc.a(_dvmd_tls.o)
                0x0000000008000d98                __aeabi_idiv0
                0x0000000008000d98                __aeabi_ldiv0
 *(.text*)
 .text.Reset_Handler
                0x0000000008000d9c       0x50 ./Application/Startup/startup_stm32g431cbux.o
                0x0000000008000d9c                Reset_Handler
 .text.Default_Handler
                0x0000000008000dec        0x2 ./Application/Startup/startup_stm32g431cbux.o
                0x0000000008000dec                RTC_Alarm_IRQHandler
                0x0000000008000dec                EXTI2_IRQHandler
                0x0000000008000dec                TIM8_TRG_COM_IRQHandler
                0x0000000008000dec                TIM8_CC_IRQHandler
                0x0000000008000dec                DebugMon_Handler
                0x0000000008000dec                TIM1_CC_IRQHandler
                0x0000000008000dec                USB_HP_IRQHandler
                0x0000000008000dec                CORDIC_IRQHandler
                0x0000000008000dec                PendSV_Handler
                0x0000000008000dec                NMI_Handler
                0x0000000008000dec                EXTI3_IRQHandler
                0x0000000008000dec                I2C3_ER_IRQHandler
                0x0000000008000dec                EXTI0_IRQHandler
                0x0000000008000dec                I2C2_EV_IRQHandler
                0x0000000008000dec                FPU_IRQHandler
                0x0000000008000dec                FDCAN1_IT1_IRQHandler
                0x0000000008000dec                UsageFault_Handler
                0x0000000008000dec                SPI1_IRQHandler
                0x0000000008000dec                TIM8_UP_IRQHandler
                0x0000000008000dec                DMA2_Channel2_IRQHandler
                0x0000000008000dec                DMA1_Channel4_IRQHandler
                0x0000000008000dec                USART3_IRQHandler
                0x0000000008000dec                DMA2_Channel1_IRQHandler
                0x0000000008000dec                I2C1_EV_IRQHandler
                0x0000000008000dec                DMA1_Channel6_IRQHandler
                0x0000000008000dec                UART4_IRQHandler
                0x0000000008000dec                DMA2_Channel4_IRQHandler
                0x0000000008000dec                TIM3_IRQHandler
                0x0000000008000dec                RCC_IRQHandler
                0x0000000008000dec                Default_Handler
                0x0000000008000dec                RTC_TAMP_LSECSS_IRQHandler
                0x0000000008000dec                FMAC_IRQHandler
                0x0000000008000dec                EXTI15_10_IRQHandler
                0x0000000008000dec                TIM7_IRQHandler
                0x0000000008000dec                UCPD1_IRQHandler
                0x0000000008000dec                I2C3_EV_IRQHandler
                0x0000000008000dec                EXTI9_5_IRQHandler
                0x0000000008000dec                RTC_WKUP_IRQHandler
                0x0000000008000dec                PVD_PVM_IRQHandler
                0x0000000008000dec                MemManage_Handler
                0x0000000008000dec                SVC_Handler
                0x0000000008000dec                DMA2_Channel5_IRQHandler
                0x0000000008000dec                CRS_IRQHandler
                0x0000000008000dec                DMA1_Channel5_IRQHandler
                0x0000000008000dec                USB_LP_IRQHandler
                0x0000000008000dec                EXTI4_IRQHandler
                0x0000000008000dec                RNG_IRQHandler
                0x0000000008000dec                TIM1_TRG_COM_TIM17_IRQHandler
                0x0000000008000dec                DMA1_Channel3_IRQHandler
                0x0000000008000dec                WWDG_IRQHandler
                0x0000000008000dec                LPUART1_IRQHandler
                0x0000000008000dec                DMA2_Channel6_IRQHandler
                0x0000000008000dec                TIM2_IRQHandler
                0x0000000008000dec                COMP1_2_3_IRQHandler
                0x0000000008000dec                EXTI1_IRQHandler
                0x0000000008000dec                I2C2_ER_IRQHandler
                0x0000000008000dec                DMA1_Channel2_IRQHandler
                0x0000000008000dec                TIM8_BRK_IRQHandler
                0x0000000008000dec                FLASH_IRQHandler
                0x0000000008000dec                BusFault_Handler
                0x0000000008000dec                USART1_IRQHandler
                0x0000000008000dec                SPI3_IRQHandler
                0x0000000008000dec                I2C1_ER_IRQHandler
                0x0000000008000dec                LPTIM1_IRQHandler
                0x0000000008000dec                DMAMUX_OVR_IRQHandler
                0x0000000008000dec                USBWakeUp_IRQHandler
                0x0000000008000dec                SAI1_IRQHandler
                0x0000000008000dec                DMA2_Channel3_IRQHandler
                0x0000000008000dec                COMP4_IRQHandler
 *fill*         0x0000000008000dee        0x2 
 .text.SystemClock_Config
                0x0000000008000df0       0xa0 ./Application/User/main.o
                0x0000000008000df0                SystemClock_Config
 .text.R3_2_GetPhaseCurrents
                0x0000000008000e90      0x16c ./Application/User/main.o
                0x0000000008000e90                R3_2_GetPhaseCurrents
 .text.motor_start
                0x0000000008000ffc       0x44 ./Application/User/main.o
                0x0000000008000ffc                motor_start
 .text.HAL_TIM_PeriodElapsedCallback
                0x0000000008001040     0x1218 ./Application/User/main.o
                0x0000000008001040                HAL_TIM_PeriodElapsedCallback
 .text.FSM_Set_State
                0x0000000008002258       0x90 ./Application/User/main.o
                0x0000000008002258                FSM_Set_State
 .text.HAL_FDCAN_RxFifo0Callback
                0x00000000080022e8      0x194 ./Application/User/main.o
                0x00000000080022e8                HAL_FDCAN_RxFifo0Callback
 .text.MA730_ReadRegister
                0x000000000800247c      0x17c ./Application/User/main.o
                0x000000000800247c                MA730_ReadRegister
 .text.MA730_WriteRegister
                0x00000000080025f8       0xc0 ./Application/User/main.o
                0x00000000080025f8                MA730_WriteRegister
 .text.startup.main
                0x00000000080026b8      0x6b4 ./Application/User/main.o
                0x00000000080026b8                main
 .text.Error_Handler
                0x0000000008002d6c        0x4 ./Application/User/main.o
                0x0000000008002d6c                Error_Handler
 .text.MC_StartMotor1
                0x0000000008002d70        0xc ./Application/User/mc_api.o
                0x0000000008002d70                MC_StartMotor1
 .text.MC_StopMotor1
                0x0000000008002d7c        0xc ./Application/User/mc_api.o
                0x0000000008002d7c                MC_StopMotor1
 .text.MC_ProgramSpeedRampMotor1
                0x0000000008002d88       0x10 ./Application/User/mc_api.o
                0x0000000008002d88                MC_ProgramSpeedRampMotor1
 .text.MC_ProgramTorqueRampMotor1
                0x0000000008002d98       0x10 ./Application/User/mc_api.o
                0x0000000008002d98                MC_ProgramTorqueRampMotor1
 .text.MC_GetPhaseCurrentAmplitudeMotor1
                0x0000000008002da8        0xc ./Application/User/mc_api.o
                0x0000000008002da8                MC_GetPhaseCurrentAmplitudeMotor1
 .text.MC_AcknowledgeFaultMotor1
                0x0000000008002db4        0xc ./Application/User/mc_api.o
                0x0000000008002db4                MC_AcknowledgeFaultMotor1
 .text.MC_GetOccurredFaultsMotor1
                0x0000000008002dc0        0xc ./Application/User/mc_api.o
                0x0000000008002dc0                MC_GetOccurredFaultsMotor1
 .text.MC_GetCurrentFaultsMotor1
                0x0000000008002dcc        0xc ./Application/User/mc_api.o
                0x0000000008002dcc                MC_GetCurrentFaultsMotor1
 .text.MC_GetSTMStateMotor1
                0x0000000008002dd8        0xc ./Application/User/mc_api.o
                0x0000000008002dd8                MC_GetSTMStateMotor1
 .text.MCI_Init
                0x0000000008002de4       0x1c ./Application/User/mc_interface.o
                0x0000000008002de4                MCI_Init
 .text.MCI_ExecSpeedRamp
                0x0000000008002e00       0x18 ./Application/User/mc_interface.o
                0x0000000008002e00                MCI_ExecSpeedRamp
 .text.MCI_ExecTorqueRamp
                0x0000000008002e18       0x14 ./Application/User/mc_interface.o
                0x0000000008002e18                MCI_ExecTorqueRamp
 .text.MCI_SetCurrentReferences
                0x0000000008002e2c       0x14 ./Application/User/mc_interface.o
                0x0000000008002e2c                MCI_SetCurrentReferences
 .text.MCI_StartMotor
                0x0000000008002e40       0x14 ./Application/User/mc_interface.o
                0x0000000008002e40                MCI_StartMotor
 .text.MCI_StopMotor
                0x0000000008002e54        0x8 ./Application/User/mc_interface.o
                0x0000000008002e54                MCI_StopMotor
 .text.MCI_FaultAcknowledged
                0x0000000008002e5c        0x8 ./Application/User/mc_interface.o
                0x0000000008002e5c                MCI_FaultAcknowledged
 .text.MCI_EncoderAlign
                0x0000000008002e64        0x8 ./Application/User/mc_interface.o
                0x0000000008002e64                MCI_EncoderAlign
 .text.MCI_ExecBufferedCommands
                0x0000000008002e6c       0x78 ./Application/User/mc_interface.o
                0x0000000008002e6c                MCI_ExecBufferedCommands
 .text.MCI_GetSTMState
                0x0000000008002ee4        0x8 ./Application/User/mc_interface.o
                0x0000000008002ee4                MCI_GetSTMState
 .text.MCI_GetOccurredFaults
                0x0000000008002eec        0xc ./Application/User/mc_interface.o
                0x0000000008002eec                MCI_GetOccurredFaults
 .text.MCI_GetCurrentFaults
                0x0000000008002ef8        0xc ./Application/User/mc_interface.o
                0x0000000008002ef8                MCI_GetCurrentFaults
 .text.MCI_GetControlMode
                0x0000000008002f04        0x4 ./Application/User/mc_interface.o
                0x0000000008002f04                MCI_GetControlMode
 .text.MCI_GetLastRampFinalSpeed
                0x0000000008002f08       0x10 ./Application/User/mc_interface.o
                0x0000000008002f08                MCI_GetLastRampFinalSpeed
 .text.MCI_StopRamp
                0x0000000008002f18        0x8 ./Application/User/mc_interface.o
                0x0000000008002f18                MCI_StopRamp
 .text.MCI_GetAvrgMecSpeedUnit
                0x0000000008002f20       0x10 ./Application/User/mc_interface.o
                0x0000000008002f20                MCI_GetAvrgMecSpeedUnit
 .text.MCI_GetMecSpeedRefUnit
                0x0000000008002f30        0x8 ./Application/User/mc_interface.o
                0x0000000008002f30                MCI_GetMecSpeedRefUnit
 .text.MCI_GetIab
                0x0000000008002f38       0x1c ./Application/User/mc_interface.o
                0x0000000008002f38                MCI_GetIab
 .text.MCI_GetIalphabeta
                0x0000000008002f54       0x1c ./Application/User/mc_interface.o
                0x0000000008002f54                MCI_GetIalphabeta
 .text.MCI_GetIqd
                0x0000000008002f70       0x1c ./Application/User/mc_interface.o
                0x0000000008002f70                MCI_GetIqd
 .text.MCI_GetIqdref
                0x0000000008002f8c       0x1c ./Application/User/mc_interface.o
                0x0000000008002f8c                MCI_GetIqdref
 .text.MCI_GetVqd
                0x0000000008002fa8       0x1c ./Application/User/mc_interface.o
                0x0000000008002fa8                MCI_GetVqd
 .text.MCI_GetValphabeta
                0x0000000008002fc4       0x1c ./Application/User/mc_interface.o
                0x0000000008002fc4                MCI_GetValphabeta
 .text.MCI_GetTeref
                0x0000000008002fe0        0x8 ./Application/User/mc_interface.o
                0x0000000008002fe0                MCI_GetTeref
 .text.MCI_GetPhaseCurrentAmplitude
                0x0000000008002fe8       0x28 ./Application/User/mc_interface.o
                0x0000000008002fe8                MCI_GetPhaseCurrentAmplitude
 .text.MCI_SetIdref
                0x0000000008003010       0x14 ./Application/User/mc_interface.o
                0x0000000008003010                MCI_SetIdref
 .text.MCI_Clear_Iqdref
                0x0000000008003024       0x14 ./Application/User/mc_interface.o
                0x0000000008003024                MCI_Clear_Iqdref
 .text.MCM_Clarke
                0x0000000008003038       0x54 ./Application/User/mc_math.o
                0x0000000008003038                MCM_Clarke
 .text.MCM_Trig_Functions
                0x000000000800308c       0x30 ./Application/User/mc_math.o
                0x000000000800308c                MCM_Trig_Functions
 .text.MCM_Park
                0x00000000080030bc       0x84 ./Application/User/mc_math.o
                0x00000000080030bc                MCM_Park
 .text.MCM_Rev_Park
                0x0000000008003140       0x40 ./Application/User/mc_math.o
                0x0000000008003140                MCM_Rev_Park
 .text.MCM_Sqrt
                0x0000000008003180       0x70 ./Application/User/mc_math.o
                0x0000000008003180                MCM_Sqrt
 .text.FOC_Clear
                0x00000000080031f0       0x88 ./Application/User/mc_tasks.o
                0x00000000080031f0                FOC_Clear
 .text.MCboot   0x0000000008003278      0x214 ./Application/User/mc_tasks.o
                0x0000000008003278                MCboot
 .text.FOC_InitAdditionalMethods
                0x000000000800348c        0x4 ./Application/User/mc_tasks.o
                0x000000000800348c                FOC_InitAdditionalMethods
 .text.FOC_CalcCurrRef
                0x0000000008003490       0x2c ./Application/User/mc_tasks.o
                0x0000000008003490                FOC_CalcCurrRef
 .text.TSK_SetChargeBootCapDelayM1
                0x00000000080034bc        0xc ./Application/User/mc_tasks.o
                0x00000000080034bc                TSK_SetChargeBootCapDelayM1
 .text.TSK_ChargeBootCapDelayHasElapsedM1
                0x00000000080034c8       0x14 ./Application/User/mc_tasks.o
                0x00000000080034c8                TSK_ChargeBootCapDelayHasElapsedM1
 .text.TSK_SetStopPermanencyTimeM1
                0x00000000080034dc        0xc ./Application/User/mc_tasks.o
                0x00000000080034dc                TSK_SetStopPermanencyTimeM1
 .text.TSK_StopPermanencyTimeHasElapsedM1
                0x00000000080034e8       0x14 ./Application/User/mc_tasks.o
                0x00000000080034e8                TSK_StopPermanencyTimeHasElapsedM1
 .text.TSK_MediumFrequencyTaskM1
                0x00000000080034fc      0x260 ./Application/User/mc_tasks.o
                0x00000000080034fc                TSK_MediumFrequencyTaskM1
 .text.MC_Scheduler
                0x000000000800375c       0x58 ./Application/User/mc_tasks.o
                0x000000000800375c                MC_Scheduler
 .text.TSK_HighFrequencyTask
                0x00000000080037b4       0xf0 ./Application/User/mc_tasks.o
                0x00000000080037b4                TSK_HighFrequencyTask
 .text.TSK_SafetyTask_LSON
                0x00000000080038a4      0x104 ./Application/User/mc_tasks.o
                0x00000000080038a4                TSK_SafetyTask_LSON
 .text.TSK_SafetyTask
                0x00000000080039a8       0x20 ./Application/User/mc_tasks.o
                0x00000000080039a8                TSK_SafetyTask
 .text.MC_RunMotorControlTasks
                0x00000000080039c8       0x20 ./Application/User/mc_tasks.o
                0x00000000080039c8                MC_RunMotorControlTasks
 .text.TSK_HardwareFaultTask
                0x00000000080039e8       0x20 ./Application/User/mc_tasks.o
                0x00000000080039e8                TSK_HardwareFaultTask
 .text.mc_lock_pins
                0x0000000008003a08      0x130 ./Application/User/mc_tasks.o
                0x0000000008003a08                mc_lock_pins
 .text.MCP_ReceivedFrame
                0x0000000008003b38      0x5ec ./Application/User/motor_control_protocol.o
                0x0000000008003b38                MCP_ReceivedFrame
 .text.MCP_WaitNextFrame
                0x0000000008004124       0x1c ./Application/User/motor_control_protocol.o
                0x0000000008004124                MCP_WaitNextFrame
 .text.MCP_Init
                0x0000000008004140       0x40 ./Application/User/motor_control_protocol.o
                0x0000000008004140                MCP_Init
 .text.MCP_OnTimeOut
                0x0000000008004180        0x8 ./Application/User/motor_control_protocol.o
                0x0000000008004180                MCP_OnTimeOut
 .text.MCP_SentFrame
                0x0000000008004188        0x8 ./Application/User/motor_control_protocol.o
                0x0000000008004188                MCP_SentFrame
 .text.MX_MotorControl_Init
                0x0000000008004190       0x4c ./Application/User/motorcontrol.o
                0x0000000008004190                MX_MotorControl_Init
 .text.RCM_RegisterRegConv
                0x00000000080041dc      0x1a8 ./Application/User/regular_conversion_manager.o
                0x00000000080041dc                RCM_RegisterRegConv
 .text.RCM_ExecRegularConv
                0x0000000008004384      0x184 ./Application/User/regular_conversion_manager.o
                0x0000000008004384                RCM_ExecRegularConv
 .text.RCM_ExecUserConv
                0x0000000008004508       0x60 ./Application/User/regular_conversion_manager.o
                0x0000000008004508                RCM_ExecUserConv
 .text.RCM_ExecNextConv
                0x0000000008004568       0x94 ./Application/User/regular_conversion_manager.o
                0x0000000008004568                RCM_ExecNextConv
 .text.RCM_ReadOngoingConv
                0x00000000080045fc       0x4c ./Application/User/regular_conversion_manager.o
                0x00000000080045fc                RCM_ReadOngoingConv
 .text.HAL_MspInit
                0x0000000008004648       0x40 ./Application/User/stm32g4xx_hal_msp.o
                0x0000000008004648                HAL_MspInit
 .text.HAL_ADC_MspInit
                0x0000000008004688      0x100 ./Application/User/stm32g4xx_hal_msp.o
                0x0000000008004688                HAL_ADC_MspInit
 .text.HAL_CORDIC_MspInit
                0x0000000008004788       0x30 ./Application/User/stm32g4xx_hal_msp.o
                0x0000000008004788                HAL_CORDIC_MspInit
 .text.HAL_FDCAN_MspInit
                0x00000000080047b8       0x7c ./Application/User/stm32g4xx_hal_msp.o
                0x00000000080047b8                HAL_FDCAN_MspInit
 .text.HAL_SPI_MspInit
                0x0000000008004834       0xbc ./Application/User/stm32g4xx_hal_msp.o
                0x0000000008004834                HAL_SPI_MspInit
 .text.HAL_TIM_Base_MspInit
                0x00000000080048f0       0x68 ./Application/User/stm32g4xx_hal_msp.o
                0x00000000080048f0                HAL_TIM_Base_MspInit
 .text.HAL_TIM_Encoder_MspInit
                0x0000000008004958       0x70 ./Application/User/stm32g4xx_hal_msp.o
                0x0000000008004958                HAL_TIM_Encoder_MspInit
 .text.HAL_TIM_MspPostInit
                0x00000000080049c8       0xa8 ./Application/User/stm32g4xx_hal_msp.o
                0x00000000080049c8                HAL_TIM_MspPostInit
 .text.HAL_UART_MspInit
                0x0000000008004a70       0x70 ./Application/User/stm32g4xx_hal_msp.o
                0x0000000008004a70                HAL_UART_MspInit
 .text.DMA1_Channel1_IRQHandler
                0x0000000008004ae0        0xc ./Application/User/stm32g4xx_it.o
                0x0000000008004ae0                DMA1_Channel1_IRQHandler
 .text.FDCAN1_IT0_IRQHandler
                0x0000000008004aec        0xc ./Application/User/stm32g4xx_it.o
                0x0000000008004aec                FDCAN1_IT0_IRQHandler
 .text.SPI2_IRQHandler
                0x0000000008004af8        0xc ./Application/User/stm32g4xx_it.o
                0x0000000008004af8                SPI2_IRQHandler
 .text.TIM6_DAC_IRQHandler
                0x0000000008004b04        0xc ./Application/User/stm32g4xx_it.o
                0x0000000008004b04                TIM6_DAC_IRQHandler
 .text.ADC1_2_IRQHandler
                0x0000000008004b10        0xc ./Application/User/stm32g4xx_mc_it.o
                0x0000000008004b10                ADC1_2_IRQHandler
 .text.TIM1_UP_TIM16_IRQHandler
                0x0000000008004b1c       0x18 ./Application/User/stm32g4xx_mc_it.o
                0x0000000008004b1c                TIM1_UP_TIM16_IRQHandler
 .text.TIM1_BRK_TIM15_IRQHandler
                0x0000000008004b34       0x3c ./Application/User/stm32g4xx_mc_it.o
                0x0000000008004b34                TIM1_BRK_TIM15_IRQHandler
 .text.TIM4_IRQHandler
                0x0000000008004b70       0x20 ./Application/User/stm32g4xx_mc_it.o
                0x0000000008004b70                TIM4_IRQHandler
 .text.USART2_IRQHandler
                0x0000000008004b90       0x68 ./Application/User/stm32g4xx_mc_it.o
                0x0000000008004b90                USART2_IRQHandler
 .text.HardFault_Handler
                0x0000000008004bf8       0x6c ./Application/User/stm32g4xx_mc_it.o
                0x0000000008004bf8                HardFault_Handler
 .text.SysTick_Handler
                0x0000000008004c64       0x30 ./Application/User/stm32g4xx_mc_it.o
                0x0000000008004c64                SysTick_Handler
 .text.UI_TaskInit
                0x0000000008004c94       0x80 ./Application/User/ui_task.o
                0x0000000008004c94                UI_TaskInit
 .text.UI_Scheduler
                0x0000000008004d14       0x44 ./Application/User/ui_task.o
                0x0000000008004d14                UI_Scheduler
 .text.UI_SerialCommunicationTimeOutStop
                0x0000000008004d58        0xc ./Application/User/ui_task.o
                0x0000000008004d58                UI_SerialCommunicationTimeOutStop
 .text.UI_SerialCommunicationTimeOutStart
                0x0000000008004d64        0xc ./Application/User/ui_task.o
                0x0000000008004d64                UI_SerialCommunicationTimeOutStart
 .text.UI_Init  0x0000000008004d70       0x14 ./Application/User/user_interface.o
                0x0000000008004d70                UI_Init
 .text.UI_SelectMC
                0x0000000008004d84       0x10 ./Application/User/user_interface.o
                0x0000000008004d84                UI_SelectMC
 .text.UI_GetSelectedMC
                0x0000000008004d94        0x4 ./Application/User/user_interface.o
                0x0000000008004d94                UI_GetSelectedMC
 .text.UI_SetReg
                0x0000000008004d98      0x180 ./Application/User/user_interface.o
                0x0000000008004d98                UI_SetReg
 .text.UI_GetReg
                0x0000000008004f18      0x404 ./Application/User/user_interface.o
                0x0000000008004f18                UI_GetReg
 .text.UI_ExecCmd
                0x000000000800531c       0x78 ./Application/User/user_interface.o
                0x000000000800531c                UI_ExecCmd
 .text.UI_ExecSpeedRamp
                0x0000000008005394       0x24 ./Application/User/user_interface.o
                0x0000000008005394                UI_ExecSpeedRamp
 .text.UI_ExecTorqueRamp
                0x00000000080053b8       0x14 ./Application/User/user_interface.o
                0x00000000080053b8                UI_ExecTorqueRamp
 .text.UI_GetRevupData
                0x00000000080053cc       0x3c ./Application/User/user_interface.o
                0x00000000080053cc                UI_GetRevupData
 .text.UI_SetRevupData
                0x0000000008005408       0x38 ./Application/User/user_interface.o
                0x0000000008005408                UI_SetRevupData
 .text.UI_SetCurrentReferences
                0x0000000008005440       0x20 ./Application/User/user_interface.o
                0x0000000008005440                UI_SetCurrentReferences
 .text.UI_GetMPInfo
                0x0000000008005460        0x4 ./Application/User/user_interface.o
                0x0000000008005460                UI_GetMPInfo
 .text.SystemInit
                0x0000000008005464       0x14 ./Drivers/CMSIS/system_stm32g4xx.o
                0x0000000008005464                SystemInit
 .text.HAL_InitTick
                0x0000000008005478       0x4c ./Drivers/STM32G4xx_HAL_Driver/stm32g4xx_hal.o
                0x0000000008005478                HAL_InitTick
 .text.HAL_Init
                0x00000000080054c4       0x20 ./Drivers/STM32G4xx_HAL_Driver/stm32g4xx_hal.o
                0x00000000080054c4                HAL_Init
 .text.HAL_IncTick
                0x00000000080054e4       0x18 ./Drivers/STM32G4xx_HAL_Driver/stm32g4xx_hal.o
                0x00000000080054e4                HAL_IncTick
 .text.HAL_GetTick
                0x00000000080054fc        0xc ./Drivers/STM32G4xx_HAL_Driver/stm32g4xx_hal.o
                0x00000000080054fc                HAL_GetTick
 .text.HAL_Delay
                0x0000000008005508       0x24 ./Drivers/STM32G4xx_HAL_Driver/stm32g4xx_hal.o
                0x0000000008005508                HAL_Delay
 .text.HAL_ADC_Init
                0x000000000800552c      0x20c ./Drivers/STM32G4xx_HAL_Driver/stm32g4xx_hal_adc.o
                0x000000000800552c                HAL_ADC_Init
 .text.HAL_ADC_ConfigChannel
                0x0000000008005738      0x4d4 ./Drivers/STM32G4xx_HAL_Driver/stm32g4xx_hal_adc.o
                0x0000000008005738                HAL_ADC_ConfigChannel
 .text.HAL_ADCEx_InjectedConfigChannel
                0x0000000008005c0c      0x608 ./Drivers/STM32G4xx_HAL_Driver/stm32g4xx_hal_adc_ex.o
                0x0000000008005c0c                HAL_ADCEx_InjectedConfigChannel
 .text.HAL_ADCEx_MultiModeConfigChannel
                0x0000000008006214       0xcc ./Drivers/STM32G4xx_HAL_Driver/stm32g4xx_hal_adc_ex.o
                0x0000000008006214                HAL_ADCEx_MultiModeConfigChannel
 .text.HAL_CORDIC_Init
                0x00000000080062e0       0x34 ./Drivers/STM32G4xx_HAL_Driver/stm32g4xx_hal_cordic.o
                0x00000000080062e0                HAL_CORDIC_Init
 .text.HAL_NVIC_SetPriorityGrouping
                0x0000000008006314       0x28 ./Drivers/STM32G4xx_HAL_Driver/stm32g4xx_hal_cortex.o
                0x0000000008006314                HAL_NVIC_SetPriorityGrouping
 .text.HAL_NVIC_SetPriority
                0x000000000800633c       0x70 ./Drivers/STM32G4xx_HAL_Driver/stm32g4xx_hal_cortex.o
                0x000000000800633c                HAL_NVIC_SetPriority
 .text.HAL_NVIC_EnableIRQ
                0x00000000080063ac       0x1c ./Drivers/STM32G4xx_HAL_Driver/stm32g4xx_hal_cortex.o
                0x00000000080063ac                HAL_NVIC_EnableIRQ
 .text.HAL_SYSTICK_Config
                0x00000000080063c8       0x34 ./Drivers/STM32G4xx_HAL_Driver/stm32g4xx_hal_cortex.o
                0x00000000080063c8                HAL_SYSTICK_Config
 .text.HAL_SYSTICK_Callback
                0x00000000080063fc        0x4 ./Drivers/STM32G4xx_HAL_Driver/stm32g4xx_hal_cortex.o
                0x00000000080063fc                HAL_SYSTICK_Callback
 .text.HAL_SYSTICK_IRQHandler
                0x0000000008006400        0x8 ./Drivers/STM32G4xx_HAL_Driver/stm32g4xx_hal_cortex.o
                0x0000000008006400                HAL_SYSTICK_IRQHandler
 .text.HAL_DMA_Init
                0x0000000008006408      0x130 ./Drivers/STM32G4xx_HAL_Driver/stm32g4xx_hal_dma.o
                0x0000000008006408                HAL_DMA_Init
 .text.HAL_DMA_Abort_IT
                0x0000000008006538       0x80 ./Drivers/STM32G4xx_HAL_Driver/stm32g4xx_hal_dma.o
                0x0000000008006538                HAL_DMA_Abort_IT
 .text.HAL_DMA_IRQHandler
                0x00000000080065b8       0x9c ./Drivers/STM32G4xx_HAL_Driver/stm32g4xx_hal_dma.o
                0x00000000080065b8                HAL_DMA_IRQHandler
 .text.HAL_FDCAN_Init
                0x0000000008006654      0x1e0 ./Drivers/STM32G4xx_HAL_Driver/stm32g4xx_hal_fdcan.o
                0x0000000008006654                HAL_FDCAN_Init
 .text.HAL_FDCAN_ConfigFilter
                0x0000000008006834       0x64 ./Drivers/STM32G4xx_HAL_Driver/stm32g4xx_hal_fdcan.o
                0x0000000008006834                HAL_FDCAN_ConfigFilter
 .text.HAL_FDCAN_ConfigGlobalFilter
                0x0000000008006898       0x40 ./Drivers/STM32G4xx_HAL_Driver/stm32g4xx_hal_fdcan.o
                0x0000000008006898                HAL_FDCAN_ConfigGlobalFilter
 .text.HAL_FDCAN_ConfigTxDelayCompensation
                0x00000000080068d8       0x20 ./Drivers/STM32G4xx_HAL_Driver/stm32g4xx_hal_fdcan.o
                0x00000000080068d8                HAL_FDCAN_ConfigTxDelayCompensation
 .text.HAL_FDCAN_EnableTxDelayCompensation
                0x00000000080068f8       0x24 ./Drivers/STM32G4xx_HAL_Driver/stm32g4xx_hal_fdcan.o
                0x00000000080068f8                HAL_FDCAN_EnableTxDelayCompensation
 .text.HAL_FDCAN_EnableISOMode
                0x000000000800691c       0x24 ./Drivers/STM32G4xx_HAL_Driver/stm32g4xx_hal_fdcan.o
                0x000000000800691c                HAL_FDCAN_EnableISOMode
 .text.HAL_FDCAN_Start
                0x0000000008006940       0x30 ./Drivers/STM32G4xx_HAL_Driver/stm32g4xx_hal_fdcan.o
                0x0000000008006940                HAL_FDCAN_Start
 .text.HAL_FDCAN_AddMessageToTxFifoQ
                0x0000000008006970       0xd0 ./Drivers/STM32G4xx_HAL_Driver/stm32g4xx_hal_fdcan.o
                0x0000000008006970                HAL_FDCAN_AddMessageToTxFifoQ
 .text.HAL_FDCAN_GetRxMessage
                0x0000000008006a40       0xfc ./Drivers/STM32G4xx_HAL_Driver/stm32g4xx_hal_fdcan.o
                0x0000000008006a40                HAL_FDCAN_GetRxMessage
 .text.HAL_FDCAN_ActivateNotification
                0x0000000008006b3c       0xe4 ./Drivers/STM32G4xx_HAL_Driver/stm32g4xx_hal_fdcan.o
                0x0000000008006b3c                HAL_FDCAN_ActivateNotification
 .text.HAL_FDCAN_TxEventFifoCallback
                0x0000000008006c20        0x4 ./Drivers/STM32G4xx_HAL_Driver/stm32g4xx_hal_fdcan.o
                0x0000000008006c20                HAL_FDCAN_TxEventFifoCallback
 .text.HAL_FDCAN_RxFifo1Callback
                0x0000000008006c24        0x4 ./Drivers/STM32G4xx_HAL_Driver/stm32g4xx_hal_fdcan.o
                0x0000000008006c24                HAL_FDCAN_RxFifo1Callback
 .text.HAL_FDCAN_TxFifoEmptyCallback
                0x0000000008006c28        0x4 ./Drivers/STM32G4xx_HAL_Driver/stm32g4xx_hal_fdcan.o
                0x0000000008006c28                HAL_FDCAN_TxFifoEmptyCallback
 .text.HAL_FDCAN_TxBufferCompleteCallback
                0x0000000008006c2c        0x4 ./Drivers/STM32G4xx_HAL_Driver/stm32g4xx_hal_fdcan.o
                0x0000000008006c2c                HAL_FDCAN_TxBufferCompleteCallback
 .text.HAL_FDCAN_TxBufferAbortCallback
                0x0000000008006c30        0x4 ./Drivers/STM32G4xx_HAL_Driver/stm32g4xx_hal_fdcan.o
                0x0000000008006c30                HAL_FDCAN_TxBufferAbortCallback
 .text.HAL_FDCAN_TimestampWraparoundCallback
                0x0000000008006c34        0x4 ./Drivers/STM32G4xx_HAL_Driver/stm32g4xx_hal_fdcan.o
                0x0000000008006c34                HAL_FDCAN_TimestampWraparoundCallback
 .text.HAL_FDCAN_TimeoutOccurredCallback
                0x0000000008006c38        0x4 ./Drivers/STM32G4xx_HAL_Driver/stm32g4xx_hal_fdcan.o
                0x0000000008006c38                HAL_FDCAN_TimeoutOccurredCallback
 .text.HAL_FDCAN_HighPriorityMessageCallback
                0x0000000008006c3c        0x4 ./Drivers/STM32G4xx_HAL_Driver/stm32g4xx_hal_fdcan.o
                0x0000000008006c3c                HAL_FDCAN_HighPriorityMessageCallback
 .text.HAL_FDCAN_ErrorCallback
                0x0000000008006c40        0x4 ./Drivers/STM32G4xx_HAL_Driver/stm32g4xx_hal_fdcan.o
                0x0000000008006c40                HAL_FDCAN_ErrorCallback
 .text.HAL_FDCAN_ErrorStatusCallback
                0x0000000008006c44        0x4 ./Drivers/STM32G4xx_HAL_Driver/stm32g4xx_hal_fdcan.o
                0x0000000008006c44                HAL_FDCAN_ErrorStatusCallback
 .text.HAL_FDCAN_IRQHandler
                0x0000000008006c48      0x190 ./Drivers/STM32G4xx_HAL_Driver/stm32g4xx_hal_fdcan.o
                0x0000000008006c48                HAL_FDCAN_IRQHandler
 .text.HAL_FLASH_Program
                0x0000000008006dd8      0x15c ./Drivers/STM32G4xx_HAL_Driver/stm32g4xx_hal_flash.o
                0x0000000008006dd8                HAL_FLASH_Program
 .text.HAL_FLASH_Unlock
                0x0000000008006f34       0x28 ./Drivers/STM32G4xx_HAL_Driver/stm32g4xx_hal_flash.o
                0x0000000008006f34                HAL_FLASH_Unlock
 .text.HAL_FLASH_Lock
                0x0000000008006f5c       0x18 ./Drivers/STM32G4xx_HAL_Driver/stm32g4xx_hal_flash.o
                0x0000000008006f5c                HAL_FLASH_Lock
 .text.HAL_FLASH_GetError
                0x0000000008006f74        0xc ./Drivers/STM32G4xx_HAL_Driver/stm32g4xx_hal_flash.o
                0x0000000008006f74                HAL_FLASH_GetError
 .text.FLASH_WaitForLastOperation
                0x0000000008006f80       0x54 ./Drivers/STM32G4xx_HAL_Driver/stm32g4xx_hal_flash.o
                0x0000000008006f80                FLASH_WaitForLastOperation
 .text.HAL_FLASHEx_Erase
                0x0000000008006fd4      0x160 ./Drivers/STM32G4xx_HAL_Driver/stm32g4xx_hal_flash_ex.o
                0x0000000008006fd4                HAL_FLASHEx_Erase
 .text.HAL_GPIO_Init
                0x0000000008007134      0x1e8 ./Drivers/STM32G4xx_HAL_Driver/stm32g4xx_hal_gpio.o
                0x0000000008007134                HAL_GPIO_Init
 .text.HAL_GPIO_ReadPin
                0x000000000800731c        0xc ./Drivers/STM32G4xx_HAL_Driver/stm32g4xx_hal_gpio.o
                0x000000000800731c                HAL_GPIO_ReadPin
 .text.HAL_GPIO_WritePin
                0x0000000008007328        0xc ./Drivers/STM32G4xx_HAL_Driver/stm32g4xx_hal_gpio.o
                0x0000000008007328                HAL_GPIO_WritePin
 .text.HAL_PWREx_ControlVoltageScaling
                0x0000000008007334       0xfc ./Drivers/STM32G4xx_HAL_Driver/stm32g4xx_hal_pwr_ex.o
                0x0000000008007334                HAL_PWREx_ControlVoltageScaling
 .text.HAL_PWREx_DisableUCPDDeadBattery
                0x0000000008007430       0x10 ./Drivers/STM32G4xx_HAL_Driver/stm32g4xx_hal_pwr_ex.o
                0x0000000008007430                HAL_PWREx_DisableUCPDDeadBattery
 .text.HAL_RCC_OscConfig
                0x0000000008007440      0x498 ./Drivers/STM32G4xx_HAL_Driver/stm32g4xx_hal_rcc.o
                0x0000000008007440                HAL_RCC_OscConfig
 .text.HAL_RCC_GetSysClockFreq
                0x00000000080078d8       0x5c ./Drivers/STM32G4xx_HAL_Driver/stm32g4xx_hal_rcc.o
                0x00000000080078d8                HAL_RCC_GetSysClockFreq
 .text.HAL_RCC_ClockConfig
                0x0000000008007934      0x214 ./Drivers/STM32G4xx_HAL_Driver/stm32g4xx_hal_rcc.o
                0x0000000008007934                HAL_RCC_ClockConfig
 .text.HAL_RCC_GetHCLKFreq
                0x0000000008007b48        0xc ./Drivers/STM32G4xx_HAL_Driver/stm32g4xx_hal_rcc.o
                0x0000000008007b48                HAL_RCC_GetHCLKFreq
 .text.HAL_RCC_GetPCLK1Freq
                0x0000000008007b54       0x24 ./Drivers/STM32G4xx_HAL_Driver/stm32g4xx_hal_rcc.o
                0x0000000008007b54                HAL_RCC_GetPCLK1Freq
 .text.HAL_RCC_GetPCLK2Freq
                0x0000000008007b78       0x24 ./Drivers/STM32G4xx_HAL_Driver/stm32g4xx_hal_rcc.o
                0x0000000008007b78                HAL_RCC_GetPCLK2Freq
 .text.HAL_RCCEx_PeriphCLKConfig
                0x0000000008007b9c      0x298 ./Drivers/STM32G4xx_HAL_Driver/stm32g4xx_hal_rcc_ex.o
                0x0000000008007b9c                HAL_RCCEx_PeriphCLKConfig
 .text.SPI_WaitFifoStateUntilTimeout.constprop.1
                0x0000000008007e34       0xd4 ./Drivers/STM32G4xx_HAL_Driver/stm32g4xx_hal_spi.o
 .text.SPI_EndRxTxTransaction
                0x0000000008007f08      0x134 ./Drivers/STM32G4xx_HAL_Driver/stm32g4xx_hal_spi.o
 .text.HAL_SPI_Init
                0x000000000800803c      0x10c ./Drivers/STM32G4xx_HAL_Driver/stm32g4xx_hal_spi.o
                0x000000000800803c                HAL_SPI_Init
 .text.HAL_SPI_TransmitReceive
                0x0000000008008148      0x318 ./Drivers/STM32G4xx_HAL_Driver/stm32g4xx_hal_spi.o
                0x0000000008008148                HAL_SPI_TransmitReceive
 .text.HAL_SPI_ErrorCallback
                0x0000000008008460        0x4 ./Drivers/STM32G4xx_HAL_Driver/stm32g4xx_hal_spi.o
                0x0000000008008460                HAL_SPI_ErrorCallback
 .text.HAL_SPI_IRQHandler
                0x0000000008008464      0x138 ./Drivers/STM32G4xx_HAL_Driver/stm32g4xx_hal_spi.o
                0x0000000008008464                HAL_SPI_IRQHandler
 .text.SPI_DMAAbortOnError
                0x000000000800859c       0x14 ./Drivers/STM32G4xx_HAL_Driver/stm32g4xx_hal_spi.o
 .text.TIM_OC1_SetConfig
                0x00000000080085b0       0x7c ./Drivers/STM32G4xx_HAL_Driver/stm32g4xx_hal_tim.o
 .text.TIM_OC3_SetConfig
                0x000000000800862c       0x80 ./Drivers/STM32G4xx_HAL_Driver/stm32g4xx_hal_tim.o
 .text.TIM_OC4_SetConfig
                0x00000000080086ac       0x80 ./Drivers/STM32G4xx_HAL_Driver/stm32g4xx_hal_tim.o
 .text.HAL_TIM_Base_Init
                0x000000000800872c      0x108 ./Drivers/STM32G4xx_HAL_Driver/stm32g4xx_hal_tim.o
                0x000000000800872c                HAL_TIM_Base_Init
 .text.HAL_TIM_Base_Start_IT
                0x0000000008008834       0x74 ./Drivers/STM32G4xx_HAL_Driver/stm32g4xx_hal_tim.o
                0x0000000008008834                HAL_TIM_Base_Start_IT
 .text.HAL_TIM_Base_Stop_IT
                0x00000000080088a8       0x30 ./Drivers/STM32G4xx_HAL_Driver/stm32g4xx_hal_tim.o
                0x00000000080088a8                HAL_TIM_Base_Stop_IT
 .text.HAL_TIM_PWM_MspInit
                0x00000000080088d8        0x4 ./Drivers/STM32G4xx_HAL_Driver/stm32g4xx_hal_tim.o
                0x00000000080088d8                HAL_TIM_PWM_MspInit
 .text.HAL_TIM_PWM_Init
                0x00000000080088dc      0x108 ./Drivers/STM32G4xx_HAL_Driver/stm32g4xx_hal_tim.o
                0x00000000080088dc                HAL_TIM_PWM_Init
 .text.HAL_TIM_Encoder_Init
                0x00000000080089e4      0x164 ./Drivers/STM32G4xx_HAL_Driver/stm32g4xx_hal_tim.o
                0x00000000080089e4                HAL_TIM_Encoder_Init
 .text.HAL_TIM_SlaveConfigSynchro
                0x0000000008008b48      0x104 ./Drivers/STM32G4xx_HAL_Driver/stm32g4xx_hal_tim.o
                0x0000000008008b48                HAL_TIM_SlaveConfigSynchro
 .text.HAL_TIM_OC_DelayElapsedCallback
                0x0000000008008c4c        0x4 ./Drivers/STM32G4xx_HAL_Driver/stm32g4xx_hal_tim.o
                0x0000000008008c4c                HAL_TIM_OC_DelayElapsedCallback
 .text.HAL_TIM_IC_CaptureCallback
                0x0000000008008c50        0x4 ./Drivers/STM32G4xx_HAL_Driver/stm32g4xx_hal_tim.o
                0x0000000008008c50                HAL_TIM_IC_CaptureCallback
 .text.HAL_TIM_PWM_PulseFinishedCallback
                0x0000000008008c54        0x4 ./Drivers/STM32G4xx_HAL_Driver/stm32g4xx_hal_tim.o
                0x0000000008008c54                HAL_TIM_PWM_PulseFinishedCallback
 .text.HAL_TIM_TriggerCallback
                0x0000000008008c58        0x4 ./Drivers/STM32G4xx_HAL_Driver/stm32g4xx_hal_tim.o
                0x0000000008008c58                HAL_TIM_TriggerCallback
 .text.HAL_TIM_IRQHandler
                0x0000000008008c5c      0x1f4 ./Drivers/STM32G4xx_HAL_Driver/stm32g4xx_hal_tim.o
                0x0000000008008c5c                HAL_TIM_IRQHandler
 .text.TIM_OC2_SetConfig
                0x0000000008008e50       0x80 ./Drivers/STM32G4xx_HAL_Driver/stm32g4xx_hal_tim.o
                0x0000000008008e50                TIM_OC2_SetConfig
 .text.HAL_TIM_PWM_ConfigChannel
                0x0000000008008ed0      0x1f4 ./Drivers/STM32G4xx_HAL_Driver/stm32g4xx_hal_tim.o
                0x0000000008008ed0                HAL_TIM_PWM_ConfigChannel
 .text.HAL_TIMEx_MasterConfigSynchronization
                0x00000000080090c4       0x90 ./Drivers/STM32G4xx_HAL_Driver/stm32g4xx_hal_tim_ex.o
                0x00000000080090c4                HAL_TIMEx_MasterConfigSynchronization
 .text.HAL_TIMEx_ConfigBreakDeadTime
                0x0000000008009154       0x9c ./Drivers/STM32G4xx_HAL_Driver/stm32g4xx_hal_tim_ex.o
                0x0000000008009154                HAL_TIMEx_ConfigBreakDeadTime
 .text.HAL_TIMEx_CommutCallback
                0x00000000080091f0        0x4 ./Drivers/STM32G4xx_HAL_Driver/stm32g4xx_hal_tim_ex.o
                0x00000000080091f0                HAL_TIMEx_CommutCallback
 .text.HAL_TIMEx_BreakCallback
                0x00000000080091f4        0x4 ./Drivers/STM32G4xx_HAL_Driver/stm32g4xx_hal_tim_ex.o
                0x00000000080091f4                HAL_TIMEx_BreakCallback
 .text.HAL_TIMEx_Break2Callback
                0x00000000080091f8        0x4 ./Drivers/STM32G4xx_HAL_Driver/stm32g4xx_hal_tim_ex.o
                0x00000000080091f8                HAL_TIMEx_Break2Callback
 .text.HAL_TIMEx_EncoderIndexCallback
                0x00000000080091fc        0x4 ./Drivers/STM32G4xx_HAL_Driver/stm32g4xx_hal_tim_ex.o
                0x00000000080091fc                HAL_TIMEx_EncoderIndexCallback
 .text.HAL_TIMEx_DirectionChangeCallback
                0x0000000008009200        0x4 ./Drivers/STM32G4xx_HAL_Driver/stm32g4xx_hal_tim_ex.o
                0x0000000008009200                HAL_TIMEx_DirectionChangeCallback
 .text.HAL_TIMEx_IndexErrorCallback
                0x0000000008009204        0x4 ./Drivers/STM32G4xx_HAL_Driver/stm32g4xx_hal_tim_ex.o
                0x0000000008009204                HAL_TIMEx_IndexErrorCallback
 .text.HAL_TIMEx_TransitionErrorCallback
                0x0000000008009208        0x4 ./Drivers/STM32G4xx_HAL_Driver/stm32g4xx_hal_tim_ex.o
                0x0000000008009208                HAL_TIMEx_TransitionErrorCallback
 .text.UART_AdvFeatureConfig
                0x000000000800920c       0xb0 ./Drivers/STM32G4xx_HAL_Driver/stm32g4xx_hal_uart.o
                0x000000000800920c                UART_AdvFeatureConfig
 .text.UART_CheckIdleState
                0x00000000080092bc       0xc8 ./Drivers/STM32G4xx_HAL_Driver/stm32g4xx_hal_uart.o
                0x00000000080092bc                UART_CheckIdleState
 .text.HAL_UART_Init
                0x0000000008009384      0x370 ./Drivers/STM32G4xx_HAL_Driver/stm32g4xx_hal_uart.o
                0x0000000008009384                HAL_UART_Init
 .text.HAL_UARTEx_DisableFifoMode
                0x00000000080096f4       0x3c ./Drivers/STM32G4xx_HAL_Driver/stm32g4xx_hal_uart_ex.o
                0x00000000080096f4                HAL_UARTEx_DisableFifoMode
 .text.HAL_UARTEx_SetTxFifoThreshold
                0x0000000008009730       0x7c ./Drivers/STM32G4xx_HAL_Driver/stm32g4xx_hal_uart_ex.o
                0x0000000008009730                HAL_UARTEx_SetTxFifoThreshold
 .text.HAL_UARTEx_SetRxFifoThreshold
                0x00000000080097ac       0x7c ./Drivers/STM32G4xx_HAL_Driver/stm32g4xx_hal_uart_ex.o
                0x00000000080097ac                HAL_UARTEx_SetRxFifoThreshold
 .text.VBS_GetAvBusVoltage_V
                0x0000000008009828        0xc ./Middlewares/MotorControl/bus_voltage_sensor.o
                0x0000000008009828                VBS_GetAvBusVoltage_V
 .text.Circle_Limitation
                0x0000000008009834       0x64 ./Middlewares/MotorControl/circle_limitation.o
                0x0000000008009834                Circle_Limitation
 .text.EAC_Init
                0x0000000008009898       0x14 ./Middlewares/MotorControl/enc_align_ctrl.o
                0x0000000008009898                EAC_Init
 .text.EAC_StartAlignment
                0x00000000080098ac       0x50 ./Middlewares/MotorControl/enc_align_ctrl.o
                0x00000000080098ac                EAC_StartAlignment
 .text.EAC_Exec
                0x00000000080098fc       0x30 ./Middlewares/MotorControl/enc_align_ctrl.o
                0x00000000080098fc                EAC_Exec
 .text.EAC_IsAligned
                0x000000000800992c        0x4 ./Middlewares/MotorControl/enc_align_ctrl.o
                0x000000000800992c                EAC_IsAligned
 .text.EAC_SetRestartState
                0x0000000008009930        0x4 ./Middlewares/MotorControl/enc_align_ctrl.o
                0x0000000008009930                EAC_SetRestartState
 .text.EAC_GetRestartState
                0x0000000008009934        0x4 ./Middlewares/MotorControl/enc_align_ctrl.o
                0x0000000008009934                EAC_GetRestartState
 .text.ENC_Init
                0x0000000008009938       0x7c ./Middlewares/MotorControl/encoder_speed_pos_fdbk.o
                0x0000000008009938                ENC_Init
 .text.ENC_Clear
                0x00000000080099b4       0x24 ./Middlewares/MotorControl/encoder_speed_pos_fdbk.o
                0x00000000080099b4                ENC_Clear
 .text.ENC_CalcAngle
                0x00000000080099d8       0x40 ./Middlewares/MotorControl/encoder_speed_pos_fdbk.o
                0x00000000080099d8                ENC_CalcAngle
 .text.ENC_CalcAvrgMecSpeedUnit
                0x0000000008009a18      0x19c ./Middlewares/MotorControl/encoder_speed_pos_fdbk.o
                0x0000000008009a18                ENC_CalcAvrgMecSpeedUnit
 .text.ENC_SetMecAngle
                0x0000000008009bb4       0x30 ./Middlewares/MotorControl/encoder_speed_pos_fdbk.o
                0x0000000008009bb4                ENC_SetMecAngle
 .text.ENC_IRQHandler
                0x0000000008009be4       0x14 ./Middlewares/MotorControl/encoder_speed_pos_fdbk.o
                0x0000000008009be4                ENC_IRQHandler
 .text.FCP_Init
                0x0000000008009bf8       0x18 ./Middlewares/MotorControl/frame_communication_protocol.o
                0x0000000008009bf8                FCP_Init
 .text.FCP_SetClient
                0x0000000008009c10       0x10 ./Middlewares/MotorControl/frame_communication_protocol.o
                0x0000000008009c10                FCP_SetClient
 .text.FCP_CalcCRC
                0x0000000008009c20       0x2c ./Middlewares/MotorControl/frame_communication_protocol.o
                0x0000000008009c20                FCP_CalcCRC
 .text.MPM_Clear
                0x0000000008009c4c       0x18 ./Middlewares/MotorControl/motor_power_measurement.o
                0x0000000008009c4c                MPM_Clear
 .text.MPM_CalcElMotorPower
                0x0000000008009c64       0x44 ./Middlewares/MotorControl/motor_power_measurement.o
                0x0000000008009c64                MPM_CalcElMotorPower
 .text.MPM_GetAvrgElMotorPowerW
                0x0000000008009ca8        0x8 ./Middlewares/MotorControl/motor_power_measurement.o
                0x0000000008009ca8                MPM_GetAvrgElMotorPowerW
 .text.NTC_SetFaultState
                0x0000000008009cb0       0x1c ./Middlewares/MotorControl/ntc_temperature_sensor.o
                0x0000000008009cb0                NTC_SetFaultState
 .text.NTC_Clear
                0x0000000008009ccc        0x8 ./Middlewares/MotorControl/ntc_temperature_sensor.o
                0x0000000008009ccc                NTC_Clear
 .text.NTC_Init
                0x0000000008009cd4       0x24 ./Middlewares/MotorControl/ntc_temperature_sensor.o
                0x0000000008009cd4                NTC_Init
 .text.NTC_CalcAvTemp
                0x0000000008009cf8       0x38 ./Middlewares/MotorControl/ntc_temperature_sensor.o
                0x0000000008009cf8                NTC_CalcAvTemp
 .text.NTC_GetAvTemp_C
                0x0000000008009d30       0x2c ./Middlewares/MotorControl/ntc_temperature_sensor.o
                0x0000000008009d30                NTC_GetAvTemp_C
 .text.PID_HandleInit
                0x0000000008009d5c       0x10 ./Middlewares/MotorControl/pid_regulator.o
                0x0000000008009d5c                PID_HandleInit
 .text.PID_SetKP
                0x0000000008009d6c        0x4 ./Middlewares/MotorControl/pid_regulator.o
                0x0000000008009d6c                PID_SetKP
 .text.PID_SetKI
                0x0000000008009d70        0x4 ./Middlewares/MotorControl/pid_regulator.o
                0x0000000008009d70                PID_SetKI
 .text.PID_GetKP
                0x0000000008009d74        0x8 ./Middlewares/MotorControl/pid_regulator.o
                0x0000000008009d74                PID_GetKP
 .text.PID_GetKI
                0x0000000008009d7c        0x8 ./Middlewares/MotorControl/pid_regulator.o
                0x0000000008009d7c                PID_GetKI
 .text.PID_SetIntegralTerm
                0x0000000008009d84        0x4 ./Middlewares/MotorControl/pid_regulator.o
                0x0000000008009d84                PID_SetIntegralTerm
 .text.PID_GetKPDivisor
                0x0000000008009d88        0x4 ./Middlewares/MotorControl/pid_regulator.o
                0x0000000008009d88                PID_GetKPDivisor
 .text.PID_GetKIDivisor
                0x0000000008009d8c        0x4 ./Middlewares/MotorControl/pid_regulator.o
                0x0000000008009d8c                PID_GetKIDivisor
 .text.PID_SetKD
                0x0000000008009d90        0x4 ./Middlewares/MotorControl/pid_regulator.o
                0x0000000008009d90                PID_SetKD
 .text.PID_GetKD
                0x0000000008009d94        0x8 ./Middlewares/MotorControl/pid_regulator.o
                0x0000000008009d94                PID_GetKD
 .text.PI_Controller
                0x0000000008009d9c       0x8c ./Middlewares/MotorControl/pid_regulator.o
                0x0000000008009d9c                PI_Controller
 .text.PQD_CalcElMotorPower
                0x0000000008009e28       0x68 ./Middlewares/MotorControl/pqd_motor_power_measurement.o
                0x0000000008009e28                PQD_CalcElMotorPower
 .text.startTimers
                0x0000000008009e90       0x70 ./Middlewares/MotorControl/pwm_common.o
                0x0000000008009e90                startTimers
 .text.waitForPolarizationEnd
                0x0000000008009f00       0x4c ./Middlewares/MotorControl/pwm_common.o
                0x0000000008009f00                waitForPolarizationEnd
 .text.PWMC_GetPhaseCurrents
                0x0000000008009f4c        0x4 ./Middlewares/MotorControl/pwm_curr_fdbk.o
                0x0000000008009f4c                PWMC_GetPhaseCurrents
 .text.PWMC_SetPhaseVoltage
                0x0000000008009f50      0x250 ./Middlewares/MotorControl/pwm_curr_fdbk.o
                0x0000000008009f50                PWMC_SetPhaseVoltage
 .text.PWMC_SwitchOffPWM
                0x000000000800a1a0        0x4 ./Middlewares/MotorControl/pwm_curr_fdbk.o
                0x000000000800a1a0                PWMC_SwitchOffPWM
 .text.PWMC_CurrentReadingCalibr
                0x000000000800a1a4       0x54 ./Middlewares/MotorControl/pwm_curr_fdbk.o
                0x000000000800a1a4                PWMC_CurrentReadingCalibr
 .text.PWMC_TurnOnLowSides
                0x000000000800a1f8        0x4 ./Middlewares/MotorControl/pwm_curr_fdbk.o
                0x000000000800a1f8                PWMC_TurnOnLowSides
 .text.PWMC_CheckOverCurrent
                0x000000000800a1fc        0x4 ./Middlewares/MotorControl/pwm_curr_fdbk.o
                0x000000000800a1fc                PWMC_CheckOverCurrent
 .text.PWMC_GetTurnOnLowSidesAction
                0x000000000800a200        0x8 ./Middlewares/MotorControl/pwm_curr_fdbk.o
                0x000000000800a200                PWMC_GetTurnOnLowSidesAction
 .text.R3_2_ADCxInit
                0x000000000800a208       0xb4 ./Middlewares/MotorControl/r3_2_g4xx_pwm_curr_fdbk.o
 .text.R3_2_SetADCSampPointPolarization
                0x000000000800a2bc       0x3c ./Middlewares/MotorControl/r3_2_g4xx_pwm_curr_fdbk.o
                0x000000000800a2bc                R3_2_SetADCSampPointPolarization
 .text.R3_2_SetADCSampPointSectX
                0x000000000800a2f8       0x74 ./Middlewares/MotorControl/r3_2_g4xx_pwm_curr_fdbk.o
                0x000000000800a2f8                R3_2_SetADCSampPointSectX
 .text.R3_2_HFCurrentsPolarizationAB
                0x000000000800a36c       0x4c ./Middlewares/MotorControl/r3_2_g4xx_pwm_curr_fdbk.o
 .text.R3_2_HFCurrentsPolarizationC
                0x000000000800a3b8       0x44 ./Middlewares/MotorControl/r3_2_g4xx_pwm_curr_fdbk.o
 .text.R3_2_TurnOnLowSides
                0x000000000800a3fc       0x50 ./Middlewares/MotorControl/r3_2_g4xx_pwm_curr_fdbk.o
                0x000000000800a3fc                R3_2_TurnOnLowSides
 .text.R3_2_SwitchOnPWM
                0x000000000800a44c       0x94 ./Middlewares/MotorControl/r3_2_g4xx_pwm_curr_fdbk.o
                0x000000000800a44c                R3_2_SwitchOnPWM
 .text.R3_2_SwitchOffPWM
                0x000000000800a4e0       0x60 ./Middlewares/MotorControl/r3_2_g4xx_pwm_curr_fdbk.o
                0x000000000800a4e0                R3_2_SwitchOffPWM
 .text.R3_2_RLGetPhaseCurrents
                0x000000000800a540       0x54 ./Middlewares/MotorControl/r3_2_g4xx_pwm_curr_fdbk.o
 .text.R3_2_RLTurnOnLowSides
                0x000000000800a594       0x4c ./Middlewares/MotorControl/r3_2_g4xx_pwm_curr_fdbk.o
 .text.R3_2_RLSwitchOnPWM
                0x000000000800a5e0       0xb0 ./Middlewares/MotorControl/r3_2_g4xx_pwm_curr_fdbk.o
 .text.R3_2_SetAOReferenceVoltage
                0x000000000800a690       0x94 ./Middlewares/MotorControl/r3_2_g4xx_pwm_curr_fdbk.o
 .text.R3_2_Init
                0x000000000800a724      0x294 ./Middlewares/MotorControl/r3_2_g4xx_pwm_curr_fdbk.o
                0x000000000800a724                R3_2_Init
 .text.R3_2_CurrentReadingPolarization
                0x000000000800a9b8      0x138 ./Middlewares/MotorControl/r3_2_g4xx_pwm_curr_fdbk.o
                0x000000000800a9b8                R3_2_CurrentReadingPolarization
 .text.R3_2_TIMx_UP_IRQHandler
                0x000000000800aaf0       0x84 ./Middlewares/MotorControl/r3_2_g4xx_pwm_curr_fdbk.o
                0x000000000800aaf0                R3_2_TIMx_UP_IRQHandler
 .text.R3_2_BRK2_IRQHandler
                0x000000000800ab74       0x40 ./Middlewares/MotorControl/r3_2_g4xx_pwm_curr_fdbk.o
                0x000000000800ab74                R3_2_BRK2_IRQHandler
 .text.R3_2_BRK_IRQHandler
                0x000000000800abb4       0x20 ./Middlewares/MotorControl/r3_2_g4xx_pwm_curr_fdbk.o
                0x000000000800abb4                R3_2_BRK_IRQHandler
 .text.R3_2_IsOverCurrentOccurred
                0x000000000800abd4       0x28 ./Middlewares/MotorControl/r3_2_g4xx_pwm_curr_fdbk.o
                0x000000000800abd4                R3_2_IsOverCurrentOccurred
 .text.R3_2_RLDetectionModeEnable
                0x000000000800abfc       0xd4 ./Middlewares/MotorControl/r3_2_g4xx_pwm_curr_fdbk.o
                0x000000000800abfc                R3_2_RLDetectionModeEnable
 .text.R3_2_RLDetectionModeDisable
                0x000000000800acd0       0xec ./Middlewares/MotorControl/r3_2_g4xx_pwm_curr_fdbk.o
                0x000000000800acd0                R3_2_RLDetectionModeDisable
 .text.R3_2_RLDetectionModeSetDuty
                0x000000000800adbc       0x74 ./Middlewares/MotorControl/r3_2_g4xx_pwm_curr_fdbk.o
                0x000000000800adbc                R3_2_RLDetectionModeSetDuty
 .text.RVBS_Clear
                0x000000000800ae30       0x38 ./Middlewares/MotorControl/r_divider_bus_voltage_sensor.o
                0x000000000800ae30                RVBS_Clear
 .text.RVBS_Init
                0x000000000800ae68       0x18 ./Middlewares/MotorControl/r_divider_bus_voltage_sensor.o
                0x000000000800ae68                RVBS_Init
 .text.RVBS_CheckFaultState
                0x000000000800ae80       0x18 ./Middlewares/MotorControl/r_divider_bus_voltage_sensor.o
                0x000000000800ae80                RVBS_CheckFaultState
 .text.RVBS_CalcAvVbus
                0x000000000800ae98       0x6c ./Middlewares/MotorControl/r_divider_bus_voltage_sensor.o
                0x000000000800ae98                RVBS_CalcAvVbus
 .text.REMNG_Init
                0x000000000800af04       0x10 ./Middlewares/MotorControl/ramp_ext_mngr.o
                0x000000000800af04                REMNG_Init
 .text.SPD_GetElAngle
                0x000000000800af14        0x8 ./Middlewares/MotorControl/speed_pos_fdbk.o
                0x000000000800af14                SPD_GetElAngle
 .text.SPD_GetAvrgMecSpeedUnit
                0x000000000800af1c        0x8 ./Middlewares/MotorControl/speed_pos_fdbk.o
                0x000000000800af1c                SPD_GetAvrgMecSpeedUnit
 .text.SPD_GetInstElSpeedDpp
                0x000000000800af24        0x8 ./Middlewares/MotorControl/speed_pos_fdbk.o
                0x000000000800af24                SPD_GetInstElSpeedDpp
 .text.SPD_IsMecSpeedReliable
                0x000000000800af2c       0x58 ./Middlewares/MotorControl/speed_pos_fdbk.o
                0x000000000800af2c                SPD_IsMecSpeedReliable
 .text.SPD_GetS16Speed
                0x000000000800af84       0x14 ./Middlewares/MotorControl/speed_pos_fdbk.o
                0x000000000800af84                SPD_GetS16Speed
 .text.STC_Init
                0x000000000800af98       0x28 ./Middlewares/MotorControl/speed_torq_ctrl.o
                0x000000000800af98                STC_Init
 .text.STC_SetSpeedSensor
                0x000000000800afc0        0x4 ./Middlewares/MotorControl/speed_torq_ctrl.o
                0x000000000800afc0                STC_SetSpeedSensor
 .text.STC_GetSpeedSensor
                0x000000000800afc4        0x4 ./Middlewares/MotorControl/speed_torq_ctrl.o
                0x000000000800afc4                STC_GetSpeedSensor
 .text.STC_Clear
                0x000000000800afc8       0x10 ./Middlewares/MotorControl/speed_torq_ctrl.o
                0x000000000800afc8                STC_Clear
 .text.STC_GetMecSpeedRefUnit
                0x000000000800afd8       0x10 ./Middlewares/MotorControl/speed_torq_ctrl.o
                0x000000000800afd8                STC_GetMecSpeedRefUnit
 .text.STC_GetTorqueRef
                0x000000000800afe8       0x10 ./Middlewares/MotorControl/speed_torq_ctrl.o
                0x000000000800afe8                STC_GetTorqueRef
 .text.STC_SetControlMode
                0x000000000800aff8        0x8 ./Middlewares/MotorControl/speed_torq_ctrl.o
                0x000000000800aff8                STC_SetControlMode
 .text.STC_ExecRamp
                0x000000000800b000       0x90 ./Middlewares/MotorControl/speed_torq_ctrl.o
                0x000000000800b000                STC_ExecRamp
 .text.STC_StopRamp
                0x000000000800b090        0x8 ./Middlewares/MotorControl/speed_torq_ctrl.o
                0x000000000800b090                STC_StopRamp
 .text.STC_CalcTorqueReference
                0x000000000800b098       0x64 ./Middlewares/MotorControl/speed_torq_ctrl.o
                0x000000000800b098                STC_CalcTorqueReference
 .text.STC_GetMecSpeedRefUnitDefault
                0x000000000800b0fc        0x8 ./Middlewares/MotorControl/speed_torq_ctrl.o
                0x000000000800b0fc                STC_GetMecSpeedRefUnitDefault
 .text.STC_GetMaxAppPositiveMecSpeedUnit
                0x000000000800b104        0x4 ./Middlewares/MotorControl/speed_torq_ctrl.o
                0x000000000800b104                STC_GetMaxAppPositiveMecSpeedUnit
 .text.STC_GetMinAppNegativeMecSpeedUnit
                0x000000000800b108        0x8 ./Middlewares/MotorControl/speed_torq_ctrl.o
                0x000000000800b108                STC_GetMinAppNegativeMecSpeedUnit
 .text.STC_GetDefaultIqdref
                0x000000000800b110       0x1c ./Middlewares/MotorControl/speed_torq_ctrl.o
                0x000000000800b110                STC_GetDefaultIqdref
 .text.STC_ForceSpeedReferenceToCurrentSpeed
                0x000000000800b12c       0x10 ./Middlewares/MotorControl/speed_torq_ctrl.o
                0x000000000800b12c                STC_ForceSpeedReferenceToCurrentSpeed
 .text.STM_Init
                0x000000000800b13c        0xc ./Middlewares/MotorControl/state_machine.o
                0x000000000800b13c                STM_Init
 .text.STM_FaultProcessing
                0x000000000800b148       0x3c ./Middlewares/MotorControl/state_machine.o
                0x000000000800b148                STM_FaultProcessing
 .text.STM_NextState
                0x000000000800b184       0xe8 ./Middlewares/MotorControl/state_machine.o
                0x000000000800b184                STM_NextState
 .text.STM_GetState
                0x000000000800b26c        0x4 ./Middlewares/MotorControl/state_machine.o
                0x000000000800b26c                STM_GetState
 .text.STM_FaultAcknowledged
                0x000000000800b270       0x18 ./Middlewares/MotorControl/state_machine.o
                0x000000000800b270                STM_FaultAcknowledged
 .text.STM_GetFaultState
                0x000000000800b288        0xc ./Middlewares/MotorControl/state_machine.o
                0x000000000800b288                STM_GetFaultState
 .text.UFCP_Init
                0x000000000800b294        0x4 ./Middlewares/MotorControl/usart_frame_communication_protocol.o
                0x000000000800b294                UFCP_Init
 .text.UFCP_TX_IRQ_Handler
                0x000000000800b298       0x60 ./Middlewares/MotorControl/usart_frame_communication_protocol.o
                0x000000000800b298                UFCP_TX_IRQ_Handler
 .text.UFCP_Receive
                0x000000000800b2f8       0x20 ./Middlewares/MotorControl/usart_frame_communication_protocol.o
                0x000000000800b2f8                UFCP_Receive
 .text.UFCP_Send
                0x000000000800b318       0xb0 ./Middlewares/MotorControl/usart_frame_communication_protocol.o
                0x000000000800b318                UFCP_Send
 .text.UFCP_RX_IRQ_Handler
                0x000000000800b3c8       0xc4 ./Middlewares/MotorControl/usart_frame_communication_protocol.o
                0x000000000800b3c8                UFCP_RX_IRQ_Handler
 .text.UFCP_OVR_IRQ_Handler
                0x000000000800b48c       0x1c ./Middlewares/MotorControl/usart_frame_communication_protocol.o
                0x000000000800b48c                UFCP_OVR_IRQ_Handler
 .text.UFCP_AbortReceive
                0x000000000800b4a8        0x8 ./Middlewares/MotorControl/usart_frame_communication_protocol.o
                0x000000000800b4a8                UFCP_AbortReceive
 .text.VSS_Clear
                0x000000000800b4b0       0x1c ./Middlewares/MotorControl/virtual_speed_sensor.o
                0x000000000800b4b0                VSS_Clear
 .text.VSS_Init
                0x000000000800b4cc        0x8 ./Middlewares/MotorControl/virtual_speed_sensor.o
                0x000000000800b4cc                VSS_Init
 .text.VSS_SetMecAngle
                0x000000000800b4d4       0x10 ./Middlewares/MotorControl/virtual_speed_sensor.o
                0x000000000800b4d4                VSS_SetMecAngle
 .text.VSS_SetMecAcceleration
                0x000000000800b4e4       0x7c ./Middlewares/MotorControl/virtual_speed_sensor.o
                0x000000000800b4e4                VSS_SetMecAcceleration
 .text.RUC_SetPhaseDurationms
                0x000000000800b560        0xc ../../MCSDK_v5.4.7/MotorControl/lib\libmc-gcc_M4_NoCCMRAM.lib(revup_ctrl.o)
                0x000000000800b560                RUC_SetPhaseDurationms
 .text.RUC_SetPhaseFinalMecSpeedUnit
                0x000000000800b56c        0xc ../../MCSDK_v5.4.7/MotorControl/lib\libmc-gcc_M4_NoCCMRAM.lib(revup_ctrl.o)
                0x000000000800b56c                RUC_SetPhaseFinalMecSpeedUnit
 .text.RUC_SetPhaseFinalTorque
                0x000000000800b578        0xc ../../MCSDK_v5.4.7/MotorControl/lib\libmc-gcc_M4_NoCCMRAM.lib(revup_ctrl.o)
                0x000000000800b578                RUC_SetPhaseFinalTorque
 .text.RUC_GetPhaseDurationms
                0x000000000800b584        0xc ../../MCSDK_v5.4.7/MotorControl/lib\libmc-gcc_M4_NoCCMRAM.lib(revup_ctrl.o)
                0x000000000800b584                RUC_GetPhaseDurationms
 .text.RUC_GetPhaseFinalMecSpeedUnit
                0x000000000800b590       0x10 ../../MCSDK_v5.4.7/MotorControl/lib\libmc-gcc_M4_NoCCMRAM.lib(revup_ctrl.o)
                0x000000000800b590                RUC_GetPhaseFinalMecSpeedUnit
 .text.RUC_GetPhaseFinalTorque
                0x000000000800b5a0       0x10 ../../MCSDK_v5.4.7/MotorControl/lib\libmc-gcc_M4_NoCCMRAM.lib(revup_ctrl.o)
                0x000000000800b5a0                RUC_GetPhaseFinalTorque
 .text.RUC_GetNumberOfPhases
                0x000000000800b5b0        0x8 ../../MCSDK_v5.4.7/MotorControl/lib\libmc-gcc_M4_NoCCMRAM.lib(revup_ctrl.o)
                0x000000000800b5b0                RUC_GetNumberOfPhases
 .text.__libc_init_array
                0x000000000800b5b8       0x48 c:/st/stm32cubeide_1.7.0/stm32cubeide/plugins/com.st.stm32cube.ide.mcu.externaltools.gnu-tools-for-stm32.9-2020-q2-update.win32_2.0.0.202105311346/tools/bin/../lib/gcc/arm-none-eabi/9.3.1/../../../../arm-none-eabi/lib/thumb/v7e-m+fp/hard\libc_nano.a(lib_a-init.o)
                0x000000000800b5b8                __libc_init_array
 .text.memset   0x000000000800b600       0x10 c:/st/stm32cubeide_1.7.0/stm32cubeide/plugins/com.st.stm32cube.ide.mcu.externaltools.gnu-tools-for-stm32.9-2020-q2-update.win32_2.0.0.202105311346/tools/bin/../lib/gcc/arm-none-eabi/9.3.1/../../../../arm-none-eabi/lib/thumb/v7e-m+fp/hard\libc_nano.a(lib_a-memset.o)
                0x000000000800b600                memset
 *(.glue_7)
 .glue_7        0x000000000800b610        0x0 linker stubs
 *(.glue_7t)
 .glue_7t       0x000000000800b610        0x0 linker stubs
 *(.eh_frame)
 .eh_frame      0x000000000800b610        0x0 c:/st/stm32cubeide_1.7.0/stm32cubeide/plugins/com.st.stm32cube.ide.mcu.externaltools.gnu-tools-for-stm32.9-2020-q2-update.win32_2.0.0.202105311346/tools/bin/../lib/gcc/arm-none-eabi/9.3.1/thumb/v7e-m+fp/hard/crtbegin.o
 *(.init)
 .init          0x000000000800b610        0x4 c:/st/stm32cubeide_1.7.0/stm32cubeide/plugins/com.st.stm32cube.ide.mcu.externaltools.gnu-tools-for-stm32.9-2020-q2-update.win32_2.0.0.202105311346/tools/bin/../lib/gcc/arm-none-eabi/9.3.1/thumb/v7e-m+fp/hard/crti.o
                0x000000000800b610                _init
 .init          0x000000000800b614        0x8 c:/st/stm32cubeide_1.7.0/stm32cubeide/plugins/com.st.stm32cube.ide.mcu.externaltools.gnu-tools-for-stm32.9-2020-q2-update.win32_2.0.0.202105311346/tools/bin/../lib/gcc/arm-none-eabi/9.3.1/thumb/v7e-m+fp/hard/crtn.o
 *(.fini)
 .fini          0x000000000800b61c        0x4 c:/st/stm32cubeide_1.7.0/stm32cubeide/plugins/com.st.stm32cube.ide.mcu.externaltools.gnu-tools-for-stm32.9-2020-q2-update.win32_2.0.0.202105311346/tools/bin/../lib/gcc/arm-none-eabi/9.3.1/thumb/v7e-m+fp/hard/crti.o
                0x000000000800b61c                _fini
 .fini          0x000000000800b620        0x8 c:/st/stm32cubeide_1.7.0/stm32cubeide/plugins/com.st.stm32cube.ide.mcu.externaltools.gnu-tools-for-stm32.9-2020-q2-update.win32_2.0.0.202105311346/tools/bin/../lib/gcc/arm-none-eabi/9.3.1/thumb/v7e-m+fp/hard/crtn.o
                0x000000000800b628                . = ALIGN (0x4)
                0x000000000800b628                _etext = .

.vfp11_veneer   0x000000000800b628        0x0
 .vfp11_veneer  0x000000000800b628        0x0 linker stubs

.v4_bx          0x000000000800b628        0x0
 .v4_bx         0x000000000800b628        0x0 linker stubs

.iplt           0x000000000800b628        0x0
 .iplt          0x000000000800b628        0x0 c:/st/stm32cubeide_1.7.0/stm32cubeide/plugins/com.st.stm32cube.ide.mcu.externaltools.gnu-tools-for-stm32.9-2020-q2-update.win32_2.0.0.202105311346/tools/bin/../lib/gcc/arm-none-eabi/9.3.1/thumb/v7e-m+fp/hard/crtbegin.o

.rodata         0x000000000800b628      0x150
                0x000000000800b628                . = ALIGN (0x4)
 *(.rodata)
 *(.rodata*)
 .rodata.R3_2_ParamsM1
                0x000000000800b628       0xc4 ./Application/User/mc_parameters.o
                0x000000000800b628                R3_2_ParamsM1
 .rodata.s_fwVer
                0x000000000800b6ec       0x20 ./Application/User/motorcontrol.o
                0x000000000800b6ec                s_fwVer
 .rodata.AHBPrescTable
                0x000000000800b70c       0x10 ./Drivers/CMSIS/system_stm32g4xx.o
                0x000000000800b70c                AHBPrescTable
 .rodata.APBPrescTable
                0x000000000800b71c        0x8 ./Drivers/CMSIS/system_stm32g4xx.o
                0x000000000800b71c                APBPrescTable
 .rodata.DLCtoBytes
                0x000000000800b724       0x10 ./Drivers/STM32G4xx_HAL_Driver/stm32g4xx_hal_fdcan.o
 .rodata.CSWTCH.58
                0x000000000800b734        0x3 ./Drivers/STM32G4xx_HAL_Driver/stm32g4xx_hal_uart.o
 *fill*         0x000000000800b737        0x1 
 .rodata.CSWTCH.59
                0x000000000800b738        0xd ./Drivers/STM32G4xx_HAL_Driver/stm32g4xx_hal_uart.o
 *fill*         0x000000000800b745        0x3 
 .rodata.UARTPrescTable
                0x000000000800b748       0x18 ./Drivers/STM32G4xx_HAL_Driver/stm32g4xx_hal_uart.o
                0x000000000800b748                UARTPrescTable
 .rodata.denominator.10058
                0x000000000800b760        0x8 ./Drivers/STM32G4xx_HAL_Driver/stm32g4xx_hal_uart_ex.o
 .rodata.numerator.10057
                0x000000000800b768        0x8 ./Drivers/STM32G4xx_HAL_Driver/stm32g4xx_hal_uart_ex.o
 .rodata.UFCP_Usart_Timeout_none
                0x000000000800b770        0x2 ./Middlewares/MotorControl/usart_frame_communication_protocol.o
 .rodata.UFCP_Usart_Timeout_start
                0x000000000800b772        0x2 ./Middlewares/MotorControl/usart_frame_communication_protocol.o
 .rodata.UFCP_Usart_Timeout_stop
                0x000000000800b774        0x2 ./Middlewares/MotorControl/usart_frame_communication_protocol.o
                0x000000000800b778                . = ALIGN (0x4)
 *fill*         0x000000000800b776        0x2 

.ARM.extab      0x000000000800b778        0x0
                0x000000000800b778                . = ALIGN (0x4)
 *(.ARM.extab* .gnu.linkonce.armextab.*)
                0x000000000800b778                . = ALIGN (0x4)

.ARM            0x000000000800b778        0x8
                0x000000000800b778                . = ALIGN (0x4)
                0x000000000800b778                __exidx_start = .
 *(.ARM.exidx*)
 .ARM.exidx     0x000000000800b778        0x8 c:/st/stm32cubeide_1.7.0/stm32cubeide/plugins/com.st.stm32cube.ide.mcu.externaltools.gnu-tools-for-stm32.9-2020-q2-update.win32_2.0.0.202105311346/tools/bin/../lib/gcc/arm-none-eabi/9.3.1/thumb/v7e-m+fp/hard\libgcc.a(_udivmoddi4.o)
                0x000000000800b780                __exidx_end = .
                0x000000000800b780                . = ALIGN (0x4)

.rel.dyn        0x000000000800b780        0x0
 .rel.iplt      0x000000000800b780        0x0 c:/st/stm32cubeide_1.7.0/stm32cubeide/plugins/com.st.stm32cube.ide.mcu.externaltools.gnu-tools-for-stm32.9-2020-q2-update.win32_2.0.0.202105311346/tools/bin/../lib/gcc/arm-none-eabi/9.3.1/thumb/v7e-m+fp/hard/crtbegin.o

.preinit_array  0x000000000800b780        0x0
                0x000000000800b780                . = ALIGN (0x4)
                0x000000000800b780                PROVIDE (__preinit_array_start = .)
 *(.preinit_array*)
                0x000000000800b780                PROVIDE (__preinit_array_end = .)
                0x000000000800b780                . = ALIGN (0x4)

.init_array     0x000000000800b780        0x4
                0x000000000800b780                . = ALIGN (0x4)
                0x000000000800b780                PROVIDE (__init_array_start = .)
 *(SORT_BY_NAME(.init_array.*))
 *(.init_array*)
 .init_array    0x000000000800b780        0x4 c:/st/stm32cubeide_1.7.0/stm32cubeide/plugins/com.st.stm32cube.ide.mcu.externaltools.gnu-tools-for-stm32.9-2020-q2-update.win32_2.0.0.202105311346/tools/bin/../lib/gcc/arm-none-eabi/9.3.1/thumb/v7e-m+fp/hard/crtbegin.o
                0x000000000800b784                PROVIDE (__init_array_end = .)
                0x000000000800b784                . = ALIGN (0x4)

.fini_array     0x000000000800b784        0x4
                0x000000000800b784                . = ALIGN (0x4)
                [!provide]                        PROVIDE (__fini_array_start = .)
 *(SORT_BY_NAME(.fini_array.*))
 *(.fini_array*)
 .fini_array    0x000000000800b784        0x4 c:/st/stm32cubeide_1.7.0/stm32cubeide/plugins/com.st.stm32cube.ide.mcu.externaltools.gnu-tools-for-stm32.9-2020-q2-update.win32_2.0.0.202105311346/tools/bin/../lib/gcc/arm-none-eabi/9.3.1/thumb/v7e-m+fp/hard/crtbegin.o
                [!provide]                        PROVIDE (__fini_array_end = .)
                0x000000000800b788                . = ALIGN (0x4)
                0x000000000800b788                _sidata = LOADADDR (.data)

.data           0x0000000020000000      0xde0 load address 0x000000000800b788
                0x0000000020000000                . = ALIGN (0x4)
                0x0000000020000000                _sdata = .
 *(.data)
 *(.data*)
 .data.g_calibration_speed
                0x0000000020000000        0x2 ./Application/User/main.o
                0x0000000020000000                g_calibration_speed
 .data.g_calibration_torque_limit
                0x0000000020000002        0x2 ./Application/User/main.o
                0x0000000020000002                g_calibration_torque_limit
 .data.g_can_tx_data
                0x0000000020000004        0xc ./Application/User/main.o
                0x0000000020000004                g_can_tx_data
 .data.g_current_estimated_electric_rotation
                0x0000000020000010        0x2 ./Application/User/main.o
                0x0000000020000010                g_current_estimated_electric_rotation
 .data.g_current_sector_number
                0x0000000020000012        0x2 ./Application/User/main.o
                0x0000000020000012                g_current_sector_number
 .data.g_flash_address_calibration_table
                0x0000000020000014        0x4 ./Application/User/main.o
                0x0000000020000014                g_flash_address_calibration_table
 .data.g_flash_address_configuration
                0x0000000020000018        0x4 ./Application/User/main.o
                0x0000000020000018                g_flash_address_configuration
 .data.g_joint_configuration
                0x000000002000001c      0x81e ./Application/User/main.o
                0x000000002000001c                g_joint_configuration
 .data.g_previous_sector_number
                0x000000002000083a        0x2 ./Application/User/main.o
                0x000000002000083a                g_previous_sector_number
 .data.CircleLimitationM1
                0x000000002000083c       0xb4 ./Application/User/mc_config.o
                0x000000002000083c                CircleLimitationM1
 .data.ENCODER_M1
                0x00000000200008f0       0x7c ./Application/User/mc_config.o
                0x00000000200008f0                ENCODER_M1
 .data.EncAlignCtrlM1
                0x000000002000096c       0x1c ./Application/User/mc_config.o
                0x000000002000096c                EncAlignCtrlM1
 .data.PIDIdHandle_M1
                0x0000000020000988       0x2c ./Application/User/mc_config.o
                0x0000000020000988                PIDIdHandle_M1
 .data.PIDIqHandle_M1
                0x00000000200009b4       0x2c ./Application/User/mc_config.o
                0x00000000200009b4                PIDIqHandle_M1
 .data.PIDSpeedHandle_M1
                0x00000000200009e0       0x2c ./Application/User/mc_config.o
                0x00000000200009e0                PIDSpeedHandle_M1
 .data.PQD_MotorPowMeasM1
                0x0000000020000a0c      0x114 ./Application/User/mc_config.o
                0x0000000020000a0c                PQD_MotorPowMeasM1
 .data.PWM_Handle_M1
                0x0000000020000b20       0x7c ./Application/User/mc_config.o
                0x0000000020000b20                PWM_Handle_M1
 .data.RampExtMngrHFParamsM1
                0x0000000020000b9c       0x18 ./Application/User/mc_config.o
                0x0000000020000b9c                RampExtMngrHFParamsM1
 .data.RealBusVoltageSensorParamsM1
                0x0000000020000bb4       0x28 ./Application/User/mc_config.o
                0x0000000020000bb4                RealBusVoltageSensorParamsM1
 .data.SpeednTorqCtrlM1
                0x0000000020000bdc       0x34 ./Application/User/mc_config.o
                0x0000000020000bdc                SpeednTorqCtrlM1
 .data.TempSensorParamsM1
                0x0000000020000c10       0x28 ./Application/User/mc_config.o
                0x0000000020000c10                TempSensorParamsM1
 .data.VirtualSpeedSensorM1
                0x0000000020000c38       0x38 ./Application/User/mc_config.o
                0x0000000020000c38                VirtualSpeedSensorM1
 .data.pUSART   0x0000000020000c70      0x13c ./Application/User/mc_config.o
                0x0000000020000c70                pUSART
 .data.wConfig  0x0000000020000dac        0x4 ./Application/User/motorcontrol.o
                0x0000000020000dac                wConfig
 .data.SystickDividerCounter.16618
                0x0000000020000db0        0x1 ./Application/User/stm32g4xx_mc_it.o
 *fill*         0x0000000020000db1        0x1 
 .data.bCOMATRTimeCounter
                0x0000000020000db2        0x2 ./Application/User/ui_task.o
 .data.SystemCoreClock
                0x0000000020000db4        0x4 ./Drivers/CMSIS/system_stm32g4xx.o
                0x0000000020000db4                SystemCoreClock
 .data.uwTickFreq
                0x0000000020000db8        0x4 ./Drivers/STM32G4xx_HAL_Driver/stm32g4xx_hal.o
                0x0000000020000db8                uwTickFreq
 .data.uwTickPrio
                0x0000000020000dbc        0x4 ./Drivers/STM32G4xx_HAL_Driver/stm32g4xx_hal.o
                0x0000000020000dbc                uwTickPrio
 .data.pFlash   0x0000000020000dc0       0x20 ./Drivers/STM32G4xx_HAL_Driver/stm32g4xx_hal_flash.o
                0x0000000020000dc0                pFlash
 *(.RamFunc)
 *(.RamFunc*)
                0x0000000020000de0                . = ALIGN (0x4)
                0x0000000020000de0                _edata = .

.igot.plt       0x0000000020000de0        0x0 load address 0x000000000800c568
 .igot.plt      0x0000000020000de0        0x0 c:/st/stm32cubeide_1.7.0/stm32cubeide/plugins/com.st.stm32cube.ide.mcu.externaltools.gnu-tools-for-stm32.9-2020-q2-update.win32_2.0.0.202105311346/tools/bin/../lib/gcc/arm-none-eabi/9.3.1/thumb/v7e-m+fp/hard/crtbegin.o
                0x0000000020000de0                . = ALIGN (0x4)

.bss            0x0000000020000de0      0x794 load address 0x000000000800c568
                0x0000000020000de0                _sbss = .
                0x0000000020000de0                __bss_start__ = _sbss
 *(.bss)
 .bss           0x0000000020000de0       0x1c c:/st/stm32cubeide_1.7.0/stm32cubeide/plugins/com.st.stm32cube.ide.mcu.externaltools.gnu-tools-for-stm32.9-2020-q2-update.win32_2.0.0.202105311346/tools/bin/../lib/gcc/arm-none-eabi/9.3.1/thumb/v7e-m+fp/hard/crtbegin.o
 *(.bss*)
 .bss.g_calibration_config
                0x0000000020000dfc       0x20 ./Application/User/main.o
                0x0000000020000dfc                g_calibration_config
 .bss.g_calibration_data_1_errors
                0x0000000020000e1c        0x2 ./Application/User/main.o
                0x0000000020000e1c                g_calibration_data_1_errors
 .bss.g_calibration_data_2_errors
                0x0000000020000e1e        0x2 ./Application/User/main.o
                0x0000000020000e1e                g_calibration_data_2_errors
 .bss.g_calibration_state
                0x0000000020000e20        0x1 ./Application/User/main.o
                0x0000000020000e20                g_calibration_state
 *fill*         0x0000000020000e21        0x1 
 .bss.g_can_rx_counter
                0x0000000020000e22        0x2 ./Application/User/main.o
                0x0000000020000e22                g_can_rx_counter
 .bss.g_can_rx_data
                0x0000000020000e24       0x10 ./Application/User/main.o
                0x0000000020000e24                g_can_rx_data
 .bss.g_can_tx_counter
                0x0000000020000e34        0x2 ./Application/User/main.o
                0x0000000020000e34                g_can_tx_counter
 *fill*         0x0000000020000e36        0x2 
 .bss.g_center_encoder_position
                0x0000000020000e38        0x4 ./Application/User/main.o
                0x0000000020000e38                g_center_encoder_position
 .bss.g_counter_10000hz
                0x0000000020000e3c        0x4 ./Application/User/main.o
                0x0000000020000e3c                g_counter_10000hz
 .bss.g_counter_1000hz
                0x0000000020000e40        0x4 ./Application/User/main.o
                0x0000000020000e40                g_counter_1000hz
 .bss.g_counter_100hz
                0x0000000020000e44        0x4 ./Application/User/main.o
                0x0000000020000e44                g_counter_100hz
 .bss.g_counter_10hz
                0x0000000020000e48        0x4 ./Application/User/main.o
                0x0000000020000e48                g_counter_10hz
 .bss.g_counter_1hz
                0x0000000020000e4c        0x4 ./Application/User/main.o
                0x0000000020000e4c                g_counter_1hz
 .bss.g_counter_main
                0x0000000020000e50        0x4 ./Application/User/main.o
                0x0000000020000e50                g_counter_main
 .bss.g_data    0x0000000020000e54        0x8 ./Application/User/main.o
                0x0000000020000e54                g_data
 .bss.g_fsm_status