stm32g4xx_hal_msp.c:67:6:HAL_MspInit	16	static
stm32g4xx_hal_msp.c:97:6:HAL_ADC_MspInit	64	static
stm32g4xx_hal_msp.c:173:6:HAL_ADC_MspDeInit	8	static
stm32g4xx_hal_msp.c:250:6:HAL_CORDIC_MspInit	8	static
stm32g4xx_hal_msp.c:272:6:HAL_CORDIC_MspDeInit	0	static
stm32g4xx_hal_msp.c:294:6:HAL_SPI_MspInit	48	static
stm32g4xx_hal_msp.c:352:6:HAL_SPI_MspDeInit	8	static
stm32g4xx_hal_msp.c:387:6:HAL_TIM_Base_MspInit	8	static
stm32g4xx_hal_msp.c:409:6:HAL_TIM_Encoder_MspInit	48	static
stm32g4xx_hal_msp.c:439:6:HAL_TIM_MspPostInit	48	static
stm32g4xx_hal_msp.c:484:6:HAL_TIM_Base_MspDeInit	8	static
stm32g4xx_hal_msp.c:510:6:HAL_TIM_Encoder_MspDeInit	8	static
stm32g4xx_hal_msp.c:541:6:HAL_UART_MspInit	48	static
stm32g4xx_hal_msp.c:577:6:HAL_UART_MspDeInit	8	static
