main.c:2014:9:get_sector_number_from_calibration	40	static
main.c:2069:6:motor_start	8	static
main.c:2102:6:motor_stop	4	static
main.c:2118:6:motor_reach_torque_limit	0	static
main.c:2125:6:motor_in_position	8	static
main.c:2132:6:FSM_Activate_State	0	static
main.c:2138:6:FSM_Activate_Transition	0	static
main.c:2144:6:FSM_Set_State	0	static
main.c:2235:13:FSM_Get_State	0	static
main.c:2241:6:check_calibration_data_cw	4	static
main.c:2256:6:check_calibration_data_ccw	4	static
main.c:2270:6:HAL_FDCAN_RxFifo0Callback	32	static
main.c:2356:6:MA730_ReadRegister	32	static,ignoring_inline_asm
main.c:2469:6:MA730_ReadAngle	32	static
main.c:2491:6:MA730_WriteRegister	32	static,ignoring_inline_asm
main.c:2620:6:Error_Handler	0	static,ignoring_inline_asm
main.c:494:6:SystemClock_Config	104	static,ignoring_inline_asm
main.c:1832:6:R3_2_GetPhaseCurrents	12	static
main.c:1989:6:Flash_Read_Data	0	static
main.c:2000:9:get_sector_number_from_electric_rotation_number	0	static
main.c:1132:6:HAL_TIM_PeriodElapsedCallback	80	static
main.c:417:5:main	168	static,ignoring_inline_asm
