main.c:496:6:SystemClock_Config	176	static,ignoring_inline_asm
main.c:1857:6:R3_2_GetPhaseCurrents	16	static
main.c:2014:6:Flash_Read_Data	0	static
main.c:2025:9:get_sector_number_from_electric_rotation_number	0	static
main.c:2037:9:get_sector_number_from_calibration	24	static
main.c:2087:6:motor_start	8	static
main.c:1146:6:HAL_TIM_PeriodElapsedCallback	88	static
main.c:2120:6:motor_stop	4	static
main.c:2136:6:motor_reach_torque_limit	0	static
main.c:2143:6:motor_in_position	8	static
main.c:2150:6:FSM_Activate_State	0	static
main.c:2156:6:FSM_Activate_Transition	0	static
main.c:2162:6:FSM_Set_State	0	static
main.c:2253:13:FSM_Get_State	0	static
main.c:2259:6:check_calibration_data_cw	4	static
main.c:2274:6:check_calibration_data_ccw	4	static
main.c:2288:6:HAL_FDCAN_RxFifo0Callback	32	static
main.c:2367:6:MA730_ReadRegister	32	static,ignoring_inline_asm
main.c:2480:6:MA730_ReadAngle	32	static
main.c:2502:6:MA730_WriteRegister	32	static,ignoring_inline_asm
main.c:419:5:main	168	static,ignoring_inline_asm
main.c:2631:6:Error_Handler	0	static,ignoring_inline_asm
