main.c:517:6:SystemClock_Config	176	static,ignoring_inline_asm
main.c:1875:6:R3_2_GetPhaseCurrents	16	static
main.c:2144:10:NTC_SetFaultState	0	static
main.c:2163:6:Flash_Read_Data	0	static
main.c:2174:9:get_sector_number_from_electric_rotation_number	0	static
main.c:2183:9:get_sector_number_from_ma730	24	static
main.c:2279:6:motor_start	8	static
main.c:1167:6:HAL_TIM_PeriodElapsedCallback	80	static
main.c:2312:6:motor_stop	4	static
main.c:2333:6:motor_reach_torque_limit	0	static
main.c:2340:6:motor_in_position	8	static
main.c:2347:6:FSM_Activate_State	0	static
main.c:2353:6:FSM_Activate_Transition	0	static
main.c:2359:6:FSM_Set_State	0	static
main.c:2450:13:FSM_Get_State	0	static
main.c:2456:6:check_calibration_data_cw	4	static
main.c:2471:6:check_calibration_data_ccw	4	static
main.c:2485:6:HAL_FDCAN_RxFifo0Callback	32	static
main.c:2564:6:MA730_ReadRegister	32	static,ignoring_inline_asm
main.c:2677:6:MA730_ReadAngle	32	static
main.c:2699:6:MA730_WriteRegister	32	static,ignoring_inline_asm
main.c:435:5:main	168	static,ignoring_inline_asm
main.c:2828:6:Error_Handler	0	static,ignoring_inline_asm
