mc_tasks.c:548:13:FOC_Clear	24	static
mc_tasks.c:124:13:MCboot	64	static
mc_tasks.c:584:13:FOC_InitAdditionalMethods	0	static
mc_tasks.c:601:13:FOC_CalcCurrRef	8	static
mc_tasks.c:624:13:TSK_SetChargeBootCapDelayM1	0	static
mc_tasks.c:635:13:TSK_ChargeBootCapDelayHasElapsedM1	0	static
mc_tasks.c:651:13:TSK_SetStopPermanencyTimeM1	0	static
mc_tasks.c:662:13:TSK_StopPermanencyTimeHasElapsedM1	0	static
mc_tasks.c:330:13:TSK_MediumFrequencyTaskM1	16	static
mc_tasks.c:285:13:MC_Scheduler	16	static
mc_tasks.c:687:16:TSK_HighFrequencyTask	48	static
mc_tasks.c:801:13:TSK_SafetyTask_PWMOFF	24	static
mc_tasks.c:853:13:TSK_SafetyTask_LSON	24	static
mc_tasks.c:779:13:TSK_SafetyTask	8	static
mc_tasks.c:265:13:MC_RunMotorControlTasks	8	static
mc_tasks.c:948:23:GetMCI	0	static
mc_tasks.c:967:22:GetMCT	0	static
mc_tasks.c:983:13:TSK_HardwareFaultTask	8	static
mc_tasks.c:998:13:mc_lock_pins	80	static
