stm32g4xx_hal_msp.c:67:6:HAL_MspInit	16	static
stm32g4xx_hal_msp.c:97:6:HAL_ADC_MspInit	128	static
stm32g4xx_hal_msp.c:193:6:HAL_ADC_MspDeInit	8	static
stm32g4xx_hal_msp.c:270:6:HAL_CORDIC_MspInit	8	static
stm32g4xx_hal_msp.c:292:6:HAL_CORDIC_MspDeInit	0	static
stm32g4xx_hal_msp.c:314:6:HAL_FDCAN_MspInit	112	static
stm32g4xx_hal_msp.c:363:6:HAL_FDCAN_MspDeInit	8	static
stm32g4xx_hal_msp.c:394:6:HAL_SPI_MspInit	48	static
stm32g4xx_hal_msp.c:452:6:HAL_SPI_MspDeInit	8	static
stm32g4xx_hal_msp.c:487:6:HAL_TIM_Base_MspInit	16	static
stm32g4xx_hal_msp.c:523:6:HAL_TIM_Encoder_MspInit	48	static
stm32g4xx_hal_msp.c:553:6:HAL_TIM_MspPostInit	48	static
stm32g4xx_hal_msp.c:605:6:HAL_TIM_Base_MspDeInit	8	static
stm32g4xx_hal_msp.c:645:6:HAL_TIM_Encoder_MspDeInit	8	static
stm32g4xx_hal_msp.c:676:6:HAL_UART_MspInit	112	static
stm32g4xx_hal_msp.c:722:6:HAL_UART_MspDeInit	8	static
