stm32g4xx_hal_msp.c:67:6:HAL_MspInit	16	static
stm32g4xx_hal_msp.c:97:6:HAL_ADC_MspInit	64	static
stm32g4xx_hal_msp.c:173:6:HAL_ADC_MspDeInit	8	static
stm32g4xx_hal_msp.c:250:6:HAL_CORDIC_MspInit	8	static
stm32g4xx_hal_msp.c:272:6:HAL_CORDIC_MspDeInit	0	static
stm32g4xx_hal_msp.c:294:6:HAL_FDCAN_MspInit	48	static
stm32g4xx_hal_msp.c:333:6:HAL_FDCAN_MspDeInit	8	static
stm32g4xx_hal_msp.c:364:6:HAL_SPI_MspInit	48	static
stm32g4xx_hal_msp.c:422:6:HAL_SPI_MspDeInit	8	static
stm32g4xx_hal_msp.c:457:6:HAL_TIM_Base_MspInit	16	static
stm32g4xx_hal_msp.c:493:6:HAL_TIM_Encoder_MspInit	48	static
stm32g4xx_hal_msp.c:523:6:HAL_TIM_MspPostInit	48	static
stm32g4xx_hal_msp.c:575:6:HAL_TIM_Base_MspDeInit	8	static
stm32g4xx_hal_msp.c:615:6:HAL_TIM_Encoder_MspDeInit	8	static
stm32g4xx_hal_msp.c:646:6:HAL_UART_MspInit	48	static
stm32g4xx_hal_msp.c:682:6:HAL_UART_MspDeInit	8	static
