main.c:631:9:get_sector_number_from_calibration	40	static
main.c:685:6:Flash_Read_Data	0	static
main.c:696:6:Read_MC_Encoder_10kHz	0	static
main.c:712:6:Read_MC_Encoder_1kHz	12	static
main.c:746:6:Read_MC_Torque	16	static
main.c:753:6:Read_MC_State	8	static
main.c:763:6:Update_Data_From_MC	40	static
main.c:794:6:CheckErrorsAndWarnings	0	static
main.c:854:6:FSM_Action	0	static
main.c:858:6:HAL_SPI_TxRxCpltCallback	8	static,ignoring_inline_asm
main.c:879:6:HAL_TIM_PeriodElapsedCallback	104	static
main.c:1435:6:HAL_FDCAN_RxFifo0Callback	32	static
main.c:1608:6:FSM_Activate_State	0	static
main.c:1614:6:FSM_Activate_Transition	0	static
main.c:1620:6:FSM_Set_State	0	static
main.c:1711:13:FSM_Get_State	0	static
main.c:1852:6:R3_2_GetPhaseCurrents	12	static
main.c:2014:6:Error_Handler	0	static,ignoring_inline_asm
main.c:418:6:SystemClock_Config	176	static,ignoring_inline_asm
main.c:355:5:main	8	static
main.c:493:6:motor_start	8	static
main.c:565:6:motor_stop	8	static
main.c:585:6:motor_reach_torque_limit	0	static
main.c:592:6:motor_in_position	8	static
main.c:599:6:check_calibration_data_cw	4	static
main.c:614:6:check_calibration_data_ccw	4	static
