main.c:2026:9:get_sector_number_from_calibration	40	static
main.c:2081:6:motor_start	8	static
main.c:2114:6:motor_stop	4	static
main.c:2130:6:motor_reach_torque_limit	0	static
main.c:2137:6:motor_in_position	8	static
main.c:2144:6:FSM_Activate_State	0	static
main.c:2150:6:FSM_Activate_Transition	0	static
main.c:2156:6:FSM_Set_State	0	static
main.c:2247:13:FSM_Get_State	0	static
main.c:2253:6:check_calibration_data_cw	4	static
main.c:2268:6:check_calibration_data_ccw	4	static
main.c:2282:6:HAL_FDCAN_RxFifo0Callback	32	static
main.c:2368:6:MA730_ReadRegister	32	static,ignoring_inline_asm
main.c:2481:6:MA730_ReadAngle	32	static
main.c:2503:6:MA730_WriteRegister	32	static,ignoring_inline_asm
main.c:2632:6:Error_Handler	0	static,ignoring_inline_asm
main.c:494:6:SystemClock_Config	176	static,ignoring_inline_asm
main.c:1844:6:R3_2_GetPhaseCurrents	12	static
main.c:2001:6:Flash_Read_Data	0	static
main.c:2012:9:get_sector_number_from_electric_rotation_number	0	static
main.c:1144:6:HAL_TIM_PeriodElapsedCallback	80	static
main.c:417:5:main	168	static,ignoring_inline_asm
